--------------------------------------------------------------------------------
Release 14.2 Trace  (nt)
Copyright (c) 1995-2012 Xilinx, Inc.  All rights reserved.

D:\Xilinx\14.2\ISE_DS\ISE\bin\nt\unwrapped\trce.exe -intstyle ise -v 3 -s 3 -n
3 -fastpaths -xml bus_test.twx bus_test.ncd -o bus_test.twr bus_test.pcf -ucf
flash.ucf -ucf ram.ucf -ucf led.ucf -ucf com.ucf -ucf bus.ucf -ucf segdisp.ucf
-ucf key.ucf

Design file:              bus_test.ncd
Physical constraint file: bus_test.pcf
Device,package,speed:     xc6slx100,fgg676,C,-3 (PRODUCTION 1.22 2012-07-09)
Report level:             verbose report

Environment Variable      Effect 
--------------------      ------ 
NONE                      No environment variables were set
--------------------------------------------------------------------------------

INFO:Timing:2698 - No timing constraints found, doing default enumeration.
INFO:Timing:3412 - To improve timing, see the Timing Closure User Guide (UG612).
INFO:Timing:2752 - To get complete path coverage, use the unconstrained paths 
   option. All paths that are not constrained will be reported in the 
   unconstrained paths section(s) of the report.
INFO:Timing:3339 - The clock-to-out numbers in this timing report are based on 
   a 50 Ohm transmission line loading model.  For the details of this model, 
   and for more information on accounting for different loading conditions, 
   please see the device datasheet.



Data Sheet report:
-----------------
All values displayed in nanoseconds (ns)

Setup/Hold to clock clk
----------------+------------+------------+------------+------------+------------------+--------+
                |Max Setup to|  Process   |Max Hold to |  Process   |                  | Clock  |
Source          | clk (edge) |   Corner   | clk (edge) |   Corner   |Internal Clock(s) | Phase  |
----------------+------------+------------+------------+------------+------------------+--------+
baseram_data<0> |    3.668(R)|      SLOW  |   -2.274(R)|      FAST  |clk_BUFGP         |   0.000|
baseram_data<1> |    1.771(R)|      SLOW  |   -1.119(R)|      FAST  |clk_BUFGP         |   0.000|
baseram_data<2> |    2.006(R)|      SLOW  |   -1.281(R)|      FAST  |clk_BUFGP         |   0.000|
baseram_data<3> |    1.729(R)|      SLOW  |   -1.088(R)|      SLOW  |clk_BUFGP         |   0.000|
baseram_data<4> |    1.043(R)|      FAST  |   -0.385(R)|      SLOW  |clk_BUFGP         |   0.000|
baseram_data<5> |    2.954(R)|      SLOW  |   -1.831(R)|      FAST  |clk_BUFGP         |   0.000|
baseram_data<6> |    4.345(R)|      SLOW  |   -2.682(R)|      FAST  |clk_BUFGP         |   0.000|
baseram_data<7> |    1.562(R)|      SLOW  |   -0.928(R)|      SLOW  |clk_BUFGP         |   0.000|
baseram_data<8> |    6.811(R)|      SLOW  |   -4.153(R)|      FAST  |clk_BUFGP         |   0.000|
baseram_data<9> |    6.401(R)|      SLOW  |   -3.903(R)|      FAST  |clk_BUFGP         |   0.000|
baseram_data<10>|    7.020(R)|      SLOW  |   -4.405(R)|      FAST  |clk_BUFGP         |   0.000|
baseram_data<11>|    6.272(R)|      SLOW  |   -3.790(R)|      FAST  |clk_BUFGP         |   0.000|
baseram_data<12>|    5.148(R)|      SLOW  |   -3.121(R)|      FAST  |clk_BUFGP         |   0.000|
baseram_data<13>|    6.080(R)|      SLOW  |   -3.739(R)|      FAST  |clk_BUFGP         |   0.000|
baseram_data<14>|    6.051(R)|      SLOW  |   -3.721(R)|      FAST  |clk_BUFGP         |   0.000|
com_RxD         |    2.003(R)|      SLOW  |   -1.351(R)|      SLOW  |clk_BUFGP         |   0.000|
flash_data<0>   |    4.563(R)|      SLOW  |   -2.767(R)|      FAST  |clk_BUFGP         |   0.000|
flash_data<1>   |    4.118(R)|      SLOW  |   -2.488(R)|      FAST  |clk_BUFGP         |   0.000|
flash_data<2>   |    4.160(R)|      SLOW  |   -2.517(R)|      FAST  |clk_BUFGP         |   0.000|
flash_data<3>   |    5.906(R)|      SLOW  |   -3.600(R)|      FAST  |clk_BUFGP         |   0.000|
flash_data<4>   |    7.328(R)|      SLOW  |   -4.542(R)|      FAST  |clk_BUFGP         |   0.000|
flash_data<5>   |    5.811(R)|      SLOW  |   -3.563(R)|      FAST  |clk_BUFGP         |   0.000|
flash_data<6>   |    5.263(R)|      SLOW  |   -3.236(R)|      FAST  |clk_BUFGP         |   0.000|
flash_data<7>   |    4.691(R)|      SLOW  |   -0.074(R)|      SLOW  |clk_BUFGP         |   0.000|
flash_data<8>   |    3.615(R)|      SLOW  |   -2.282(R)|      FAST  |clk_BUFGP         |   0.000|
flash_data<9>   |    3.101(R)|      SLOW  |   -1.988(R)|      FAST  |clk_BUFGP         |   0.000|
flash_data<10>  |    4.161(R)|      SLOW  |   -2.708(R)|      FAST  |clk_BUFGP         |   0.000|
flash_data<11>  |    4.817(R)|      SLOW  |   -3.032(R)|      FAST  |clk_BUFGP         |   0.000|
flash_data<12>  |    3.063(R)|      SLOW  |   -2.019(R)|      FAST  |clk_BUFGP         |   0.000|
flash_data<13>  |    3.254(R)|      SLOW  |   -2.151(R)|      FAST  |clk_BUFGP         |   0.000|
flash_data<14>  |    2.799(R)|      SLOW  |   -1.861(R)|      FAST  |clk_BUFGP         |   0.000|
rst             |    5.204(R)|      SLOW  |   -1.483(R)|      FAST  |clk_BUFGP         |   0.000|
sw_dip<0>       |    6.656(R)|      SLOW  |   -2.575(R)|      FAST  |clk_BUFGP         |   0.000|
sw_dip<1>       |    4.150(R)|      SLOW  |   -1.491(R)|      FAST  |clk_BUFGP         |   0.000|
sw_dip<2>       |    4.624(R)|      SLOW  |   -1.264(R)|      FAST  |clk_BUFGP         |   0.000|
sw_dip<3>       |    4.332(R)|      SLOW  |   -1.191(R)|      FAST  |clk_BUFGP         |   0.000|
sw_dip<4>       |    4.540(R)|      SLOW  |   -1.121(R)|      SLOW  |clk_BUFGP         |   0.000|
sw_dip<5>       |    4.604(R)|      SLOW  |   -1.191(R)|      SLOW  |clk_BUFGP         |   0.000|
sw_dip<6>       |    3.458(R)|      SLOW  |   -1.873(R)|      FAST  |clk_BUFGP         |   0.000|
sw_dip<7>       |    4.192(R)|      SLOW  |   -0.884(R)|      SLOW  |clk_BUFGP         |   0.000|
sw_dip<8>       |    2.289(R)|      SLOW  |   -0.776(R)|      SLOW  |clk_BUFGP         |   0.000|
sw_dip<9>       |    3.555(R)|      SLOW  |   -1.456(R)|      FAST  |clk_BUFGP         |   0.000|
sw_dip<10>      |    4.130(R)|      SLOW  |   -1.752(R)|      FAST  |clk_BUFGP         |   0.000|
sw_dip<11>      |    3.904(R)|      SLOW  |   -1.582(R)|      FAST  |clk_BUFGP         |   0.000|
sw_dip<12>      |    3.566(R)|      SLOW  |   -1.901(R)|      FAST  |clk_BUFGP         |   0.000|
sw_dip<13>      |    3.716(R)|      SLOW  |   -1.786(R)|      FAST  |clk_BUFGP         |   0.000|
sw_dip<14>      |    4.586(R)|      SLOW  |   -2.340(R)|      FAST  |clk_BUFGP         |   0.000|
sw_dip<15>      |    2.111(R)|      SLOW  |   -0.679(R)|      SLOW  |clk_BUFGP         |   0.000|
sw_dip<16>      |    8.695(R)|      SLOW  |   -1.602(R)|      FAST  |clk_BUFGP         |   0.000|
sw_dip<17>      |    8.958(R)|      SLOW  |   -2.308(R)|      FAST  |clk_BUFGP         |   0.000|
sw_dip<18>      |   11.687(R)|      SLOW  |   -3.818(R)|      FAST  |clk_BUFGP         |   0.000|
sw_dip<19>      |   10.206(R)|      SLOW  |   -3.292(R)|      FAST  |clk_BUFGP         |   0.000|
sw_dip<20>      |   10.630(R)|      SLOW  |   -2.741(R)|      FAST  |clk_BUFGP         |   0.000|
sw_dip<21>      |    8.298(R)|      SLOW  |   -1.884(R)|      FAST  |clk_BUFGP         |   0.000|
sw_dip<22>      |    8.246(R)|      SLOW  |   -1.998(R)|      FAST  |clk_BUFGP         |   0.000|
sw_dip<23>      |    9.198(R)|      SLOW  |   -1.813(R)|      FAST  |clk_BUFGP         |   0.000|
sw_dip<31>      |    3.945(R)|      SLOW  |   -1.617(R)|      FAST  |clk_BUFGP         |   0.000|
----------------+------------+------------+------------+------------+------------------+--------+

Clock clk to Pad
----------------+-----------------+------------+-----------------+------------+------------------+--------+
                |Max (slowest) clk|  Process   |Min (fastest) clk|  Process   |                  | Clock  |
Destination     |  (edge) to PAD  |   Corner   |  (edge) to PAD  |   Corner   |Internal Clock(s) | Phase  |
----------------+-----------------+------------+-----------------+------------+------------------+--------+
baseram_addr<0> |         8.664(R)|      SLOW  |         4.651(R)|      FAST  |clk_BUFGP         |   0.000|
baseram_addr<1> |         8.509(R)|      SLOW  |         4.567(R)|      FAST  |clk_BUFGP         |   0.000|
baseram_addr<2> |         8.401(R)|      SLOW  |         4.502(R)|      FAST  |clk_BUFGP         |   0.000|
baseram_addr<3> |         8.475(R)|      SLOW  |         4.522(R)|      FAST  |clk_BUFGP         |   0.000|
baseram_addr<4> |         8.326(R)|      SLOW  |         4.450(R)|      FAST  |clk_BUFGP         |   0.000|
baseram_addr<5> |        12.461(R)|      SLOW  |         6.873(R)|      FAST  |clk_BUFGP         |   0.000|
baseram_addr<6> |        12.643(R)|      SLOW  |         7.003(R)|      FAST  |clk_BUFGP         |   0.000|
baseram_addr<7> |        12.499(R)|      SLOW  |         6.918(R)|      FAST  |clk_BUFGP         |   0.000|
baseram_ce      |         8.327(R)|      SLOW  |         4.412(R)|      FAST  |clk_BUFGP         |   0.000|
baseram_data<0> |        12.661(R)|      SLOW  |         5.687(R)|      FAST  |clk_BUFGP         |   0.000|
baseram_data<1> |        15.816(R)|      SLOW  |         4.484(R)|      FAST  |clk_BUFGP         |   0.000|
baseram_data<2> |        15.093(R)|      SLOW  |         4.727(R)|      FAST  |clk_BUFGP         |   0.000|
baseram_data<3> |        15.455(R)|      SLOW  |         4.506(R)|      FAST  |clk_BUFGP         |   0.000|
baseram_data<4> |        16.163(R)|      SLOW  |         4.491(R)|      FAST  |clk_BUFGP         |   0.000|
baseram_data<5> |        13.061(R)|      SLOW  |         5.535(R)|      FAST  |clk_BUFGP         |   0.000|
baseram_data<6> |        11.516(R)|      SLOW  |         6.127(R)|      FAST  |clk_BUFGP         |   0.000|
baseram_data<7> |        15.455(R)|      SLOW  |         4.503(R)|      FAST  |clk_BUFGP         |   0.000|
baseram_data<8> |        12.662(R)|      SLOW  |         6.883(R)|      FAST  |clk_BUFGP         |   0.000|
baseram_data<9> |        12.133(R)|      SLOW  |         6.567(R)|      FAST  |clk_BUFGP         |   0.000|
baseram_data<10>|        12.371(R)|      SLOW  |         6.720(R)|      FAST  |clk_BUFGP         |   0.000|
baseram_data<11>|        12.823(R)|      SLOW  |         7.035(R)|      FAST  |clk_BUFGP         |   0.000|
baseram_data<12>|        12.823(R)|      SLOW  |         7.035(R)|      FAST  |clk_BUFGP         |   0.000|
baseram_data<13>|        13.701(R)|      SLOW  |         7.557(R)|      FAST  |clk_BUFGP         |   0.000|
baseram_data<14>|        13.701(R)|      SLOW  |         7.557(R)|      FAST  |clk_BUFGP         |   0.000|
baseram_data<15>|        13.466(R)|      SLOW  |         7.427(R)|      FAST  |clk_BUFGP         |   0.000|
baseram_data<16>|        11.815(R)|      SLOW  |         6.398(R)|      FAST  |clk_BUFGP         |   0.000|
baseram_data<17>|        11.815(R)|      SLOW  |         6.398(R)|      FAST  |clk_BUFGP         |   0.000|
baseram_data<18>|        12.256(R)|      SLOW  |         6.663(R)|      FAST  |clk_BUFGP         |   0.000|
baseram_data<19>|        12.256(R)|      SLOW  |         6.663(R)|      FAST  |clk_BUFGP         |   0.000|
baseram_data<20>|        14.493(R)|      SLOW  |         8.004(R)|      FAST  |clk_BUFGP         |   0.000|
baseram_data<21>|        14.493(R)|      SLOW  |         8.004(R)|      FAST  |clk_BUFGP         |   0.000|
baseram_data<22>|        15.816(R)|      SLOW  |         8.819(R)|      FAST  |clk_BUFGP         |   0.000|
baseram_data<23>|        15.093(R)|      SLOW  |         8.376(R)|      FAST  |clk_BUFGP         |   0.000|
baseram_data<24>|        13.376(R)|      SLOW  |         7.367(R)|      FAST  |clk_BUFGP         |   0.000|
baseram_data<25>|        13.376(R)|      SLOW  |         7.367(R)|      FAST  |clk_BUFGP         |   0.000|
baseram_data<26>|        12.371(R)|      SLOW  |         6.720(R)|      FAST  |clk_BUFGP         |   0.000|
baseram_data<27>|        12.350(R)|      SLOW  |         6.720(R)|      FAST  |clk_BUFGP         |   0.000|
baseram_data<28>|        12.350(R)|      SLOW  |         6.720(R)|      FAST  |clk_BUFGP         |   0.000|
baseram_data<29>|        12.115(R)|      SLOW  |         6.546(R)|      FAST  |clk_BUFGP         |   0.000|
baseram_data<30>|        12.338(R)|      SLOW  |         6.705(R)|      FAST  |clk_BUFGP         |   0.000|
baseram_data<31>|        12.338(R)|      SLOW  |         6.705(R)|      FAST  |clk_BUFGP         |   0.000|
baseram_oe      |        11.978(R)|      SLOW  |         6.600(R)|      FAST  |clk_BUFGP         |   0.000|
baseram_we      |        10.523(R)|      SLOW  |         5.898(R)|      FAST  |clk_BUFGP         |   0.000|
com_TxD         |        11.151(R)|      SLOW  |         5.712(R)|      FAST  |clk_BUFGP         |   0.000|
flash_addr<1>   |        12.982(R)|      SLOW  |         5.616(R)|      FAST  |clk_BUFGP         |   0.000|
flash_addr<2>   |        13.496(R)|      SLOW  |         5.844(R)|      FAST  |clk_BUFGP         |   0.000|
flash_addr<3>   |        13.101(R)|      SLOW  |         5.472(R)|      FAST  |clk_BUFGP         |   0.000|
flash_addr<4>   |        13.214(R)|      SLOW  |         5.858(R)|      FAST  |clk_BUFGP         |   0.000|
flash_addr<5>   |        13.448(R)|      SLOW  |         5.818(R)|      FAST  |clk_BUFGP         |   0.000|
flash_addr<6>   |        13.549(R)|      SLOW  |         5.622(R)|      FAST  |clk_BUFGP         |   0.000|
flash_addr<7>   |        13.446(R)|      SLOW  |         5.480(R)|      FAST  |clk_BUFGP         |   0.000|
flash_addr<8>   |        13.395(R)|      SLOW  |         5.811(R)|      FAST  |clk_BUFGP         |   0.000|
flash_ctl<0>    |         7.300(R)|      SLOW  |         3.825(R)|      FAST  |clk_BUFGP         |   0.000|
flash_ctl<3>    |         7.101(R)|      SLOW  |         3.672(R)|      FAST  |clk_BUFGP         |   0.000|
flash_data<0>   |         9.632(R)|      SLOW  |         4.679(R)|      FAST  |clk_BUFGP         |   0.000|
flash_data<1>   |         9.052(R)|      SLOW  |         4.412(R)|      FAST  |clk_BUFGP         |   0.000|
flash_data<2>   |         8.028(R)|      SLOW  |         3.702(R)|      FAST  |clk_BUFGP         |   0.000|
flash_data<3>   |         9.437(R)|      SLOW  |         4.560(R)|      FAST  |clk_BUFGP         |   0.000|
flash_data<4>   |        10.870(R)|      SLOW  |         5.298(R)|      FAST  |clk_BUFGP         |   0.000|
flash_data<5>   |         8.851(R)|      SLOW  |         4.315(R)|      FAST  |clk_BUFGP         |   0.000|
flash_data<6>   |         8.481(R)|      SLOW  |         4.077(R)|      FAST  |clk_BUFGP         |   0.000|
flash_data<7>   |         8.098(R)|      SLOW  |         3.841(R)|      FAST  |clk_BUFGP         |   0.000|
flash_data<8>   |         7.737(R)|      SLOW  |         4.012(R)|      FAST  |clk_BUFGP         |   0.000|
flash_data<9>   |         9.052(R)|      SLOW  |         4.831(R)|      FAST  |clk_BUFGP         |   0.000|
flash_data<10>  |         9.827(R)|      SLOW  |         5.302(R)|      FAST  |clk_BUFGP         |   0.000|
flash_data<11>  |        11.247(R)|      SLOW  |         6.157(R)|      FAST  |clk_BUFGP         |   0.000|
flash_data<12>  |         9.012(R)|      SLOW  |         4.803(R)|      FAST  |clk_BUFGP         |   0.000|
flash_data<13>  |         8.851(R)|      SLOW  |         4.706(R)|      FAST  |clk_BUFGP         |   0.000|
flash_data<14>  |         8.098(R)|      SLOW  |         4.233(R)|      FAST  |clk_BUFGP         |   0.000|
flash_data<15>  |         7.737(R)|      SLOW  |         4.012(R)|      FAST  |clk_BUFGP         |   0.000|
led<0>          |         9.608(R)|      SLOW  |         5.392(R)|      FAST  |clk_BUFGP         |   0.000|
led<1>          |         9.858(R)|      SLOW  |         5.496(R)|      FAST  |clk_BUFGP         |   0.000|
led<2>          |        10.821(R)|      SLOW  |         6.098(R)|      FAST  |clk_BUFGP         |   0.000|
led<3>          |        10.900(R)|      SLOW  |         6.128(R)|      FAST  |clk_BUFGP         |   0.000|
led<4>          |         8.595(R)|      SLOW  |         4.585(R)|      FAST  |clk_BUFGP         |   0.000|
led<5>          |         8.288(R)|      SLOW  |         4.403(R)|      FAST  |clk_BUFGP         |   0.000|
led<6>          |         8.759(R)|      SLOW  |         4.683(R)|      FAST  |clk_BUFGP         |   0.000|
led<7>          |         9.703(R)|      SLOW  |         5.389(R)|      FAST  |clk_BUFGP         |   0.000|
led<8>          |        11.763(R)|      SLOW  |         6.627(R)|      FAST  |clk_BUFGP         |   0.000|
led<9>          |        10.961(R)|      SLOW  |         6.069(R)|      FAST  |clk_BUFGP         |   0.000|
led<10>         |         9.000(R)|      SLOW  |         4.907(R)|      FAST  |clk_BUFGP         |   0.000|
led<11>         |         9.000(R)|      SLOW  |         4.907(R)|      FAST  |clk_BUFGP         |   0.000|
led<12>         |         9.553(R)|      SLOW  |         5.239(R)|      FAST  |clk_BUFGP         |   0.000|
led<13>         |         9.387(R)|      SLOW  |         5.147(R)|      FAST  |clk_BUFGP         |   0.000|
led<14>         |         9.045(R)|      SLOW  |         4.935(R)|      FAST  |clk_BUFGP         |   0.000|
led<15>         |        11.478(R)|      SLOW  |         6.470(R)|      FAST  |clk_BUFGP         |   0.000|
segdisp0<0>     |        12.527(R)|      SLOW  |         6.720(R)|      FAST  |clk_BUFGP         |   0.000|
segdisp0<1>     |        12.101(R)|      SLOW  |         6.675(R)|      FAST  |clk_BUFGP         |   0.000|
segdisp0<2>     |        11.804(R)|      SLOW  |         6.411(R)|      FAST  |clk_BUFGP         |   0.000|
segdisp0<3>     |        12.385(R)|      SLOW  |         6.808(R)|      FAST  |clk_BUFGP         |   0.000|
segdisp0<4>     |        12.330(R)|      SLOW  |         6.771(R)|      FAST  |clk_BUFGP         |   0.000|
segdisp0<5>     |        12.453(R)|      SLOW  |         6.698(R)|      FAST  |clk_BUFGP         |   0.000|
segdisp0<6>     |        11.868(R)|      SLOW  |         6.465(R)|      FAST  |clk_BUFGP         |   0.000|
segdisp1<0>     |        13.271(R)|      SLOW  |         7.359(R)|      FAST  |clk_BUFGP         |   0.000|
segdisp1<1>     |        13.264(R)|      SLOW  |         7.176(R)|      FAST  |clk_BUFGP         |   0.000|
segdisp1<2>     |        13.057(R)|      SLOW  |         7.150(R)|      FAST  |clk_BUFGP         |   0.000|
segdisp1<3>     |        13.226(R)|      SLOW  |         7.313(R)|      FAST  |clk_BUFGP         |   0.000|
segdisp1<4>     |        13.152(R)|      SLOW  |         7.250(R)|      FAST  |clk_BUFGP         |   0.000|
segdisp1<5>     |        13.193(R)|      SLOW  |         7.296(R)|      FAST  |clk_BUFGP         |   0.000|
segdisp1<6>     |        12.337(R)|      SLOW  |         6.727(R)|      FAST  |clk_BUFGP         |   0.000|
----------------+-----------------+------------+-----------------+------------+------------------+--------+

Clock to Setup on destination clock clk
---------------+---------+---------+---------+---------+
               | Src:Rise| Src:Fall| Src:Rise| Src:Fall|
Source Clock   |Dest:Rise|Dest:Rise|Dest:Fall|Dest:Fall|
---------------+---------+---------+---------+---------+
clk            |    5.283|         |         |         |
---------------+---------+---------+---------+---------+


Analysis completed Wed Dec 02 20:46:54 2015 
--------------------------------------------------------------------------------

Trace Settings:
-------------------------
Trace Settings 

Peak Memory Usage: 263 MB



