--------------------------------------------------------------------------------
Release 14.2 Trace  (nt)
Copyright (c) 1995-2012 Xilinx, Inc.  All rights reserved.

D:\Xilinx\14.2\ISE_DS\ISE\bin\nt\unwrapped\trce.exe -intstyle ise -v 3 -s 3 -n
3 -fastpaths -xml bus_test.twx bus_test.ncd -o bus_test.twr bus_test.pcf -ucf
segdisp.ucf -ucf ram.ucf -ucf led.ucf -ucf key.ucf -ucf flash.ucf -ucf com.ucf
-ucf bus.ucf

Design file:              bus_test.ncd
Physical constraint file: bus_test.pcf
Device,package,speed:     xc6slx100,fgg676,C,-3 (PRODUCTION 1.22 2012-07-09)
Report level:             verbose report

Environment Variable      Effect 
--------------------      ------ 
NONE                      No environment variables were set
--------------------------------------------------------------------------------

INFO:Timing:2698 - No timing constraints found, doing default enumeration.
INFO:Timing:3412 - To improve timing, see the Timing Closure User Guide (UG612).
INFO:Timing:2752 - To get complete path coverage, use the unconstrained paths 
   option. All paths that are not constrained will be reported in the 
   unconstrained paths section(s) of the report.
INFO:Timing:3339 - The clock-to-out numbers in this timing report are based on 
   a 50 Ohm transmission line loading model.  For the details of this model, 
   and for more information on accounting for different loading conditions, 
   please see the device datasheet.



Data Sheet report:
-----------------
All values displayed in nanoseconds (ns)

Setup/Hold to clock clk
------------+------------+------------+------------+------------+------------------+--------+
            |Max Setup to|  Process   |Max Hold to |  Process   |                  | Clock  |
Source      | clk (edge) |   Corner   | clk (edge) |   Corner   |Internal Clock(s) | Phase  |
------------+------------+------------+------------+------------+------------------+--------+
com_RxD     |    2.230(R)|      SLOW  |   -1.498(R)|      FAST  |clk_BUFGP         |   0.000|
rst         |    4.472(R)|      SLOW  |   -1.766(R)|      FAST  |clk_BUFGP         |   0.000|
sw_dip<8>   |    3.122(R)|      SLOW  |   -1.963(R)|      FAST  |clk_BUFGP         |   0.000|
sw_dip<9>   |    1.748(R)|      SLOW  |   -1.100(R)|      SLOW  |clk_BUFGP         |   0.000|
sw_dip<10>  |    1.802(R)|      SLOW  |   -1.126(R)|      FAST  |clk_BUFGP         |   0.000|
sw_dip<11>  |    1.567(R)|      SLOW  |   -0.931(R)|      SLOW  |clk_BUFGP         |   0.000|
sw_dip<12>  |    2.086(R)|      SLOW  |   -1.331(R)|      FAST  |clk_BUFGP         |   0.000|
sw_dip<13>  |    1.985(R)|      SLOW  |   -1.246(R)|      FAST  |clk_BUFGP         |   0.000|
sw_dip<14>  |    6.318(R)|      SLOW  |   -3.894(R)|      FAST  |clk_BUFGP         |   0.000|
sw_dip<15>  |    3.821(R)|      SLOW  |   -2.422(R)|      FAST  |clk_BUFGP         |   0.000|
sw_dip<31>  |    3.301(R)|      SLOW  |   -1.522(R)|      FAST  |clk_BUFGP         |   0.000|
------------+------------+------------+------------+------------+------------------+--------+

Setup/Hold to clock sw_dip<16>
--------------+------------+------------+------------+------------+--------------------+--------+
              |Max Setup to|  Process   |Max Hold to |  Process   |                    | Clock  |
Source        | clk (edge) |   Corner   | clk (edge) |   Corner   |Internal Clock(s)   | Phase  |
--------------+------------+------------+------------+------------+--------------------+--------+
flash_data<0> |    0.226(F)|      FAST  |    2.888(F)|      SLOW  |bus_top0/bus0/_n0072|   0.000|
flash_data<1> |   -0.748(F)|      FAST  |    4.403(F)|      SLOW  |bus_top0/bus0/_n0072|   0.000|
flash_data<2> |   -1.125(F)|      FAST  |    4.876(F)|      SLOW  |bus_top0/bus0/_n0072|   0.000|
flash_data<3> |   -0.116(F)|      FAST  |    3.402(F)|      SLOW  |bus_top0/bus0/_n0072|   0.000|
flash_data<4> |    0.431(F)|      SLOW  |    2.672(F)|      SLOW  |bus_top0/bus0/_n0072|   0.000|
flash_data<5> |    0.486(F)|      FAST  |    2.492(F)|      SLOW  |bus_top0/bus0/_n0072|   0.000|
flash_data<6> |   -1.487(F)|      FAST  |    5.402(F)|      SLOW  |bus_top0/bus0/_n0072|   0.000|
flash_data<7> |    0.062(F)|      FAST  |    3.006(F)|      SLOW  |bus_top0/bus0/_n0072|   0.000|
flash_data<8> |   -0.070(F)|      FAST  |    3.544(F)|      SLOW  |bus_top0/bus0/_n0072|   0.000|
flash_data<9> |   -2.335(F)|      FAST  |    6.850(F)|      SLOW  |bus_top0/bus0/_n0072|   0.000|
flash_data<10>|   -0.644(F)|      FAST  |    4.262(F)|      SLOW  |bus_top0/bus0/_n0072|   0.000|
flash_data<11>|    0.252(F)|      FAST  |    2.906(F)|      SLOW  |bus_top0/bus0/_n0072|   0.000|
flash_data<12>|   -1.908(F)|      FAST  |    6.158(F)|      SLOW  |bus_top0/bus0/_n0072|   0.000|
flash_data<13>|   -1.310(F)|      FAST  |    5.333(F)|      SLOW  |bus_top0/bus0/_n0072|   0.000|
flash_data<14>|   -1.149(F)|      FAST  |    5.171(F)|      SLOW  |bus_top0/bus0/_n0072|   0.000|
sw_dip<8>     |    2.315(F)|      SLOW  |    2.702(F)|      SLOW  |bus_top0/bus0/_n0072|   0.000|
sw_dip<9>     |    0.732(F)|      SLOW  |    4.350(F)|      SLOW  |bus_top0/bus0/_n0072|   0.000|
sw_dip<10>    |    1.237(F)|      SLOW  |    4.092(F)|      SLOW  |bus_top0/bus0/_n0072|   0.000|
sw_dip<11>    |    1.021(F)|      SLOW  |    4.399(F)|      SLOW  |bus_top0/bus0/_n0072|   0.000|
sw_dip<12>    |    1.047(F)|      SLOW  |    4.673(F)|      SLOW  |bus_top0/bus0/_n0072|   0.000|
sw_dip<13>    |    0.987(F)|      SLOW  |    4.492(F)|      SLOW  |bus_top0/bus0/_n0072|   0.000|
sw_dip<14>    |    5.910(F)|      SLOW  |    0.094(F)|      SLOW  |bus_top0/bus0/_n0072|   0.000|
sw_dip<15>    |    3.185(F)|      SLOW  |    2.261(F)|      SLOW  |bus_top0/bus0/_n0072|   0.000|
--------------+------------+------------+------------+------------+--------------------+--------+

Setup/Hold to clock sw_dip<17>
--------------+------------+------------+------------+------------+--------------------+--------+
              |Max Setup to|  Process   |Max Hold to |  Process   |                    | Clock  |
Source        | clk (edge) |   Corner   | clk (edge) |   Corner   |Internal Clock(s)   | Phase  |
--------------+------------+------------+------------+------------+--------------------+--------+
flash_data<0> |   -0.271(F)|      FAST  |    3.070(F)|      SLOW  |bus_top0/bus0/_n0072|   0.000|
flash_data<1> |   -1.245(F)|      FAST  |    4.585(F)|      SLOW  |bus_top0/bus0/_n0072|   0.000|
flash_data<2> |   -1.622(F)|      FAST  |    5.058(F)|      SLOW  |bus_top0/bus0/_n0072|   0.000|
flash_data<3> |   -0.613(F)|      FAST  |    3.584(F)|      SLOW  |bus_top0/bus0/_n0072|   0.000|
flash_data<4> |   -0.074(F)|      FAST  |    2.854(F)|      SLOW  |bus_top0/bus0/_n0072|   0.000|
flash_data<5> |   -0.011(F)|      FAST  |    2.674(F)|      SLOW  |bus_top0/bus0/_n0072|   0.000|
flash_data<6> |   -1.984(F)|      FAST  |    5.584(F)|      SLOW  |bus_top0/bus0/_n0072|   0.000|
flash_data<7> |   -0.435(F)|      FAST  |    3.188(F)|      SLOW  |bus_top0/bus0/_n0072|   0.000|
flash_data<8> |   -0.567(F)|      FAST  |    3.726(F)|      SLOW  |bus_top0/bus0/_n0072|   0.000|
flash_data<9> |   -2.832(F)|      FAST  |    7.032(F)|      SLOW  |bus_top0/bus0/_n0072|   0.000|
flash_data<10>|   -1.141(F)|      FAST  |    4.444(F)|      SLOW  |bus_top0/bus0/_n0072|   0.000|
flash_data<11>|   -0.245(F)|      FAST  |    3.088(F)|      SLOW  |bus_top0/bus0/_n0072|   0.000|
flash_data<12>|   -2.405(F)|      FAST  |    6.340(F)|      SLOW  |bus_top0/bus0/_n0072|   0.000|
flash_data<13>|   -1.807(F)|      FAST  |    5.515(F)|      SLOW  |bus_top0/bus0/_n0072|   0.000|
flash_data<14>|   -1.646(F)|      FAST  |    5.353(F)|      SLOW  |bus_top0/bus0/_n0072|   0.000|
sw_dip<8>     |    1.497(F)|      SLOW  |    2.884(F)|      SLOW  |bus_top0/bus0/_n0072|   0.000|
sw_dip<9>     |    0.093(F)|      FAST  |    4.532(F)|      SLOW  |bus_top0/bus0/_n0072|   0.000|
sw_dip<10>    |    0.419(F)|      SLOW  |    4.274(F)|      SLOW  |bus_top0/bus0/_n0072|   0.000|
sw_dip<11>    |    0.390(F)|      FAST  |    4.581(F)|      SLOW  |bus_top0/bus0/_n0072|   0.000|
sw_dip<12>    |    0.344(F)|      FAST  |    4.855(F)|      SLOW  |bus_top0/bus0/_n0072|   0.000|
sw_dip<13>    |    0.324(F)|      FAST  |    4.674(F)|      SLOW  |bus_top0/bus0/_n0072|   0.000|
sw_dip<14>    |    5.092(F)|      SLOW  |    0.276(F)|      SLOW  |bus_top0/bus0/_n0072|   0.000|
sw_dip<15>    |    2.367(F)|      SLOW  |    2.443(F)|      SLOW  |bus_top0/bus0/_n0072|   0.000|
--------------+------------+------------+------------+------------+--------------------+--------+

Setup/Hold to clock sw_dip<18>
--------------+------------+------------+------------+------------+--------------------+--------+
              |Max Setup to|  Process   |Max Hold to |  Process   |                    | Clock  |
Source        | clk (edge) |   Corner   | clk (edge) |   Corner   |Internal Clock(s)   | Phase  |
--------------+------------+------------+------------+------------+--------------------+--------+
flash_data<0> |   -0.649(F)|      FAST  |    4.221(F)|      SLOW  |bus_top0/bus0/_n0072|   0.000|
flash_data<1> |   -1.623(F)|      FAST  |    5.736(F)|      SLOW  |bus_top0/bus0/_n0072|   0.000|
flash_data<2> |   -2.000(F)|      FAST  |    6.209(F)|      SLOW  |bus_top0/bus0/_n0072|   0.000|
flash_data<3> |   -0.991(F)|      FAST  |    4.735(F)|      SLOW  |bus_top0/bus0/_n0072|   0.000|
flash_data<4> |   -0.452(F)|      FAST  |    4.005(F)|      SLOW  |bus_top0/bus0/_n0072|   0.000|
flash_data<5> |   -0.389(F)|      FAST  |    3.825(F)|      SLOW  |bus_top0/bus0/_n0072|   0.000|
flash_data<6> |   -2.362(F)|      FAST  |    6.735(F)|      SLOW  |bus_top0/bus0/_n0072|   0.000|
flash_data<7> |   -0.813(F)|      FAST  |    4.339(F)|      SLOW  |bus_top0/bus0/_n0072|   0.000|
flash_data<8> |   -0.945(F)|      FAST  |    4.877(F)|      SLOW  |bus_top0/bus0/_n0072|   0.000|
flash_data<9> |   -3.210(F)|      FAST  |    8.183(F)|      SLOW  |bus_top0/bus0/_n0072|   0.000|
flash_data<10>|   -1.519(F)|      FAST  |    5.595(F)|      SLOW  |bus_top0/bus0/_n0072|   0.000|
flash_data<11>|   -0.623(F)|      FAST  |    4.239(F)|      SLOW  |bus_top0/bus0/_n0072|   0.000|
flash_data<12>|   -2.783(F)|      FAST  |    7.491(F)|      SLOW  |bus_top0/bus0/_n0072|   0.000|
flash_data<13>|   -2.185(F)|      FAST  |    6.666(F)|      SLOW  |bus_top0/bus0/_n0072|   0.000|
flash_data<14>|   -2.024(F)|      FAST  |    6.504(F)|      SLOW  |bus_top0/bus0/_n0072|   0.000|
sw_dip<8>     |    0.890(F)|      SLOW  |    4.035(F)|      SLOW  |bus_top0/bus0/_n0072|   0.000|
sw_dip<9>     |   -0.285(F)|      FAST  |    5.683(F)|      SLOW  |bus_top0/bus0/_n0072|   0.000|
sw_dip<10>    |    0.028(F)|      FAST  |    5.425(F)|      SLOW  |bus_top0/bus0/_n0072|   0.000|
sw_dip<11>    |    0.012(F)|      FAST  |    5.732(F)|      SLOW  |bus_top0/bus0/_n0072|   0.000|
sw_dip<12>    |   -0.034(F)|      FAST  |    6.006(F)|      SLOW  |bus_top0/bus0/_n0072|   0.000|
sw_dip<13>    |   -0.054(F)|      FAST  |    5.825(F)|      SLOW  |bus_top0/bus0/_n0072|   0.000|
sw_dip<14>    |    4.485(F)|      SLOW  |    1.427(F)|      SLOW  |bus_top0/bus0/_n0072|   0.000|
sw_dip<15>    |    1.760(F)|      SLOW  |    3.594(F)|      SLOW  |bus_top0/bus0/_n0072|   0.000|
--------------+------------+------------+------------+------------+--------------------+--------+

Setup/Hold to clock sw_dip<19>
--------------+------------+------------+------------+------------+--------------------+--------+
              |Max Setup to|  Process   |Max Hold to |  Process   |                    | Clock  |
Source        | clk (edge) |   Corner   | clk (edge) |   Corner   |Internal Clock(s)   | Phase  |
--------------+------------+------------+------------+------------+--------------------+--------+
flash_data<0> |   -1.247(F)|      FAST  |    4.066(F)|      SLOW  |bus_top0/bus0/_n0072|   0.000|
flash_data<1> |   -2.221(F)|      FAST  |    5.581(F)|      SLOW  |bus_top0/bus0/_n0072|   0.000|
flash_data<2> |   -2.598(F)|      FAST  |    6.054(F)|      SLOW  |bus_top0/bus0/_n0072|   0.000|
flash_data<3> |   -1.589(F)|      FAST  |    4.580(F)|      SLOW  |bus_top0/bus0/_n0072|   0.000|
flash_data<4> |   -1.050(F)|      FAST  |    3.850(F)|      SLOW  |bus_top0/bus0/_n0072|   0.000|
flash_data<5> |   -0.987(F)|      FAST  |    3.670(F)|      SLOW  |bus_top0/bus0/_n0072|   0.000|
flash_data<6> |   -2.960(F)|      FAST  |    6.580(F)|      SLOW  |bus_top0/bus0/_n0072|   0.000|
flash_data<7> |   -1.411(F)|      FAST  |    4.184(F)|      SLOW  |bus_top0/bus0/_n0072|   0.000|
flash_data<8> |   -1.543(F)|      FAST  |    4.722(F)|      SLOW  |bus_top0/bus0/_n0072|   0.000|
flash_data<9> |   -3.808(F)|      FAST  |    8.028(F)|      SLOW  |bus_top0/bus0/_n0072|   0.000|
flash_data<10>|   -2.117(F)|      FAST  |    5.440(F)|      SLOW  |bus_top0/bus0/_n0072|   0.000|
flash_data<11>|   -1.221(F)|      FAST  |    4.084(F)|      SLOW  |bus_top0/bus0/_n0072|   0.000|
flash_data<12>|   -3.381(F)|      FAST  |    7.336(F)|      SLOW  |bus_top0/bus0/_n0072|   0.000|
flash_data<13>|   -2.783(F)|      FAST  |    6.511(F)|      SLOW  |bus_top0/bus0/_n0072|   0.000|
flash_data<14>|   -2.622(F)|      FAST  |    6.349(F)|      SLOW  |bus_top0/bus0/_n0072|   0.000|
sw_dip<8>     |    0.179(F)|      FAST  |    3.880(F)|      SLOW  |bus_top0/bus0/_n0072|   0.000|
sw_dip<9>     |   -0.883(F)|      FAST  |    5.528(F)|      SLOW  |bus_top0/bus0/_n0072|   0.000|
sw_dip<10>    |   -0.570(F)|      FAST  |    5.270(F)|      SLOW  |bus_top0/bus0/_n0072|   0.000|
sw_dip<11>    |   -0.586(F)|      FAST  |    5.577(F)|      SLOW  |bus_top0/bus0/_n0072|   0.000|
sw_dip<12>    |   -0.632(F)|      FAST  |    5.851(F)|      SLOW  |bus_top0/bus0/_n0072|   0.000|
sw_dip<13>    |   -0.652(F)|      FAST  |    5.670(F)|      SLOW  |bus_top0/bus0/_n0072|   0.000|
sw_dip<14>    |    3.551(F)|      SLOW  |    1.272(F)|      SLOW  |bus_top0/bus0/_n0072|   0.000|
sw_dip<15>    |    0.826(F)|      SLOW  |    3.439(F)|      SLOW  |bus_top0/bus0/_n0072|   0.000|
--------------+------------+------------+------------+------------+--------------------+--------+

Setup/Hold to clock sw_dip<20>
--------------+------------+------------+------------+------------+--------------------+--------+
              |Max Setup to|  Process   |Max Hold to |  Process   |                    | Clock  |
Source        | clk (edge) |   Corner   | clk (edge) |   Corner   |Internal Clock(s)   | Phase  |
--------------+------------+------------+------------+------------+--------------------+--------+
flash_data<0> |   -0.682(F)|      FAST  |    4.096(F)|      SLOW  |bus_top0/bus0/_n0072|   0.000|
flash_data<1> |   -1.656(F)|      FAST  |    5.611(F)|      SLOW  |bus_top0/bus0/_n0072|   0.000|
flash_data<2> |   -2.033(F)|      FAST  |    6.084(F)|      SLOW  |bus_top0/bus0/_n0072|   0.000|
flash_data<3> |   -1.024(F)|      FAST  |    4.610(F)|      SLOW  |bus_top0/bus0/_n0072|   0.000|
flash_data<4> |   -0.485(F)|      FAST  |    3.880(F)|      SLOW  |bus_top0/bus0/_n0072|   0.000|
flash_data<5> |   -0.422(F)|      FAST  |    3.700(F)|      SLOW  |bus_top0/bus0/_n0072|   0.000|
flash_data<6> |   -2.395(F)|      FAST  |    6.610(F)|      SLOW  |bus_top0/bus0/_n0072|   0.000|
flash_data<7> |   -0.846(F)|      FAST  |    4.214(F)|      SLOW  |bus_top0/bus0/_n0072|   0.000|
flash_data<8> |   -0.978(F)|      FAST  |    4.752(F)|      SLOW  |bus_top0/bus0/_n0072|   0.000|
flash_data<9> |   -3.243(F)|      FAST  |    8.058(F)|      SLOW  |bus_top0/bus0/_n0072|   0.000|
flash_data<10>|   -1.552(F)|      FAST  |    5.470(F)|      SLOW  |bus_top0/bus0/_n0072|   0.000|
flash_data<11>|   -0.656(F)|      FAST  |    4.114(F)|      SLOW  |bus_top0/bus0/_n0072|   0.000|
flash_data<12>|   -2.816(F)|      FAST  |    7.366(F)|      SLOW  |bus_top0/bus0/_n0072|   0.000|
flash_data<13>|   -2.218(F)|      FAST  |    6.541(F)|      SLOW  |bus_top0/bus0/_n0072|   0.000|
flash_data<14>|   -2.057(F)|      FAST  |    6.379(F)|      SLOW  |bus_top0/bus0/_n0072|   0.000|
sw_dip<8>     |    0.845(F)|      SLOW  |    3.910(F)|      SLOW  |bus_top0/bus0/_n0072|   0.000|
sw_dip<9>     |   -0.318(F)|      FAST  |    5.558(F)|      SLOW  |bus_top0/bus0/_n0072|   0.000|
sw_dip<10>    |   -0.005(F)|      FAST  |    5.300(F)|      SLOW  |bus_top0/bus0/_n0072|   0.000|
sw_dip<11>    |   -0.021(F)|      FAST  |    5.607(F)|      SLOW  |bus_top0/bus0/_n0072|   0.000|
sw_dip<12>    |   -0.067(F)|      FAST  |    5.881(F)|      SLOW  |bus_top0/bus0/_n0072|   0.000|
sw_dip<13>    |   -0.087(F)|      FAST  |    5.700(F)|      SLOW  |bus_top0/bus0/_n0072|   0.000|
sw_dip<14>    |    4.440(F)|      SLOW  |    1.302(F)|      SLOW  |bus_top0/bus0/_n0072|   0.000|
sw_dip<15>    |    1.715(F)|      SLOW  |    3.469(F)|      SLOW  |bus_top0/bus0/_n0072|   0.000|
--------------+------------+------------+------------+------------+--------------------+--------+

Setup/Hold to clock sw_dip<21>
--------------+------------+------------+------------+------------+--------------------+--------+
              |Max Setup to|  Process   |Max Hold to |  Process   |                    | Clock  |
Source        | clk (edge) |   Corner   | clk (edge) |   Corner   |Internal Clock(s)   | Phase  |
--------------+------------+------------+------------+------------+--------------------+--------+
flash_data<0> |    0.297(F)|      FAST  |    1.966(F)|      SLOW  |bus_top0/bus0/_n0072|   0.000|
flash_data<1> |   -0.677(F)|      FAST  |    3.481(F)|      SLOW  |bus_top0/bus0/_n0072|   0.000|
flash_data<2> |   -1.054(F)|      FAST  |    3.954(F)|      SLOW  |bus_top0/bus0/_n0072|   0.000|
flash_data<3> |   -0.045(F)|      FAST  |    2.480(F)|      SLOW  |bus_top0/bus0/_n0072|   0.000|
flash_data<4> |    0.494(F)|      FAST  |    1.750(F)|      SLOW  |bus_top0/bus0/_n0072|   0.000|
flash_data<5> |    0.557(F)|      FAST  |    1.570(F)|      SLOW  |bus_top0/bus0/_n0072|   0.000|
flash_data<6> |   -1.416(F)|      FAST  |    4.480(F)|      SLOW  |bus_top0/bus0/_n0072|   0.000|
flash_data<7> |    0.133(F)|      FAST  |    2.084(F)|      SLOW  |bus_top0/bus0/_n0072|   0.000|
flash_data<8> |    0.001(F)|      FAST  |    2.622(F)|      SLOW  |bus_top0/bus0/_n0072|   0.000|
flash_data<9> |   -2.264(F)|      FAST  |    5.928(F)|      SLOW  |bus_top0/bus0/_n0072|   0.000|
flash_data<10>|   -0.573(F)|      FAST  |    3.340(F)|      SLOW  |bus_top0/bus0/_n0072|   0.000|
flash_data<11>|    0.323(F)|      FAST  |    1.984(F)|      SLOW  |bus_top0/bus0/_n0072|   0.000|
flash_data<12>|   -1.837(F)|      FAST  |    5.236(F)|      SLOW  |bus_top0/bus0/_n0072|   0.000|
flash_data<13>|   -1.239(F)|      FAST  |    4.411(F)|      SLOW  |bus_top0/bus0/_n0072|   0.000|
flash_data<14>|   -1.078(F)|      FAST  |    4.249(F)|      SLOW  |bus_top0/bus0/_n0072|   0.000|
sw_dip<8>     |    2.296(F)|      SLOW  |    1.780(F)|      SLOW  |bus_top0/bus0/_n0072|   0.000|
sw_dip<9>     |    0.713(F)|      SLOW  |    3.428(F)|      SLOW  |bus_top0/bus0/_n0072|   0.000|
sw_dip<10>    |    1.218(F)|      SLOW  |    3.170(F)|      SLOW  |bus_top0/bus0/_n0072|   0.000|
sw_dip<11>    |    1.002(F)|      SLOW  |    3.477(F)|      SLOW  |bus_top0/bus0/_n0072|   0.000|
sw_dip<12>    |    1.028(F)|      SLOW  |    3.751(F)|      SLOW  |bus_top0/bus0/_n0072|   0.000|
sw_dip<13>    |    0.968(F)|      SLOW  |    3.570(F)|      SLOW  |bus_top0/bus0/_n0072|   0.000|
sw_dip<14>    |    5.891(F)|      SLOW  |   -0.828(F)|      SLOW  |bus_top0/bus0/_n0072|   0.000|
sw_dip<15>    |    3.166(F)|      SLOW  |    1.339(F)|      SLOW  |bus_top0/bus0/_n0072|   0.000|
--------------+------------+------------+------------+------------+--------------------+--------+

Setup/Hold to clock sw_dip<22>
--------------+------------+------------+------------+------------+--------------------+--------+
              |Max Setup to|  Process   |Max Hold to |  Process   |                    | Clock  |
Source        | clk (edge) |   Corner   | clk (edge) |   Corner   |Internal Clock(s)   | Phase  |
--------------+------------+------------+------------+------------+--------------------+--------+
flash_data<0> |    0.236(F)|      FAST  |    1.535(F)|      SLOW  |bus_top0/bus0/_n0072|   0.000|
flash_data<1> |   -0.738(F)|      FAST  |    3.050(F)|      SLOW  |bus_top0/bus0/_n0072|   0.000|
flash_data<2> |   -1.115(F)|      FAST  |    3.523(F)|      SLOW  |bus_top0/bus0/_n0072|   0.000|
flash_data<3> |   -0.106(F)|      FAST  |    2.049(F)|      SLOW  |bus_top0/bus0/_n0072|   0.000|
flash_data<4> |    0.433(F)|      FAST  |    1.319(F)|      SLOW  |bus_top0/bus0/_n0072|   0.000|
flash_data<5> |    0.496(F)|      FAST  |    1.139(F)|      SLOW  |bus_top0/bus0/_n0072|   0.000|
flash_data<6> |   -1.477(F)|      FAST  |    4.049(F)|      SLOW  |bus_top0/bus0/_n0072|   0.000|
flash_data<7> |    0.072(F)|      FAST  |    1.653(F)|      SLOW  |bus_top0/bus0/_n0072|   0.000|
flash_data<8> |   -0.060(F)|      FAST  |    2.191(F)|      SLOW  |bus_top0/bus0/_n0072|   0.000|
flash_data<9> |   -2.325(F)|      FAST  |    5.497(F)|      SLOW  |bus_top0/bus0/_n0072|   0.000|
flash_data<10>|   -0.634(F)|      FAST  |    2.909(F)|      SLOW  |bus_top0/bus0/_n0072|   0.000|
flash_data<11>|    0.262(F)|      FAST  |    1.553(F)|      SLOW  |bus_top0/bus0/_n0072|   0.000|
flash_data<12>|   -1.898(F)|      FAST  |    4.805(F)|      SLOW  |bus_top0/bus0/_n0072|   0.000|
flash_data<13>|   -1.300(F)|      FAST  |    3.980(F)|      SLOW  |bus_top0/bus0/_n0072|   0.000|
flash_data<14>|   -1.139(F)|      FAST  |    3.818(F)|      SLOW  |bus_top0/bus0/_n0072|   0.000|
sw_dip<8>     |    2.252(F)|      SLOW  |    1.349(F)|      SLOW  |bus_top0/bus0/_n0072|   0.000|
sw_dip<9>     |    0.669(F)|      SLOW  |    2.997(F)|      SLOW  |bus_top0/bus0/_n0072|   0.000|
sw_dip<10>    |    1.174(F)|      SLOW  |    2.739(F)|      SLOW  |bus_top0/bus0/_n0072|   0.000|
sw_dip<11>    |    0.958(F)|      SLOW  |    3.046(F)|      SLOW  |bus_top0/bus0/_n0072|   0.000|
sw_dip<12>    |    0.984(F)|      SLOW  |    3.320(F)|      SLOW  |bus_top0/bus0/_n0072|   0.000|
sw_dip<13>    |    0.924(F)|      SLOW  |    3.139(F)|      SLOW  |bus_top0/bus0/_n0072|   0.000|
sw_dip<14>    |    5.847(F)|      SLOW  |   -1.106(F)|      FAST  |bus_top0/bus0/_n0072|   0.000|
sw_dip<15>    |    3.122(F)|      SLOW  |    0.908(F)|      SLOW  |bus_top0/bus0/_n0072|   0.000|
--------------+------------+------------+------------+------------+--------------------+--------+

Setup/Hold to clock sw_dip<23>
--------------+------------+------------+------------+------------+--------------------+--------+
              |Max Setup to|  Process   |Max Hold to |  Process   |                    | Clock  |
Source        | clk (edge) |   Corner   | clk (edge) |   Corner   |Internal Clock(s)   | Phase  |
--------------+------------+------------+------------+------------+--------------------+--------+
flash_data<0> |    0.806(F)|      SLOW  |    0.942(F)|      SLOW  |bus_top0/bus0/_n0072|   0.000|
flash_data<1> |   -0.249(F)|      FAST  |    2.457(F)|      SLOW  |bus_top0/bus0/_n0072|   0.000|
flash_data<2> |   -0.626(F)|      FAST  |    2.930(F)|      SLOW  |bus_top0/bus0/_n0072|   0.000|
flash_data<3> |    0.383(F)|      FAST  |    1.456(F)|      SLOW  |bus_top0/bus0/_n0072|   0.000|
flash_data<4> |    1.141(F)|      SLOW  |    0.726(F)|      SLOW  |bus_top0/bus0/_n0072|   0.000|
flash_data<5> |    1.189(F)|      SLOW  |    0.546(F)|      SLOW  |bus_top0/bus0/_n0072|   0.000|
flash_data<6> |   -0.988(F)|      FAST  |    3.456(F)|      SLOW  |bus_top0/bus0/_n0072|   0.000|
flash_data<7> |    0.624(F)|      SLOW  |    1.060(F)|      SLOW  |bus_top0/bus0/_n0072|   0.000|
flash_data<8> |    0.429(F)|      FAST  |    1.598(F)|      SLOW  |bus_top0/bus0/_n0072|   0.000|
flash_data<9> |   -1.836(F)|      FAST  |    4.904(F)|      SLOW  |bus_top0/bus0/_n0072|   0.000|
flash_data<10>|   -0.145(F)|      FAST  |    2.316(F)|      SLOW  |bus_top0/bus0/_n0072|   0.000|
flash_data<11>|    0.872(F)|      SLOW  |    0.960(F)|      SLOW  |bus_top0/bus0/_n0072|   0.000|
flash_data<12>|   -1.409(F)|      FAST  |    4.212(F)|      SLOW  |bus_top0/bus0/_n0072|   0.000|
flash_data<13>|   -0.811(F)|      FAST  |    3.387(F)|      SLOW  |bus_top0/bus0/_n0072|   0.000|
flash_data<14>|   -0.650(F)|      FAST  |    3.225(F)|      SLOW  |bus_top0/bus0/_n0072|   0.000|
sw_dip<8>     |    3.025(F)|      SLOW  |    0.756(F)|      SLOW  |bus_top0/bus0/_n0072|   0.000|
sw_dip<9>     |    1.442(F)|      SLOW  |    2.404(F)|      SLOW  |bus_top0/bus0/_n0072|   0.000|
sw_dip<10>    |    1.947(F)|      SLOW  |    2.146(F)|      SLOW  |bus_top0/bus0/_n0072|   0.000|
sw_dip<11>    |    1.731(F)|      SLOW  |    2.453(F)|      SLOW  |bus_top0/bus0/_n0072|   0.000|
sw_dip<12>    |    1.757(F)|      SLOW  |    2.727(F)|      SLOW  |bus_top0/bus0/_n0072|   0.000|
sw_dip<13>    |    1.697(F)|      SLOW  |    2.546(F)|      SLOW  |bus_top0/bus0/_n0072|   0.000|
sw_dip<14>    |    6.620(F)|      SLOW  |   -1.502(F)|      FAST  |bus_top0/bus0/_n0072|   0.000|
sw_dip<15>    |    3.895(F)|      SLOW  |    0.315(F)|      SLOW  |bus_top0/bus0/_n0072|   0.000|
--------------+------------+------------+------------+------------+--------------------+--------+

Clock clk to Pad
------------+-----------------+------------+-----------------+------------+------------------+--------+
            |Max (slowest) clk|  Process   |Min (fastest) clk|  Process   |                  | Clock  |
Destination |  (edge) to PAD  |   Corner   |  (edge) to PAD  |   Corner   |Internal Clock(s) | Phase  |
------------+-----------------+------------+-----------------+------------+------------------+--------+
com_TxD     |        11.375(R)|      SLOW  |         6.168(R)|      FAST  |clk_BUFGP         |   0.000|
led<15>     |        13.602(R)|      SLOW  |         7.468(R)|      FAST  |clk_BUFGP         |   0.000|
------------+-----------------+------------+-----------------+------------+------------------+--------+

Clock sw_dip<16> to Pad
------------+-----------------+------------+-----------------+------------+--------------------+--------+
            |Max (slowest) clk|  Process   |Min (fastest) clk|  Process   |                    | Clock  |
Destination |  (edge) to PAD  |   Corner   |  (edge) to PAD  |   Corner   |Internal Clock(s)   | Phase  |
------------+-----------------+------------+-----------------+------------+--------------------+--------+
led<0>      |        14.413(F)|      SLOW  |         7.676(F)|      FAST  |bus_top0/bus0/_n0072|   0.000|
led<1>      |        15.164(F)|      SLOW  |         8.147(F)|      FAST  |bus_top0/bus0/_n0072|   0.000|
led<2>      |        14.815(F)|      SLOW  |         7.938(F)|      FAST  |bus_top0/bus0/_n0072|   0.000|
led<3>      |        14.815(F)|      SLOW  |         7.938(F)|      FAST  |bus_top0/bus0/_n0072|   0.000|
led<4>      |        15.411(F)|      SLOW  |         8.346(F)|      FAST  |bus_top0/bus0/_n0072|   0.000|
led<5>      |        14.161(F)|      SLOW  |         7.539(F)|      FAST  |bus_top0/bus0/_n0072|   0.000|
led<6>      |        15.411(F)|      SLOW  |         8.346(F)|      FAST  |bus_top0/bus0/_n0072|   0.000|
led<7>      |        13.944(F)|      SLOW  |         7.411(F)|      FAST  |bus_top0/bus0/_n0072|   0.000|
led<8>      |        16.288(F)|      SLOW  |         8.800(F)|      FAST  |bus_top0/bus0/_n0072|   0.000|
led<9>      |        17.551(F)|      SLOW  |         9.621(F)|      FAST  |bus_top0/bus0/_n0072|   0.000|
led<10>     |        15.194(F)|      SLOW  |         8.146(F)|      FAST  |bus_top0/bus0/_n0072|   0.000|
led<11>     |        15.194(F)|      SLOW  |         8.146(F)|      FAST  |bus_top0/bus0/_n0072|   0.000|
led<12>     |        15.829(F)|      SLOW  |         8.532(F)|      FAST  |bus_top0/bus0/_n0072|   0.000|
led<13>     |        15.472(F)|      SLOW  |         8.315(F)|      FAST  |bus_top0/bus0/_n0072|   0.000|
led<14>     |        15.472(F)|      SLOW  |         8.315(F)|      FAST  |bus_top0/bus0/_n0072|   0.000|
------------+-----------------+------------+-----------------+------------+--------------------+--------+

Clock sw_dip<17> to Pad
------------+-----------------+------------+-----------------+------------+--------------------+--------+
            |Max (slowest) clk|  Process   |Min (fastest) clk|  Process   |                    | Clock  |
Destination |  (edge) to PAD  |   Corner   |  (edge) to PAD  |   Corner   |Internal Clock(s)   | Phase  |
------------+-----------------+------------+-----------------+------------+--------------------+--------+
led<0>      |        14.595(F)|      SLOW  |         8.173(F)|      FAST  |bus_top0/bus0/_n0072|   0.000|
led<1>      |        15.346(F)|      SLOW  |         8.644(F)|      FAST  |bus_top0/bus0/_n0072|   0.000|
led<2>      |        14.997(F)|      SLOW  |         8.435(F)|      FAST  |bus_top0/bus0/_n0072|   0.000|
led<3>      |        14.997(F)|      SLOW  |         8.435(F)|      FAST  |bus_top0/bus0/_n0072|   0.000|
led<4>      |        15.593(F)|      SLOW  |         8.843(F)|      FAST  |bus_top0/bus0/_n0072|   0.000|
led<5>      |        14.343(F)|      SLOW  |         8.036(F)|      FAST  |bus_top0/bus0/_n0072|   0.000|
led<6>      |        15.593(F)|      SLOW  |         8.843(F)|      FAST  |bus_top0/bus0/_n0072|   0.000|
led<7>      |        14.126(F)|      SLOW  |         7.908(F)|      FAST  |bus_top0/bus0/_n0072|   0.000|
led<8>      |        16.470(F)|      SLOW  |         9.297(F)|      FAST  |bus_top0/bus0/_n0072|   0.000|
led<9>      |        17.733(F)|      SLOW  |        10.118(F)|      FAST  |bus_top0/bus0/_n0072|   0.000|
led<10>     |        15.376(F)|      SLOW  |         8.643(F)|      FAST  |bus_top0/bus0/_n0072|   0.000|
led<11>     |        15.376(F)|      SLOW  |         8.643(F)|      FAST  |bus_top0/bus0/_n0072|   0.000|
led<12>     |        16.011(F)|      SLOW  |         9.029(F)|      FAST  |bus_top0/bus0/_n0072|   0.000|
led<13>     |        15.654(F)|      SLOW  |         8.812(F)|      FAST  |bus_top0/bus0/_n0072|   0.000|
led<14>     |        15.654(F)|      SLOW  |         8.812(F)|      FAST  |bus_top0/bus0/_n0072|   0.000|
------------+-----------------+------------+-----------------+------------+--------------------+--------+

Clock sw_dip<18> to Pad
------------+-----------------+------------+-----------------+------------+--------------------+--------+
            |Max (slowest) clk|  Process   |Min (fastest) clk|  Process   |                    | Clock  |
Destination |  (edge) to PAD  |   Corner   |  (edge) to PAD  |   Corner   |Internal Clock(s)   | Phase  |
------------+-----------------+------------+-----------------+------------+--------------------+--------+
led<0>      |        15.746(F)|      SLOW  |         8.551(F)|      FAST  |bus_top0/bus0/_n0072|   0.000|
led<1>      |        16.497(F)|      SLOW  |         9.022(F)|      FAST  |bus_top0/bus0/_n0072|   0.000|
led<2>      |        16.148(F)|      SLOW  |         8.813(F)|      FAST  |bus_top0/bus0/_n0072|   0.000|
led<3>      |        16.148(F)|      SLOW  |         8.813(F)|      FAST  |bus_top0/bus0/_n0072|   0.000|
led<4>      |        16.744(F)|      SLOW  |         9.221(F)|      FAST  |bus_top0/bus0/_n0072|   0.000|
led<5>      |        15.494(F)|      SLOW  |         8.414(F)|      FAST  |bus_top0/bus0/_n0072|   0.000|
led<6>      |        16.744(F)|      SLOW  |         9.221(F)|      FAST  |bus_top0/bus0/_n0072|   0.000|
led<7>      |        15.277(F)|      SLOW  |         8.286(F)|      FAST  |bus_top0/bus0/_n0072|   0.000|
led<8>      |        17.621(F)|      SLOW  |         9.675(F)|      FAST  |bus_top0/bus0/_n0072|   0.000|
led<9>      |        18.884(F)|      SLOW  |        10.496(F)|      FAST  |bus_top0/bus0/_n0072|   0.000|
led<10>     |        16.527(F)|      SLOW  |         9.021(F)|      FAST  |bus_top0/bus0/_n0072|   0.000|
led<11>     |        16.527(F)|      SLOW  |         9.021(F)|      FAST  |bus_top0/bus0/_n0072|   0.000|
led<12>     |        17.162(F)|      SLOW  |         9.407(F)|      FAST  |bus_top0/bus0/_n0072|   0.000|
led<13>     |        16.805(F)|      SLOW  |         9.190(F)|      FAST  |bus_top0/bus0/_n0072|   0.000|
led<14>     |        16.805(F)|      SLOW  |         9.190(F)|      FAST  |bus_top0/bus0/_n0072|   0.000|
------------+-----------------+------------+-----------------+------------+--------------------+--------+

Clock sw_dip<19> to Pad
------------+-----------------+------------+-----------------+------------+--------------------+--------+
            |Max (slowest) clk|  Process   |Min (fastest) clk|  Process   |                    | Clock  |
Destination |  (edge) to PAD  |   Corner   |  (edge) to PAD  |   Corner   |Internal Clock(s)   | Phase  |
------------+-----------------+------------+-----------------+------------+--------------------+--------+
led<0>      |        15.591(F)|      SLOW  |         9.149(F)|      FAST  |bus_top0/bus0/_n0072|   0.000|
led<1>      |        16.342(F)|      SLOW  |         9.620(F)|      FAST  |bus_top0/bus0/_n0072|   0.000|
led<2>      |        15.993(F)|      SLOW  |         9.411(F)|      FAST  |bus_top0/bus0/_n0072|   0.000|
led<3>      |        15.993(F)|      SLOW  |         9.411(F)|      FAST  |bus_top0/bus0/_n0072|   0.000|
led<4>      |        16.589(F)|      SLOW  |         9.819(F)|      FAST  |bus_top0/bus0/_n0072|   0.000|
led<5>      |        15.339(F)|      SLOW  |         9.012(F)|      FAST  |bus_top0/bus0/_n0072|   0.000|
led<6>      |        16.589(F)|      SLOW  |         9.819(F)|      FAST  |bus_top0/bus0/_n0072|   0.000|
led<7>      |        15.122(F)|      SLOW  |         8.884(F)|      FAST  |bus_top0/bus0/_n0072|   0.000|
led<8>      |        17.466(F)|      SLOW  |        10.273(F)|      FAST  |bus_top0/bus0/_n0072|   0.000|
led<9>      |        18.729(F)|      SLOW  |        11.094(F)|      FAST  |bus_top0/bus0/_n0072|   0.000|
led<10>     |        16.372(F)|      SLOW  |         9.619(F)|      FAST  |bus_top0/bus0/_n0072|   0.000|
led<11>     |        16.372(F)|      SLOW  |         9.619(F)|      FAST  |bus_top0/bus0/_n0072|   0.000|
led<12>     |        17.007(F)|      SLOW  |        10.005(F)|      FAST  |bus_top0/bus0/_n0072|   0.000|
led<13>     |        16.650(F)|      SLOW  |         9.788(F)|      FAST  |bus_top0/bus0/_n0072|   0.000|
led<14>     |        16.650(F)|      SLOW  |         9.788(F)|      FAST  |bus_top0/bus0/_n0072|   0.000|
------------+-----------------+------------+-----------------+------------+--------------------+--------+

Clock sw_dip<20> to Pad
------------+-----------------+------------+-----------------+------------+--------------------+--------+
            |Max (slowest) clk|  Process   |Min (fastest) clk|  Process   |                    | Clock  |
Destination |  (edge) to PAD  |   Corner   |  (edge) to PAD  |   Corner   |Internal Clock(s)   | Phase  |
------------+-----------------+------------+-----------------+------------+--------------------+--------+
led<0>      |        15.621(F)|      SLOW  |         8.584(F)|      FAST  |bus_top0/bus0/_n0072|   0.000|
led<1>      |        16.372(F)|      SLOW  |         9.055(F)|      FAST  |bus_top0/bus0/_n0072|   0.000|
led<2>      |        16.023(F)|      SLOW  |         8.846(F)|      FAST  |bus_top0/bus0/_n0072|   0.000|
led<3>      |        16.023(F)|      SLOW  |         8.846(F)|      FAST  |bus_top0/bus0/_n0072|   0.000|
led<4>      |        16.619(F)|      SLOW  |         9.254(F)|      FAST  |bus_top0/bus0/_n0072|   0.000|
led<5>      |        15.369(F)|      SLOW  |         8.447(F)|      FAST  |bus_top0/bus0/_n0072|   0.000|
led<6>      |        16.619(F)|      SLOW  |         9.254(F)|      FAST  |bus_top0/bus0/_n0072|   0.000|
led<7>      |        15.152(F)|      SLOW  |         8.319(F)|      FAST  |bus_top0/bus0/_n0072|   0.000|
led<8>      |        17.496(F)|      SLOW  |         9.708(F)|      FAST  |bus_top0/bus0/_n0072|   0.000|
led<9>      |        18.759(F)|      SLOW  |        10.529(F)|      FAST  |bus_top0/bus0/_n0072|   0.000|
led<10>     |        16.402(F)|      SLOW  |         9.054(F)|      FAST  |bus_top0/bus0/_n0072|   0.000|
led<11>     |        16.402(F)|      SLOW  |         9.054(F)|      FAST  |bus_top0/bus0/_n0072|   0.000|
led<12>     |        17.037(F)|      SLOW  |         9.440(F)|      FAST  |bus_top0/bus0/_n0072|   0.000|
led<13>     |        16.680(F)|      SLOW  |         9.223(F)|      FAST  |bus_top0/bus0/_n0072|   0.000|
led<14>     |        16.680(F)|      SLOW  |         9.223(F)|      FAST  |bus_top0/bus0/_n0072|   0.000|
------------+-----------------+------------+-----------------+------------+--------------------+--------+

Clock sw_dip<21> to Pad
------------+-----------------+------------+-----------------+------------+--------------------+--------+
            |Max (slowest) clk|  Process   |Min (fastest) clk|  Process   |                    | Clock  |
Destination |  (edge) to PAD  |   Corner   |  (edge) to PAD  |   Corner   |Internal Clock(s)   | Phase  |
------------+-----------------+------------+-----------------+------------+--------------------+--------+
led<0>      |        13.491(F)|      SLOW  |         7.605(F)|      FAST  |bus_top0/bus0/_n0072|   0.000|
led<1>      |        14.242(F)|      SLOW  |         8.076(F)|      FAST  |bus_top0/bus0/_n0072|   0.000|
led<2>      |        13.893(F)|      SLOW  |         7.867(F)|      FAST  |bus_top0/bus0/_n0072|   0.000|
led<3>      |        13.893(F)|      SLOW  |         7.867(F)|      FAST  |bus_top0/bus0/_n0072|   0.000|
led<4>      |        14.489(F)|      SLOW  |         8.275(F)|      FAST  |bus_top0/bus0/_n0072|   0.000|
led<5>      |        13.239(F)|      SLOW  |         7.468(F)|      FAST  |bus_top0/bus0/_n0072|   0.000|
led<6>      |        14.489(F)|      SLOW  |         8.275(F)|      FAST  |bus_top0/bus0/_n0072|   0.000|
led<7>      |        13.022(F)|      SLOW  |         7.340(F)|      FAST  |bus_top0/bus0/_n0072|   0.000|
led<8>      |        15.366(F)|      SLOW  |         8.729(F)|      FAST  |bus_top0/bus0/_n0072|   0.000|
led<9>      |        16.629(F)|      SLOW  |         9.550(F)|      FAST  |bus_top0/bus0/_n0072|   0.000|
led<10>     |        14.272(F)|      SLOW  |         8.075(F)|      FAST  |bus_top0/bus0/_n0072|   0.000|
led<11>     |        14.272(F)|      SLOW  |         8.075(F)|      FAST  |bus_top0/bus0/_n0072|   0.000|
led<12>     |        14.907(F)|      SLOW  |         8.461(F)|      FAST  |bus_top0/bus0/_n0072|   0.000|
led<13>     |        14.550(F)|      SLOW  |         8.244(F)|      FAST  |bus_top0/bus0/_n0072|   0.000|
led<14>     |        14.550(F)|      SLOW  |         8.244(F)|      FAST  |bus_top0/bus0/_n0072|   0.000|
------------+-----------------+------------+-----------------+------------+--------------------+--------+

Clock sw_dip<22> to Pad
------------+-----------------+------------+-----------------+------------+--------------------+--------+
            |Max (slowest) clk|  Process   |Min (fastest) clk|  Process   |                    | Clock  |
Destination |  (edge) to PAD  |   Corner   |  (edge) to PAD  |   Corner   |Internal Clock(s)   | Phase  |
------------+-----------------+------------+-----------------+------------+--------------------+--------+
led<0>      |        13.060(F)|      SLOW  |         7.666(F)|      FAST  |bus_top0/bus0/_n0072|   0.000|
led<1>      |        13.811(F)|      SLOW  |         8.137(F)|      FAST  |bus_top0/bus0/_n0072|   0.000|
led<2>      |        13.462(F)|      SLOW  |         7.928(F)|      FAST  |bus_top0/bus0/_n0072|   0.000|
led<3>      |        13.462(F)|      SLOW  |         7.928(F)|      FAST  |bus_top0/bus0/_n0072|   0.000|
led<4>      |        14.058(F)|      SLOW  |         8.336(F)|      FAST  |bus_top0/bus0/_n0072|   0.000|
led<5>      |        12.808(F)|      SLOW  |         7.529(F)|      FAST  |bus_top0/bus0/_n0072|   0.000|
led<6>      |        14.058(F)|      SLOW  |         8.336(F)|      FAST  |bus_top0/bus0/_n0072|   0.000|
led<7>      |        12.591(F)|      SLOW  |         7.401(F)|      FAST  |bus_top0/bus0/_n0072|   0.000|
led<8>      |        14.935(F)|      SLOW  |         8.790(F)|      FAST  |bus_top0/bus0/_n0072|   0.000|
led<9>      |        16.198(F)|      SLOW  |         9.611(F)|      FAST  |bus_top0/bus0/_n0072|   0.000|
led<10>     |        13.841(F)|      SLOW  |         8.136(F)|      FAST  |bus_top0/bus0/_n0072|   0.000|
led<11>     |        13.841(F)|      SLOW  |         8.136(F)|      FAST  |bus_top0/bus0/_n0072|   0.000|
led<12>     |        14.476(F)|      SLOW  |         8.522(F)|      FAST  |bus_top0/bus0/_n0072|   0.000|
led<13>     |        14.119(F)|      SLOW  |         8.305(F)|      FAST  |bus_top0/bus0/_n0072|   0.000|
led<14>     |        14.119(F)|      SLOW  |         8.305(F)|      FAST  |bus_top0/bus0/_n0072|   0.000|
------------+-----------------+------------+-----------------+------------+--------------------+--------+

Clock sw_dip<23> to Pad
------------+-----------------+------------+-----------------+------------+--------------------+--------+
            |Max (slowest) clk|  Process   |Min (fastest) clk|  Process   |                    | Clock  |
Destination |  (edge) to PAD  |   Corner   |  (edge) to PAD  |   Corner   |Internal Clock(s)   | Phase  |
------------+-----------------+------------+-----------------+------------+--------------------+--------+
led<0>      |        12.467(F)|      SLOW  |         7.177(F)|      FAST  |bus_top0/bus0/_n0072|   0.000|
led<1>      |        13.218(F)|      SLOW  |         7.648(F)|      FAST  |bus_top0/bus0/_n0072|   0.000|
led<2>      |        12.869(F)|      SLOW  |         7.439(F)|      FAST  |bus_top0/bus0/_n0072|   0.000|
led<3>      |        12.869(F)|      SLOW  |         7.439(F)|      FAST  |bus_top0/bus0/_n0072|   0.000|
led<4>      |        13.465(F)|      SLOW  |         7.847(F)|      FAST  |bus_top0/bus0/_n0072|   0.000|
led<5>      |        12.215(F)|      SLOW  |         7.040(F)|      FAST  |bus_top0/bus0/_n0072|   0.000|
led<6>      |        13.465(F)|      SLOW  |         7.847(F)|      FAST  |bus_top0/bus0/_n0072|   0.000|
led<7>      |        11.998(F)|      SLOW  |         6.912(F)|      FAST  |bus_top0/bus0/_n0072|   0.000|
led<8>      |        14.342(F)|      SLOW  |         8.301(F)|      FAST  |bus_top0/bus0/_n0072|   0.000|
led<9>      |        15.605(F)|      SLOW  |         9.122(F)|      FAST  |bus_top0/bus0/_n0072|   0.000|
led<10>     |        13.248(F)|      SLOW  |         7.647(F)|      FAST  |bus_top0/bus0/_n0072|   0.000|
led<11>     |        13.248(F)|      SLOW  |         7.647(F)|      FAST  |bus_top0/bus0/_n0072|   0.000|
led<12>     |        13.883(F)|      SLOW  |         8.033(F)|      FAST  |bus_top0/bus0/_n0072|   0.000|
led<13>     |        13.526(F)|      SLOW  |         7.816(F)|      FAST  |bus_top0/bus0/_n0072|   0.000|
led<14>     |        13.526(F)|      SLOW  |         7.816(F)|      FAST  |bus_top0/bus0/_n0072|   0.000|
------------+-----------------+------------+-----------------+------------+--------------------+--------+

Clock to Setup on destination clock clk
---------------+---------+---------+---------+---------+
               | Src:Rise| Src:Fall| Src:Rise| Src:Fall|
Source Clock   |Dest:Rise|Dest:Rise|Dest:Fall|Dest:Fall|
---------------+---------+---------+---------+---------+
clk            |    3.032|         |         |         |
sw_dip<20>     |    6.590|    6.590|         |         |
---------------+---------+---------+---------+---------+

Clock to Setup on destination clock sw_dip<16>
---------------+---------+---------+---------+---------+
               | Src:Rise| Src:Fall| Src:Rise| Src:Fall|
Source Clock   |Dest:Rise|Dest:Rise|Dest:Fall|Dest:Fall|
---------------+---------+---------+---------+---------+
clk            |         |         |   -0.758|         |
sw_dip<16>     |         |         |    4.669|    4.669|
sw_dip<17>     |         |         |    4.723|    4.723|
sw_dip<18>     |         |         |    6.002|    6.002|
sw_dip<19>     |         |         |    5.811|    5.811|
sw_dip<20>     |         |         |    6.295|    6.295|
sw_dip<21>     |         |         |    3.757|    3.757|
sw_dip<22>     |         |         |    3.711|    3.711|
sw_dip<23>     |         |         |    2.773|    2.773|
---------------+---------+---------+---------+---------+

Clock to Setup on destination clock sw_dip<17>
---------------+---------+---------+---------+---------+
               | Src:Rise| Src:Fall| Src:Rise| Src:Fall|
Source Clock   |Dest:Rise|Dest:Rise|Dest:Fall|Dest:Fall|
---------------+---------+---------+---------+---------+
clk            |         |         |   -0.758|         |
sw_dip<16>     |         |         |    3.851|    3.851|
sw_dip<17>     |         |         |    3.905|    3.905|
sw_dip<18>     |         |         |    5.184|    5.184|
sw_dip<19>     |         |         |    4.993|    4.993|
sw_dip<20>     |         |         |    5.477|    5.477|
sw_dip<21>     |         |         |    2.939|    2.939|
sw_dip<22>     |         |         |    2.893|    2.893|
sw_dip<23>     |         |         |    1.955|    1.955|
---------------+---------+---------+---------+---------+

Clock to Setup on destination clock sw_dip<18>
---------------+---------+---------+---------+---------+
               | Src:Rise| Src:Fall| Src:Rise| Src:Fall|
Source Clock   |Dest:Rise|Dest:Rise|Dest:Fall|Dest:Fall|
---------------+---------+---------+---------+---------+
clk            |         |         |   -0.758|         |
sw_dip<16>     |         |         |    3.244|    3.244|
sw_dip<17>     |         |         |    3.298|    3.298|
sw_dip<18>     |         |         |    4.577|    4.577|
sw_dip<19>     |         |         |    4.386|    4.386|
sw_dip<20>     |         |         |    4.870|    4.870|
sw_dip<21>     |         |         |    2.332|    2.332|
sw_dip<22>     |         |         |    2.286|    2.286|
sw_dip<23>     |         |         |    1.348|    1.348|
---------------+---------+---------+---------+---------+

Clock to Setup on destination clock sw_dip<19>
---------------+---------+---------+---------+---------+
               | Src:Rise| Src:Fall| Src:Rise| Src:Fall|
Source Clock   |Dest:Rise|Dest:Rise|Dest:Fall|Dest:Fall|
---------------+---------+---------+---------+---------+
clk            |         |         |   -0.758|         |
sw_dip<16>     |         |         |    2.310|    2.310|
sw_dip<17>     |         |         |    2.364|    2.364|
sw_dip<18>     |         |         |    3.643|    3.643|
sw_dip<19>     |         |         |    3.452|    3.452|
sw_dip<20>     |         |         |    3.936|    3.936|
sw_dip<21>     |         |         |    1.398|    1.398|
sw_dip<22>     |         |         |    1.352|    1.352|
sw_dip<23>     |         |         |    0.450|    0.450|
---------------+---------+---------+---------+---------+

Clock to Setup on destination clock sw_dip<20>
---------------+---------+---------+---------+---------+
               | Src:Rise| Src:Fall| Src:Rise| Src:Fall|
Source Clock   |Dest:Rise|Dest:Rise|Dest:Fall|Dest:Fall|
---------------+---------+---------+---------+---------+
clk            |         |         |   -0.758|         |
sw_dip<16>     |         |         |    3.199|    3.199|
sw_dip<17>     |         |         |    3.253|    3.253|
sw_dip<18>     |         |         |    4.532|    4.532|
sw_dip<19>     |         |         |    4.341|    4.341|
sw_dip<20>     |         |         |    4.825|    4.825|
sw_dip<21>     |         |         |    2.287|    2.287|
sw_dip<22>     |         |         |    2.241|    2.241|
sw_dip<23>     |         |         |    1.303|    1.303|
---------------+---------+---------+---------+---------+

Clock to Setup on destination clock sw_dip<21>
---------------+---------+---------+---------+---------+
               | Src:Rise| Src:Fall| Src:Rise| Src:Fall|
Source Clock   |Dest:Rise|Dest:Rise|Dest:Fall|Dest:Fall|
---------------+---------+---------+---------+---------+
clk            |         |         |   -0.758|         |
sw_dip<16>     |         |         |    4.650|    4.650|
sw_dip<17>     |         |         |    4.704|    4.704|
sw_dip<18>     |         |         |    5.983|    5.983|
sw_dip<19>     |         |         |    5.792|    5.792|
sw_dip<20>     |         |         |    6.276|    6.276|
sw_dip<21>     |         |         |    3.738|    3.738|
sw_dip<22>     |         |         |    3.692|    3.692|
sw_dip<23>     |         |         |    2.754|    2.754|
---------------+---------+---------+---------+---------+

Clock to Setup on destination clock sw_dip<22>
---------------+---------+---------+---------+---------+
               | Src:Rise| Src:Fall| Src:Rise| Src:Fall|
Source Clock   |Dest:Rise|Dest:Rise|Dest:Fall|Dest:Fall|
---------------+---------+---------+---------+---------+
clk            |         |         |   -0.758|         |
sw_dip<16>     |         |         |    4.606|    4.606|
sw_dip<17>     |         |         |    4.660|    4.660|
sw_dip<18>     |         |         |    5.939|    5.939|
sw_dip<19>     |         |         |    5.748|    5.748|
sw_dip<20>     |         |         |    6.232|    6.232|
sw_dip<21>     |         |         |    3.694|    3.694|
sw_dip<22>     |         |         |    3.648|    3.648|
sw_dip<23>     |         |         |    2.710|    2.710|
---------------+---------+---------+---------+---------+

Clock to Setup on destination clock sw_dip<23>
---------------+---------+---------+---------+---------+
               | Src:Rise| Src:Fall| Src:Rise| Src:Fall|
Source Clock   |Dest:Rise|Dest:Rise|Dest:Fall|Dest:Fall|
---------------+---------+---------+---------+---------+
clk            |         |         |   -0.758|         |
sw_dip<16>     |         |         |    5.379|    5.379|
sw_dip<17>     |         |         |    5.433|    5.433|
sw_dip<18>     |         |         |    6.712|    6.712|
sw_dip<19>     |         |         |    6.521|    6.521|
sw_dip<20>     |         |         |    7.005|    7.005|
sw_dip<21>     |         |         |    4.467|    4.467|
sw_dip<22>     |         |         |    4.421|    4.421|
sw_dip<23>     |         |         |    3.483|    3.483|
---------------+---------+---------+---------+---------+

Pad to Pad
---------------+---------------+---------+
Source Pad     |Destination Pad|  Delay  |
---------------+---------------+---------+
sw_dip<0>      |flash_addr<1>  |   15.064|
sw_dip<1>      |flash_addr<2>  |   12.932|
sw_dip<2>      |flash_addr<3>  |   13.029|
sw_dip<3>      |flash_addr<4>  |   12.401|
sw_dip<4>      |flash_addr<5>  |   12.106|
sw_dip<5>      |flash_addr<6>  |   12.195|
sw_dip<6>      |flash_addr<7>  |   12.041|
sw_dip<7>      |flash_addr<8>  |   12.355|
sw_dip<8>      |segdisp0<0>    |   14.623|
sw_dip<8>      |segdisp0<1>    |   14.080|
sw_dip<8>      |segdisp0<2>    |   14.043|
sw_dip<8>      |segdisp0<3>    |   14.060|
sw_dip<8>      |segdisp0<4>    |   14.415|
sw_dip<8>      |segdisp0<5>    |   14.310|
sw_dip<8>      |segdisp0<6>    |   13.500|
sw_dip<9>      |segdisp0<0>    |   12.884|
sw_dip<9>      |segdisp0<1>    |   12.497|
sw_dip<9>      |segdisp0<2>    |   12.304|
sw_dip<9>      |segdisp0<3>    |   12.477|
sw_dip<9>      |segdisp0<4>    |   12.804|
sw_dip<9>      |segdisp0<5>    |   12.699|
sw_dip<9>      |segdisp0<6>    |   12.162|
sw_dip<10>     |segdisp0<0>    |   13.298|
sw_dip<10>     |segdisp0<1>    |   13.002|
sw_dip<10>     |segdisp0<2>    |   12.718|
sw_dip<10>     |segdisp0<3>    |   12.982|
sw_dip<10>     |segdisp0<4>    |   12.920|
sw_dip<10>     |segdisp0<5>    |   12.815|
sw_dip<10>     |segdisp0<6>    |   12.400|
sw_dip<11>     |segdisp0<0>    |   13.087|
sw_dip<11>     |segdisp0<1>    |   12.786|
sw_dip<11>     |segdisp0<2>    |   12.507|
sw_dip<11>     |segdisp0<3>    |   12.766|
sw_dip<11>     |segdisp0<4>    |   12.591|
sw_dip<11>     |segdisp0<5>    |   12.486|
sw_dip<11>     |segdisp0<6>    |   11.825|
sw_dip<12>     |segdisp1<0>    |   13.529|
sw_dip<12>     |segdisp1<1>    |   13.696|
sw_dip<12>     |segdisp1<2>    |   13.007|
sw_dip<12>     |segdisp1<3>    |   13.920|
sw_dip<12>     |segdisp1<4>    |   13.861|
sw_dip<12>     |segdisp1<5>    |   13.591|
sw_dip<12>     |segdisp1<6>    |   12.195|
sw_dip<13>     |segdisp1<0>    |   13.936|
sw_dip<13>     |segdisp1<1>    |   13.884|
sw_dip<13>     |segdisp1<2>    |   13.414|
sw_dip<13>     |segdisp1<3>    |   14.108|
sw_dip<13>     |segdisp1<4>    |   13.750|
sw_dip<13>     |segdisp1<5>    |   13.480|
sw_dip<13>     |segdisp1<6>    |   12.647|
sw_dip<14>     |segdisp1<0>    |   18.764|
sw_dip<14>     |segdisp1<1>    |   18.529|
sw_dip<14>     |segdisp1<2>    |   18.242|
sw_dip<14>     |segdisp1<3>    |   18.753|
sw_dip<14>     |segdisp1<4>    |   18.724|
sw_dip<14>     |segdisp1<5>    |   18.454|
sw_dip<14>     |segdisp1<6>    |   17.259|
sw_dip<15>     |segdisp1<0>    |   16.004|
sw_dip<15>     |segdisp1<1>    |   16.374|
sw_dip<15>     |segdisp1<2>    |   15.482|
sw_dip<15>     |segdisp1<3>    |   16.598|
sw_dip<15>     |segdisp1<4>    |   15.999|
sw_dip<15>     |segdisp1<5>    |   15.729|
sw_dip<15>     |segdisp1<6>    |   14.585|
sw_dip<16>     |led<15>        |   16.004|
sw_dip<17>     |led<15>        |   15.458|
sw_dip<18>     |led<15>        |   17.337|
sw_dip<19>     |led<15>        |   17.078|
sw_dip<20>     |led<15>        |   17.630|
sw_dip<21>     |led<15>        |   14.755|
sw_dip<22>     |led<15>        |   14.601|
sw_dip<22>     |segdisp0<0>    |   15.427|
sw_dip<22>     |segdisp0<1>    |   14.802|
sw_dip<22>     |segdisp0<2>    |   14.847|
sw_dip<22>     |segdisp0<3>    |   14.782|
sw_dip<22>     |segdisp0<4>    |   14.947|
sw_dip<22>     |segdisp0<5>    |   14.842|
sw_dip<22>     |segdisp0<6>    |   14.602|
sw_dip<22>     |segdisp1<0>    |   16.107|
sw_dip<22>     |segdisp1<1>    |   16.404|
sw_dip<22>     |segdisp1<2>    |   15.585|
sw_dip<22>     |segdisp1<3>    |   16.628|
sw_dip<22>     |segdisp1<4>    |   16.350|
sw_dip<22>     |segdisp1<5>    |   16.080|
sw_dip<22>     |segdisp1<6>    |   15.051|
sw_dip<23>     |led<15>        |   13.654|
sw_dip<31>     |flash_addr<1>  |   10.719|
sw_dip<31>     |flash_addr<2>  |   10.936|
sw_dip<31>     |flash_addr<3>  |   11.235|
sw_dip<31>     |flash_addr<4>  |   11.326|
sw_dip<31>     |flash_addr<5>  |   11.130|
sw_dip<31>     |flash_addr<6>  |   11.074|
sw_dip<31>     |flash_addr<7>  |   11.072|
sw_dip<31>     |flash_addr<8>  |   11.307|
sw_dip<31>     |led<15>        |   14.409|
---------------+---------------+---------+


Analysis completed Sat Dec 05 03:37:17 2015 
--------------------------------------------------------------------------------

Trace Settings:
-------------------------
Trace Settings 

Peak Memory Usage: 263 MB



