--------------------------------------------------------------------------------
Release 14.2 Trace  (nt)
Copyright (c) 1995-2012 Xilinx, Inc.  All rights reserved.

D:\Xilinx\14.2\ISE_DS\ISE\bin\nt\unwrapped\trce.exe -intstyle ise -v 3 -s 3 -n
3 -fastpaths -xml flash_test.twx flash_test.ncd -o flash_test.twr
flash_test.pcf -ucf led.ucf -ucf flash.ucf -ucf flash_test.ucf -ucf segdisp.ucf

Design file:              flash_test.ncd
Physical constraint file: flash_test.pcf
Device,package,speed:     xc6slx100,fgg676,C,-3 (PRODUCTION 1.22 2012-07-09)
Report level:             verbose report

Environment Variable      Effect 
--------------------      ------ 
NONE                      No environment variables were set
--------------------------------------------------------------------------------

INFO:Timing:2698 - No timing constraints found, doing default enumeration.
INFO:Timing:3412 - To improve timing, see the Timing Closure User Guide (UG612).
INFO:Timing:2752 - To get complete path coverage, use the unconstrained paths 
   option. All paths that are not constrained will be reported in the 
   unconstrained paths section(s) of the report.
INFO:Timing:3339 - The clock-to-out numbers in this timing report are based on 
   a 50 Ohm transmission line loading model.  For the details of this model, 
   and for more information on accounting for different loading conditions, 
   please see the device datasheet.



Data Sheet report:
-----------------
All values displayed in nanoseconds (ns)

Setup/Hold to clock clk
-------------+------------+------------+------------+------------+------------------+--------+
             |Max Setup to|  Process   |Max Hold to |  Process   |                  | Clock  |
Source       | clk (edge) |   Corner   | clk (edge) |   Corner   |Internal Clock(s) | Phase  |
-------------+------------+------------+------------+------------+------------------+--------+
do_erase     |    7.241(R)|      SLOW  |   -2.416(R)|      FAST  |clk_BUFGP         |   0.000|
do_read      |    7.170(R)|      SLOW  |   -1.865(R)|      FAST  |clk_BUFGP         |   0.000|
do_write     |    9.229(R)|      SLOW  |   -3.313(R)|      FAST  |clk_BUFGP         |   0.000|
flash_data<7>|    3.761(R)|      SLOW  |   -1.411(R)|      FAST  |clk_BUFGP         |   0.000|
user_addr<0> |    5.478(R)|      SLOW  |   -3.324(R)|      FAST  |clk_BUFGP         |   0.000|
user_addr<1> |    3.392(R)|      SLOW  |   -2.065(R)|      FAST  |clk_BUFGP         |   0.000|
user_addr<2> |    3.428(R)|      SLOW  |   -2.068(R)|      FAST  |clk_BUFGP         |   0.000|
user_addr<3> |    2.692(R)|      SLOW  |   -1.616(R)|      FAST  |clk_BUFGP         |   0.000|
user_addr<4> |    3.659(R)|      SLOW  |   -2.218(R)|      FAST  |clk_BUFGP         |   0.000|
user_addr<5> |    3.511(R)|      SLOW  |   -2.053(R)|      FAST  |clk_BUFGP         |   0.000|
user_addr<6> |    2.614(R)|      SLOW  |   -1.537(R)|      FAST  |clk_BUFGP         |   0.000|
user_addr<7> |    2.918(R)|      SLOW  |   -1.720(R)|      FAST  |clk_BUFGP         |   0.000|
user_addr<8> |    3.396(R)|      SLOW  |   -2.073(R)|      FAST  |clk_BUFGP         |   0.000|
user_addr<9> |    1.282(R)|      SLOW  |   -0.650(R)|      SLOW  |clk_BUFGP         |   0.000|
user_addr<10>|    1.522(R)|      SLOW  |   -0.876(R)|      SLOW  |clk_BUFGP         |   0.000|
user_addr<11>|    1.534(R)|      SLOW  |   -0.890(R)|      SLOW  |clk_BUFGP         |   0.000|
user_addr<12>|    0.587(R)|      FAST  |    0.190(R)|      SLOW  |clk_BUFGP         |   0.000|
user_addr<13>|    0.712(R)|      FAST  |    0.014(R)|      SLOW  |clk_BUFGP         |   0.000|
user_addr<14>|    5.536(R)|      SLOW  |   -3.319(R)|      FAST  |clk_BUFGP         |   0.000|
user_addr<15>|    3.073(R)|      SLOW  |   -1.814(R)|      FAST  |clk_BUFGP         |   0.000|
user_addr<16>|    2.504(R)|      SLOW  |   -1.490(R)|      FAST  |clk_BUFGP         |   0.000|
user_addr<17>|    2.807(R)|      SLOW  |   -1.672(R)|      FAST  |clk_BUFGP         |   0.000|
user_addr<18>|    4.139(R)|      SLOW  |   -2.472(R)|      FAST  |clk_BUFGP         |   0.000|
user_addr<19>|    4.136(R)|      SLOW  |   -2.336(R)|      FAST  |clk_BUFGP         |   0.000|
user_addr<20>|    4.287(R)|      SLOW  |   -2.565(R)|      FAST  |clk_BUFGP         |   0.000|
user_addr<21>|    2.198(R)|      SLOW  |   -1.203(R)|      FAST  |clk_BUFGP         |   0.000|
user_data<0> |    3.080(R)|      SLOW  |   -1.924(R)|      FAST  |clk_BUFGP         |   0.000|
user_data<1> |    2.204(R)|      SLOW  |   -1.409(R)|      FAST  |clk_BUFGP         |   0.000|
user_data<2> |    1.591(R)|      SLOW  |   -0.951(R)|      SLOW  |clk_BUFGP         |   0.000|
user_data<3> |    2.357(R)|      SLOW  |   -1.514(R)|      FAST  |clk_BUFGP         |   0.000|
user_data<4> |    1.196(R)|      SLOW  |   -0.570(R)|      SLOW  |clk_BUFGP         |   0.000|
user_data<5> |    0.900(R)|      FAST  |   -0.186(R)|      SLOW  |clk_BUFGP         |   0.000|
user_data<6> |    1.510(R)|      SLOW  |   -0.868(R)|      SLOW  |clk_BUFGP         |   0.000|
user_data<7> |    1.786(R)|      SLOW  |   -1.129(R)|      SLOW  |clk_BUFGP         |   0.000|
-------------+------------+------------+------------+------------+------------------+--------+

Clock clk to Pad
--------------+-----------------+------------+-----------------+------------+------------------+--------+
              |Max (slowest) clk|  Process   |Min (fastest) clk|  Process   |                  | Clock  |
Destination   |  (edge) to PAD  |   Corner   |  (edge) to PAD  |   Corner   |Internal Clock(s) | Phase  |
--------------+-----------------+------------+-----------------+------------+------------------+--------+
flash_addr<1> |        13.611(R)|      SLOW  |         6.746(R)|      FAST  |clk_BUFGP         |   0.000|
flash_addr<2> |        13.178(R)|      SLOW  |         6.411(R)|      FAST  |clk_BUFGP         |   0.000|
flash_addr<3> |        12.826(R)|      SLOW  |         5.886(R)|      FAST  |clk_BUFGP         |   0.000|
flash_addr<4> |        12.771(R)|      SLOW  |         6.171(R)|      FAST  |clk_BUFGP         |   0.000|
flash_addr<5> |        12.127(R)|      SLOW  |         5.639(R)|      FAST  |clk_BUFGP         |   0.000|
flash_addr<6> |        12.231(R)|      SLOW  |         5.677(R)|      FAST  |clk_BUFGP         |   0.000|
flash_addr<7> |        13.100(R)|      SLOW  |         6.410(R)|      FAST  |clk_BUFGP         |   0.000|
flash_addr<8> |        12.364(R)|      SLOW  |         5.917(R)|      FAST  |clk_BUFGP         |   0.000|
flash_addr<9> |        12.341(R)|      SLOW  |         5.390(R)|      FAST  |clk_BUFGP         |   0.000|
flash_addr<10>|        12.573(R)|      SLOW  |         5.305(R)|      FAST  |clk_BUFGP         |   0.000|
flash_addr<11>|        12.933(R)|      SLOW  |         5.700(R)|      FAST  |clk_BUFGP         |   0.000|
flash_addr<12>|        12.589(R)|      SLOW  |         5.933(R)|      FAST  |clk_BUFGP         |   0.000|
flash_addr<13>|        12.995(R)|      SLOW  |         5.947(R)|      FAST  |clk_BUFGP         |   0.000|
flash_addr<14>|        13.034(R)|      SLOW  |         5.502(R)|      FAST  |clk_BUFGP         |   0.000|
flash_addr<15>|        13.157(R)|      SLOW  |         5.726(R)|      FAST  |clk_BUFGP         |   0.000|
flash_addr<16>|        13.078(R)|      SLOW  |         5.917(R)|      FAST  |clk_BUFGP         |   0.000|
flash_addr<17>|        12.602(R)|      SLOW  |         6.001(R)|      FAST  |clk_BUFGP         |   0.000|
flash_addr<18>|        12.833(R)|      SLOW  |         6.054(R)|      FAST  |clk_BUFGP         |   0.000|
flash_addr<19>|        12.770(R)|      SLOW  |         5.961(R)|      FAST  |clk_BUFGP         |   0.000|
flash_addr<20>|        12.545(R)|      SLOW  |         5.833(R)|      FAST  |clk_BUFGP         |   0.000|
flash_addr<21>|        11.358(R)|      SLOW  |         5.269(R)|      FAST  |clk_BUFGP         |   0.000|
flash_addr<22>|        12.698(R)|      SLOW  |         5.972(R)|      FAST  |clk_BUFGP         |   0.000|
flash_ctl<0>  |         7.355(R)|      SLOW  |         3.871(R)|      FAST  |clk_BUFGP         |   0.000|
flash_ctl<3>  |         7.273(R)|      SLOW  |         3.805(R)|      FAST  |clk_BUFGP         |   0.000|
flash_data<0> |         9.351(R)|      SLOW  |         4.739(R)|      FAST  |clk_BUFGP         |   0.000|
flash_data<1> |         8.937(R)|      SLOW  |         4.577(R)|      FAST  |clk_BUFGP         |   0.000|
flash_data<2> |         7.903(R)|      SLOW  |         4.007(R)|      FAST  |clk_BUFGP         |   0.000|
flash_data<3> |         9.178(R)|      SLOW  |         4.585(R)|      FAST  |clk_BUFGP         |   0.000|
flash_data<4> |        10.289(R)|      SLOW  |         5.353(R)|      FAST  |clk_BUFGP         |   0.000|
flash_data<5> |         8.736(R)|      SLOW  |         4.455(R)|      FAST  |clk_BUFGP         |   0.000|
flash_data<6> |         8.375(R)|      SLOW  |         4.321(R)|      FAST  |clk_BUFGP         |   0.000|
flash_data<7> |         8.129(R)|      SLOW  |         4.201(R)|      FAST  |clk_BUFGP         |   0.000|
flash_data<8> |         7.948(R)|      SLOW  |         4.142(R)|      FAST  |clk_BUFGP         |   0.000|
flash_data<9> |         8.937(R)|      SLOW  |         4.770(R)|      FAST  |clk_BUFGP         |   0.000|
flash_data<10>|         9.403(R)|      SLOW  |         5.045(R)|      FAST  |clk_BUFGP         |   0.000|
flash_data<11>|        10.532(R)|      SLOW  |         5.737(R)|      FAST  |clk_BUFGP         |   0.000|
flash_data<12>|         8.770(R)|      SLOW  |         4.667(R)|      FAST  |clk_BUFGP         |   0.000|
flash_data<13>|         8.736(R)|      SLOW  |         4.645(R)|      FAST  |clk_BUFGP         |   0.000|
flash_data<14>|         8.129(R)|      SLOW  |         4.259(R)|      FAST  |clk_BUFGP         |   0.000|
flash_data<15>|         7.948(R)|      SLOW  |         4.142(R)|      FAST  |clk_BUFGP         |   0.000|
led<0>        |         9.884(R)|      SLOW  |         5.536(R)|      FAST  |clk_BUFGP         |   0.000|
led<1>        |         6.595(R)|      SLOW  |         3.138(R)|      FAST  |clk_BUFGP         |   0.000|
led<2>        |         6.588(R)|      SLOW  |         3.131(R)|      FAST  |clk_BUFGP         |   0.000|
led<3>        |         6.588(R)|      SLOW  |         3.131(R)|      FAST  |clk_BUFGP         |   0.000|
--------------+-----------------+------------+-----------------+------------+------------------+--------+

Clock to Setup on destination clock clk
---------------+---------+---------+---------+---------+
               | Src:Rise| Src:Fall| Src:Rise| Src:Fall|
Source Clock   |Dest:Rise|Dest:Rise|Dest:Fall|Dest:Fall|
---------------+---------+---------+---------+---------+
clk            |    3.796|         |         |         |
---------------+---------+---------+---------+---------+

Pad to Pad
---------------+---------------+---------+
Source Pad     |Destination Pad|  Delay  |
---------------+---------------+---------+
flash_data<0>  |segdisp0<0>    |   11.299|
flash_data<0>  |segdisp0<1>    |   11.164|
flash_data<0>  |segdisp0<2>    |   11.790|
flash_data<0>  |segdisp0<3>    |   11.708|
flash_data<0>  |segdisp0<4>    |   11.479|
flash_data<0>  |segdisp0<5>    |   11.572|
flash_data<0>  |segdisp0<6>    |   12.193|
flash_data<1>  |segdisp0<0>    |   10.873|
flash_data<1>  |segdisp0<1>    |   10.790|
flash_data<1>  |segdisp0<2>    |   10.695|
flash_data<1>  |segdisp0<3>    |   11.547|
flash_data<1>  |segdisp0<4>    |   11.318|
flash_data<1>  |segdisp0<5>    |   11.146|
flash_data<1>  |segdisp0<6>    |   11.098|
flash_data<2>  |segdisp0<0>    |   11.597|
flash_data<2>  |segdisp0<1>    |   12.019|
flash_data<2>  |segdisp0<2>    |   11.476|
flash_data<2>  |segdisp0<3>    |   12.401|
flash_data<2>  |segdisp0<4>    |   12.172|
flash_data<2>  |segdisp0<5>    |   11.870|
flash_data<2>  |segdisp0<6>    |   11.879|
flash_data<3>  |segdisp0<0>    |   10.849|
flash_data<3>  |segdisp0<1>    |   10.940|
flash_data<3>  |segdisp0<2>    |   11.243|
flash_data<3>  |segdisp0<3>    |   11.860|
flash_data<3>  |segdisp0<4>    |   11.631|
flash_data<3>  |segdisp0<5>    |   11.122|
flash_data<3>  |segdisp0<6>    |   11.646|
flash_data<4>  |segdisp1<0>    |   13.722|
flash_data<4>  |segdisp1<1>    |   13.706|
flash_data<4>  |segdisp1<2>    |   13.303|
flash_data<4>  |segdisp1<3>    |   13.635|
flash_data<4>  |segdisp1<4>    |   13.680|
flash_data<4>  |segdisp1<5>    |   13.632|
flash_data<4>  |segdisp1<6>    |   12.750|
flash_data<5>  |segdisp1<0>    |   12.821|
flash_data<5>  |segdisp1<1>    |   12.547|
flash_data<5>  |segdisp1<2>    |   12.198|
flash_data<5>  |segdisp1<3>    |   12.853|
flash_data<5>  |segdisp1<4>    |   12.898|
flash_data<5>  |segdisp1<5>    |   12.731|
flash_data<5>  |segdisp1<6>    |   11.645|
flash_data<6>  |segdisp1<0>    |   12.167|
flash_data<6>  |segdisp1<1>    |   12.091|
flash_data<6>  |segdisp1<2>    |   11.731|
flash_data<6>  |segdisp1<3>    |   12.219|
flash_data<6>  |segdisp1<4>    |   12.264|
flash_data<6>  |segdisp1<5>    |   12.077|
flash_data<6>  |segdisp1<6>    |   11.178|
flash_data<7>  |segdisp1<0>    |   12.669|
flash_data<7>  |segdisp1<1>    |   12.640|
flash_data<7>  |segdisp1<2>    |   12.419|
flash_data<7>  |segdisp1<3>    |   12.994|
flash_data<7>  |segdisp1<4>    |   13.039|
flash_data<7>  |segdisp1<5>    |   12.579|
flash_data<7>  |segdisp1<6>    |   11.866|
flash_data<8>  |led<8>         |   10.195|
flash_data<9>  |led<9>         |   11.513|
flash_data<10> |led<10>        |   10.987|
flash_data<11> |led<11>        |   11.942|
flash_data<12> |led<12>        |    9.935|
flash_data<13> |led<13>        |   10.461|
flash_data<14> |led<14>        |    9.748|
flash_data<15> |led<15>        |    9.928|
user_addr<0>   |flash_addr<1>  |   15.384|
user_addr<1>   |flash_addr<2>  |   13.183|
user_addr<2>   |flash_addr<3>  |   12.753|
user_addr<3>   |flash_addr<4>  |   12.262|
user_addr<4>   |flash_addr<5>  |   12.472|
user_addr<5>   |flash_addr<6>  |   12.614|
user_addr<6>   |flash_addr<7>  |   12.128|
user_addr<7>   |flash_addr<8>  |   12.403|
user_addr<8>   |flash_addr<9>  |   12.118|
user_addr<9>   |flash_addr<10> |    9.858|
user_addr<10>  |flash_addr<11> |   10.174|
user_addr<11>  |flash_addr<12> |    9.355|
user_addr<12>  |flash_addr<13> |   10.158|
user_addr<13>  |flash_addr<14> |    9.237|
user_addr<14>  |flash_addr<15> |   14.351|
user_addr<15>  |flash_addr<16> |   12.147|
user_addr<16>  |flash_addr<17> |   11.425|
user_addr<17>  |flash_addr<18> |   12.924|
user_addr<18>  |flash_addr<19> |   13.503|
user_addr<19>  |flash_addr<20> |   13.000|
user_addr<20>  |flash_addr<21> |   11.453|
user_addr<21>  |flash_addr<22> |   11.976|
---------------+---------------+---------+


Analysis completed Sun Nov 29 15:06:29 2015 
--------------------------------------------------------------------------------

Trace Settings:
-------------------------
Trace Settings 

Peak Memory Usage: 262 MB



