--------------------------------------------------------------------------------
Release 14.2 Trace  (nt64)
Copyright (c) 1995-2012 Xilinx, Inc.  All rights reserved.

C:\Xilinx\14.2\ISE_DS\ISE\bin\nt64\unwrapped\trce.exe -intstyle ise -v 3 -s 3
-n 3 -fastpaths -xml cpu_top.twx cpu_top.ncd -o cpu_top.twr cpu_top.pcf -ucf
flash.ucf -ucf com.ucf -ucf segdisp.ucf -ucf misc.ucf -ucf ram.ucf -ucf key.ucf

Design file:              cpu_top.ncd
Physical constraint file: cpu_top.pcf
Device,package,speed:     xc6slx100,fgg676,C,-3 (PRODUCTION 1.22 2012-07-09)
Report level:             verbose report

Environment Variable      Effect 
--------------------      ------ 
NONE                      No environment variables were set
--------------------------------------------------------------------------------

INFO:Timing:2698 - No timing constraints found, doing default enumeration.
INFO:Timing:3412 - To improve timing, see the Timing Closure User Guide (UG612).
INFO:Timing:2752 - To get complete path coverage, use the unconstrained paths 
   option. All paths that are not constrained will be reported in the 
   unconstrained paths section(s) of the report.
INFO:Timing:3339 - The clock-to-out numbers in this timing report are based on 
   a 50 Ohm transmission line loading model.  For the details of this model, 
   and for more information on accounting for different loading conditions, 
   please see the device datasheet.



Data Sheet report:
-----------------
All values displayed in nanoseconds (ns)

Setup/Hold to clock clk
--------------+------------+------------+------------+------------+------------------+--------+
              |Max Setup to|  Process   |Max Hold to |  Process   |                  | Clock  |
Source        | clk (edge) |   Corner   | clk (edge) |   Corner   |Internal Clock(s) | Phase  |
--------------+------------+------------+------------+------------+------------------+--------+
flash_data<0> |   13.146(R)|      SLOW  |   -7.975(R)|      FAST  |clk_BUFGP         |   0.000|
flash_data<1> |   13.349(R)|      SLOW  |   -8.203(R)|      FAST  |clk_BUFGP         |   0.000|
flash_data<2> |   12.169(R)|      SLOW  |   -7.468(R)|      FAST  |clk_BUFGP         |   0.000|
flash_data<3> |   12.096(R)|      SLOW  |   -7.397(R)|      FAST  |clk_BUFGP         |   0.000|
flash_data<4> |   14.039(R)|      SLOW  |   -8.602(R)|      FAST  |clk_BUFGP         |   0.000|
flash_data<5> |   10.820(R)|      SLOW  |   -6.620(R)|      FAST  |clk_BUFGP         |   0.000|
flash_data<6> |   12.713(R)|      SLOW  |   -7.797(R)|      FAST  |clk_BUFGP         |   0.000|
flash_data<7> |   10.970(R)|      SLOW  |   -6.662(R)|      FAST  |clk_BUFGP         |   0.000|
flash_data<8> |   12.928(R)|      SLOW  |   -7.783(R)|      FAST  |clk_BUFGP         |   0.000|
flash_data<9> |   14.196(R)|      SLOW  |   -8.613(R)|      FAST  |clk_BUFGP         |   0.000|
flash_data<10>|   13.039(R)|      SLOW  |   -8.034(R)|      FAST  |clk_BUFGP         |   0.000|
flash_data<11>|   13.111(R)|      SLOW  |   -7.942(R)|      FAST  |clk_BUFGP         |   0.000|
flash_data<12>|   13.361(R)|      SLOW  |   -8.133(R)|      FAST  |clk_BUFGP         |   0.000|
flash_data<13>|   12.346(R)|      SLOW  |   -7.524(R)|      FAST  |clk_BUFGP         |   0.000|
flash_data<14>|   12.360(R)|      SLOW  |   -7.577(R)|      FAST  |clk_BUFGP         |   0.000|
flash_data<15>|   13.492(R)|      SLOW  |   -8.358(R)|      FAST  |clk_BUFGP         |   0.000|
rst           |   17.483(R)|      SLOW  |   -5.643(R)|      FAST  |clk_BUFGP         |   0.000|
sw_dip<7>     |   10.833(R)|      SLOW  |   -4.273(R)|      FAST  |clk_BUFGP         |   0.000|
sw_dip<8>     |   11.233(R)|      SLOW  |   -4.176(R)|      FAST  |clk_BUFGP         |   0.000|
sw_dip<9>     |   15.850(R)|      SLOW  |   -5.171(R)|      FAST  |clk_BUFGP         |   0.000|
sw_dip<10>    |   16.219(R)|      SLOW  |   -5.888(R)|      FAST  |clk_BUFGP         |   0.000|
sw_dip<16>    |   13.600(R)|      SLOW  |   -5.165(R)|      FAST  |clk_BUFGP         |   0.000|
sw_dip<17>    |   13.924(R)|      SLOW  |   -5.283(R)|      FAST  |clk_BUFGP         |   0.000|
sw_dip<18>    |   14.044(R)|      SLOW  |   -6.068(R)|      FAST  |clk_BUFGP         |   0.000|
sw_dip<19>    |   13.989(R)|      SLOW  |   -5.900(R)|      FAST  |clk_BUFGP         |   0.000|
sw_dip<20>    |   14.220(R)|      SLOW  |   -5.803(R)|      FAST  |clk_BUFGP         |   0.000|
sw_dip<21>    |   12.389(R)|      SLOW  |   -5.168(R)|      FAST  |clk_BUFGP         |   0.000|
sw_dip<22>    |   11.964(R)|      SLOW  |   -5.088(R)|      FAST  |clk_BUFGP         |   0.000|
sw_dip<23>    |   13.182(R)|      SLOW  |   -5.656(R)|      FAST  |clk_BUFGP         |   0.000|
--------------+------------+------------+------------+------------+------------------+--------+

Setup/Hold to clock clk_key
----------------+------------+------------+------------+------------+------------------+--------+
                |Max Setup to|  Process   |Max Hold to |  Process   |                  | Clock  |
Source          | clk (edge) |   Corner   | clk (edge) |   Corner   |Internal Clock(s) | Phase  |
----------------+------------+------------+------------+------------+------------------+--------+
baseram_data<0> |   -1.200(R)|      FAST  |    3.074(R)|      SLOW  |sopc/clk_tmp_BUFG |   0.000|
baseram_data<1> |   -1.635(R)|      FAST  |    3.707(R)|      SLOW  |sopc/clk_tmp_BUFG |   0.000|
baseram_data<2> |   -1.802(R)|      FAST  |    3.919(R)|      SLOW  |sopc/clk_tmp_BUFG |   0.000|
baseram_data<3> |   -1.792(R)|      FAST  |    3.925(R)|      SLOW  |sopc/clk_tmp_BUFG |   0.000|
baseram_data<4> |   -2.158(R)|      FAST  |    4.449(R)|      SLOW  |sopc/clk_tmp_BUFG |   0.000|
baseram_data<5> |   -1.617(R)|      FAST  |    3.679(R)|      SLOW  |sopc/clk_tmp_BUFG |   0.000|
baseram_data<6> |   -0.669(R)|      FAST  |    2.243(R)|      SLOW  |sopc/clk_tmp_BUFG |   0.000|
baseram_data<7> |   -1.854(R)|      FAST  |    4.011(R)|      SLOW  |sopc/clk_tmp_BUFG |   0.000|
baseram_data<8> |    0.362(R)|      FAST  |    0.786(R)|      SLOW  |sopc/clk_tmp_BUFG |   0.000|
baseram_data<9> |    0.185(R)|      FAST  |    1.034(R)|      SLOW  |sopc/clk_tmp_BUFG |   0.000|
baseram_data<10>|    0.357(R)|      FAST  |    0.807(R)|      SLOW  |sopc/clk_tmp_BUFG |   0.000|
baseram_data<11>|   -0.135(R)|      FAST  |    1.468(R)|      SLOW  |sopc/clk_tmp_BUFG |   0.000|
baseram_data<12>|   -1.350(R)|      FAST  |    3.228(R)|      SLOW  |sopc/clk_tmp_BUFG |   0.000|
baseram_data<13>|   -0.600(R)|      FAST  |    2.192(R)|      SLOW  |sopc/clk_tmp_BUFG |   0.000|
baseram_data<14>|   -0.739(R)|      FAST  |    2.448(R)|      SLOW  |sopc/clk_tmp_BUFG |   0.000|
baseram_data<15>|   -0.863(R)|      FAST  |    2.587(R)|      SLOW  |sopc/clk_tmp_BUFG |   0.000|
baseram_data<16>|   -0.951(R)|      FAST  |    2.680(R)|      SLOW  |sopc/clk_tmp_BUFG |   0.000|
baseram_data<17>|   -1.014(R)|      FAST  |    2.779(R)|      SLOW  |sopc/clk_tmp_BUFG |   0.000|
baseram_data<18>|   -1.641(R)|      FAST  |    3.689(R)|      SLOW  |sopc/clk_tmp_BUFG |   0.000|
baseram_data<19>|   -1.640(R)|      FAST  |    3.719(R)|      SLOW  |sopc/clk_tmp_BUFG |   0.000|
baseram_data<20>|   -2.043(R)|      FAST  |    4.284(R)|      SLOW  |sopc/clk_tmp_BUFG |   0.000|
baseram_data<21>|   -1.782(R)|      FAST  |    3.940(R)|      SLOW  |sopc/clk_tmp_BUFG |   0.000|
baseram_data<22>|   -2.074(R)|      FAST  |    4.359(R)|      SLOW  |sopc/clk_tmp_BUFG |   0.000|
baseram_data<23>|   -2.026(R)|      FAST  |    4.260(R)|      SLOW  |sopc/clk_tmp_BUFG |   0.000|
baseram_data<24>|   -1.017(R)|      FAST  |    2.756(R)|      SLOW  |sopc/clk_tmp_BUFG |   0.000|
baseram_data<25>|   -1.084(R)|      FAST  |    2.863(R)|      SLOW  |sopc/clk_tmp_BUFG |   0.000|
baseram_data<26>|   -1.241(R)|      FAST  |    3.070(R)|      SLOW  |sopc/clk_tmp_BUFG |   0.000|
baseram_data<27>|   -1.543(R)|      FAST  |    3.480(R)|      SLOW  |sopc/clk_tmp_BUFG |   0.000|
baseram_data<28>|   -1.337(R)|      FAST  |    3.185(R)|      SLOW  |sopc/clk_tmp_BUFG |   0.000|
baseram_data<29>|   -1.269(R)|      FAST  |    3.178(R)|      SLOW  |sopc/clk_tmp_BUFG |   0.000|
baseram_data<30>|   -1.368(R)|      FAST  |    3.239(R)|      SLOW  |sopc/clk_tmp_BUFG |   0.000|
baseram_data<31>|   -1.454(R)|      FAST  |    3.373(R)|      SLOW  |sopc/clk_tmp_BUFG |   0.000|
com_RxD         |   -1.133(R)|      FAST  |    3.001(R)|      SLOW  |sopc/clk_tmp_BUFG |   0.000|
extram_data<0>  |    1.325(R)|      SLOW  |   -0.233(R)|      SLOW  |sopc/clk_tmp_BUFG |   0.000|
extram_data<1>  |    1.037(R)|      SLOW  |    0.060(R)|      SLOW  |sopc/clk_tmp_BUFG |   0.000|
extram_data<2>  |    1.181(R)|      SLOW  |   -0.079(R)|      SLOW  |sopc/clk_tmp_BUFG |   0.000|
extram_data<3>  |    1.374(R)|      SLOW  |   -0.265(R)|      SLOW  |sopc/clk_tmp_BUFG |   0.000|
extram_data<4>  |    1.182(R)|      SLOW  |   -0.062(R)|      SLOW  |sopc/clk_tmp_BUFG |   0.000|
extram_data<5>  |    0.633(R)|      SLOW  |    0.466(R)|      SLOW  |sopc/clk_tmp_BUFG |   0.000|
extram_data<6>  |    0.547(R)|      SLOW  |    0.541(R)|      SLOW  |sopc/clk_tmp_BUFG |   0.000|
extram_data<7>  |    0.169(R)|      FAST  |    0.973(R)|      SLOW  |sopc/clk_tmp_BUFG |   0.000|
extram_data<8>  |   -1.602(R)|      FAST  |    3.558(R)|      SLOW  |sopc/clk_tmp_BUFG |   0.000|
extram_data<9>  |   -1.604(R)|      FAST  |    3.597(R)|      SLOW  |sopc/clk_tmp_BUFG |   0.000|
extram_data<10> |   -0.869(R)|      FAST  |    2.516(R)|      SLOW  |sopc/clk_tmp_BUFG |   0.000|
extram_data<11> |   -0.980(R)|      FAST  |    2.658(R)|      SLOW  |sopc/clk_tmp_BUFG |   0.000|
extram_data<12> |   -1.478(R)|      FAST  |    3.393(R)|      SLOW  |sopc/clk_tmp_BUFG |   0.000|
extram_data<13> |   -0.583(R)|      FAST  |    2.153(R)|      SLOW  |sopc/clk_tmp_BUFG |   0.000|
extram_data<14> |   -1.244(R)|      FAST  |    3.081(R)|      SLOW  |sopc/clk_tmp_BUFG |   0.000|
extram_data<15> |   -1.626(R)|      FAST  |    3.570(R)|      SLOW  |sopc/clk_tmp_BUFG |   0.000|
extram_data<16> |   -1.882(R)|      FAST  |    3.994(R)|      SLOW  |sopc/clk_tmp_BUFG |   0.000|
extram_data<17> |   -1.916(R)|      FAST  |    4.102(R)|      SLOW  |sopc/clk_tmp_BUFG |   0.000|
extram_data<18> |   -1.806(R)|      FAST  |    3.923(R)|      SLOW  |sopc/clk_tmp_BUFG |   0.000|
extram_data<19> |   -1.759(R)|      FAST  |    3.801(R)|      SLOW  |sopc/clk_tmp_BUFG |   0.000|
extram_data<20> |   -1.843(R)|      FAST  |    3.937(R)|      SLOW  |sopc/clk_tmp_BUFG |   0.000|
extram_data<21> |   -1.596(R)|      FAST  |    3.668(R)|      SLOW  |sopc/clk_tmp_BUFG |   0.000|
extram_data<22> |   -1.843(R)|      FAST  |    3.959(R)|      SLOW  |sopc/clk_tmp_BUFG |   0.000|
extram_data<23> |   -1.877(R)|      FAST  |    4.053(R)|      SLOW  |sopc/clk_tmp_BUFG |   0.000|
extram_data<24> |   -0.953(R)|      FAST  |    2.610(R)|      SLOW  |sopc/clk_tmp_BUFG |   0.000|
extram_data<25> |   -0.979(R)|      FAST  |    2.688(R)|      SLOW  |sopc/clk_tmp_BUFG |   0.000|
extram_data<26> |   -1.109(R)|      FAST  |    2.778(R)|      SLOW  |sopc/clk_tmp_BUFG |   0.000|
extram_data<27> |   -1.423(R)|      FAST  |    3.269(R)|      SLOW  |sopc/clk_tmp_BUFG |   0.000|
extram_data<28> |   -1.062(R)|      FAST  |    2.799(R)|      SLOW  |sopc/clk_tmp_BUFG |   0.000|
extram_data<29> |   -0.801(R)|      FAST  |    2.479(R)|      SLOW  |sopc/clk_tmp_BUFG |   0.000|
extram_data<30> |   -0.771(R)|      FAST  |    2.374(R)|      SLOW  |sopc/clk_tmp_BUFG |   0.000|
extram_data<31> |   -1.865(R)|      FAST  |    3.861(R)|      SLOW  |sopc/clk_tmp_BUFG |   0.000|
flash_data<0>   |   14.231(R)|      SLOW  |   -0.833(R)|      FAST  |sopc/clk_tmp_BUFG |   0.000|
flash_data<1>   |   14.592(R)|      SLOW  |   -0.356(R)|      SLOW  |sopc/clk_tmp_BUFG |   0.000|
flash_data<2>   |   11.826(R)|      SLOW  |    0.762(R)|      SLOW  |sopc/clk_tmp_BUFG |   0.000|
flash_data<3>   |   13.691(R)|      SLOW  |   -0.511(R)|      FAST  |sopc/clk_tmp_BUFG |   0.000|
flash_data<4>   |   14.845(R)|      SLOW  |   -1.321(R)|      FAST  |sopc/clk_tmp_BUFG |   0.000|
flash_data<5>   |   13.824(R)|      SLOW  |    0.191(R)|      SLOW  |sopc/clk_tmp_BUFG |   0.000|
flash_data<6>   |   12.554(R)|      SLOW  |    0.250(R)|      SLOW  |sopc/clk_tmp_BUFG |   0.000|
flash_data<7>   |   13.257(R)|      SLOW  |    0.544(R)|      SLOW  |sopc/clk_tmp_BUFG |   0.000|
flash_data<8>   |   12.718(R)|      SLOW  |    0.178(R)|      SLOW  |sopc/clk_tmp_BUFG |   0.000|
flash_data<9>   |   14.344(R)|      SLOW  |   -0.119(R)|      SLOW  |sopc/clk_tmp_BUFG |   0.000|
flash_data<10>  |   12.690(R)|      SLOW  |   -0.775(R)|      FAST  |sopc/clk_tmp_BUFG |   0.000|
flash_data<11>  |   14.151(R)|      SLOW  |   -1.034(R)|      FAST  |sopc/clk_tmp_BUFG |   0.000|
flash_data<12>  |   12.913(R)|      SLOW  |   -0.450(R)|      SLOW  |sopc/clk_tmp_BUFG |   0.000|
flash_data<13>  |   13.173(R)|      SLOW  |   -0.209(R)|      SLOW  |sopc/clk_tmp_BUFG |   0.000|
flash_data<14>  |   13.081(R)|      SLOW  |   -0.187(R)|      SLOW  |sopc/clk_tmp_BUFG |   0.000|
flash_data<15>  |   14.455(R)|      SLOW  |   -0.330(R)|      SLOW  |sopc/clk_tmp_BUFG |   0.000|
rst             |   14.986(R)|      SLOW  |    5.692(R)|      SLOW  |sopc/clk_tmp_BUFG |   0.000|
sw_dip<0>       |   -0.127(R)|      FAST  |    1.838(R)|      SLOW  |sopc/clk_tmp_BUFG |   0.000|
sw_dip<1>       |   -1.712(R)|      FAST  |    4.049(R)|      SLOW  |sopc/clk_tmp_BUFG |   0.000|
sw_dip<2>       |   -1.694(R)|      FAST  |    4.047(R)|      SLOW  |sopc/clk_tmp_BUFG |   0.000|
sw_dip<3>       |   -1.670(R)|      FAST  |    4.008(R)|      SLOW  |sopc/clk_tmp_BUFG |   0.000|
sw_dip<4>       |   -1.509(R)|      FAST  |    3.772(R)|      SLOW  |sopc/clk_tmp_BUFG |   0.000|
----------------+------------+------------+------------+------------+------------------+--------+

Setup/Hold to clock sw_dip<31>
----------------+------------+------------+------------+------------+------------------+--------+
                |Max Setup to|  Process   |Max Hold to |  Process   |                  | Clock  |
Source          | clk (edge) |   Corner   | clk (edge) |   Corner   |Internal Clock(s) | Phase  |
----------------+------------+------------+------------+------------+------------------+--------+
baseram_data<0> |   -1.940(R)|      FAST  |    4.198(R)|      SLOW  |sopc/clk_tmp_BUFG |   0.000|
baseram_data<1> |   -2.375(R)|      FAST  |    4.831(R)|      SLOW  |sopc/clk_tmp_BUFG |   0.000|
baseram_data<2> |   -2.542(R)|      FAST  |    5.043(R)|      SLOW  |sopc/clk_tmp_BUFG |   0.000|
baseram_data<3> |   -2.532(R)|      FAST  |    5.049(R)|      SLOW  |sopc/clk_tmp_BUFG |   0.000|
baseram_data<4> |   -2.898(R)|      FAST  |    5.573(R)|      SLOW  |sopc/clk_tmp_BUFG |   0.000|
baseram_data<5> |   -2.357(R)|      FAST  |    4.803(R)|      SLOW  |sopc/clk_tmp_BUFG |   0.000|
baseram_data<6> |   -1.409(R)|      FAST  |    3.367(R)|      SLOW  |sopc/clk_tmp_BUFG |   0.000|
baseram_data<7> |   -2.594(R)|      FAST  |    5.135(R)|      SLOW  |sopc/clk_tmp_BUFG |   0.000|
baseram_data<8> |   -0.378(R)|      FAST  |    1.910(R)|      SLOW  |sopc/clk_tmp_BUFG |   0.000|
baseram_data<9> |   -0.555(R)|      FAST  |    2.158(R)|      SLOW  |sopc/clk_tmp_BUFG |   0.000|
baseram_data<10>|   -0.383(R)|      FAST  |    1.931(R)|      SLOW  |sopc/clk_tmp_BUFG |   0.000|
baseram_data<11>|   -0.875(R)|      FAST  |    2.592(R)|      SLOW  |sopc/clk_tmp_BUFG |   0.000|
baseram_data<12>|   -2.090(R)|      FAST  |    4.352(R)|      SLOW  |sopc/clk_tmp_BUFG |   0.000|
baseram_data<13>|   -1.340(R)|      FAST  |    3.316(R)|      SLOW  |sopc/clk_tmp_BUFG |   0.000|
baseram_data<14>|   -1.479(R)|      FAST  |    3.572(R)|      SLOW  |sopc/clk_tmp_BUFG |   0.000|
baseram_data<15>|   -1.603(R)|      FAST  |    3.711(R)|      SLOW  |sopc/clk_tmp_BUFG |   0.000|
baseram_data<16>|   -1.691(R)|      FAST  |    3.804(R)|      SLOW  |sopc/clk_tmp_BUFG |   0.000|
baseram_data<17>|   -1.754(R)|      FAST  |    3.903(R)|      SLOW  |sopc/clk_tmp_BUFG |   0.000|
baseram_data<18>|   -2.381(R)|      FAST  |    4.813(R)|      SLOW  |sopc/clk_tmp_BUFG |   0.000|
baseram_data<19>|   -2.380(R)|      FAST  |    4.843(R)|      SLOW  |sopc/clk_tmp_BUFG |   0.000|
baseram_data<20>|   -2.783(R)|      FAST  |    5.408(R)|      SLOW  |sopc/clk_tmp_BUFG |   0.000|
baseram_data<21>|   -2.522(R)|      FAST  |    5.064(R)|      SLOW  |sopc/clk_tmp_BUFG |   0.000|
baseram_data<22>|   -2.814(R)|      FAST  |    5.483(R)|      SLOW  |sopc/clk_tmp_BUFG |   0.000|
baseram_data<23>|   -2.766(R)|      FAST  |    5.384(R)|      SLOW  |sopc/clk_tmp_BUFG |   0.000|
baseram_data<24>|   -1.757(R)|      FAST  |    3.880(R)|      SLOW  |sopc/clk_tmp_BUFG |   0.000|
baseram_data<25>|   -1.824(R)|      FAST  |    3.987(R)|      SLOW  |sopc/clk_tmp_BUFG |   0.000|
baseram_data<26>|   -1.981(R)|      FAST  |    4.194(R)|      SLOW  |sopc/clk_tmp_BUFG |   0.000|
baseram_data<27>|   -2.283(R)|      FAST  |    4.604(R)|      SLOW  |sopc/clk_tmp_BUFG |   0.000|
baseram_data<28>|   -2.077(R)|      FAST  |    4.309(R)|      SLOW  |sopc/clk_tmp_BUFG |   0.000|
baseram_data<29>|   -2.009(R)|      FAST  |    4.302(R)|      SLOW  |sopc/clk_tmp_BUFG |   0.000|
baseram_data<30>|   -2.108(R)|      FAST  |    4.363(R)|      SLOW  |sopc/clk_tmp_BUFG |   0.000|
baseram_data<31>|   -2.194(R)|      FAST  |    4.497(R)|      SLOW  |sopc/clk_tmp_BUFG |   0.000|
com_RxD         |   -1.873(R)|      FAST  |    4.125(R)|      SLOW  |sopc/clk_tmp_BUFG |   0.000|
extram_data<0>  |    0.417(R)|      FAST  |    0.891(R)|      SLOW  |sopc/clk_tmp_BUFG |   0.000|
extram_data<1>  |    0.062(R)|      FAST  |    1.184(R)|      SLOW  |sopc/clk_tmp_BUFG |   0.000|
extram_data<2>  |    0.236(R)|      FAST  |    1.045(R)|      SLOW  |sopc/clk_tmp_BUFG |   0.000|
extram_data<3>  |    0.338(R)|      FAST  |    0.859(R)|      SLOW  |sopc/clk_tmp_BUFG |   0.000|
extram_data<4>  |    0.184(R)|      FAST  |    1.062(R)|      SLOW  |sopc/clk_tmp_BUFG |   0.000|
extram_data<5>  |   -0.204(R)|      FAST  |    1.590(R)|      SLOW  |sopc/clk_tmp_BUFG |   0.000|
extram_data<6>  |   -0.229(R)|      FAST  |    1.665(R)|      SLOW  |sopc/clk_tmp_BUFG |   0.000|
extram_data<7>  |   -0.571(R)|      FAST  |    2.097(R)|      SLOW  |sopc/clk_tmp_BUFG |   0.000|
extram_data<8>  |   -2.342(R)|      FAST  |    4.682(R)|      SLOW  |sopc/clk_tmp_BUFG |   0.000|
extram_data<9>  |   -2.344(R)|      FAST  |    4.721(R)|      SLOW  |sopc/clk_tmp_BUFG |   0.000|
extram_data<10> |   -1.609(R)|      FAST  |    3.640(R)|      SLOW  |sopc/clk_tmp_BUFG |   0.000|
extram_data<11> |   -1.720(R)|      FAST  |    3.782(R)|      SLOW  |sopc/clk_tmp_BUFG |   0.000|
extram_data<12> |   -2.218(R)|      FAST  |    4.517(R)|      SLOW  |sopc/clk_tmp_BUFG |   0.000|
extram_data<13> |   -1.323(R)|      FAST  |    3.277(R)|      SLOW  |sopc/clk_tmp_BUFG |   0.000|
extram_data<14> |   -1.984(R)|      FAST  |    4.205(R)|      SLOW  |sopc/clk_tmp_BUFG |   0.000|
extram_data<15> |   -2.366(R)|      FAST  |    4.694(R)|      SLOW  |sopc/clk_tmp_BUFG |   0.000|
extram_data<16> |   -2.622(R)|      FAST  |    5.118(R)|      SLOW  |sopc/clk_tmp_BUFG |   0.000|
extram_data<17> |   -2.656(R)|      FAST  |    5.226(R)|      SLOW  |sopc/clk_tmp_BUFG |   0.000|
extram_data<18> |   -2.546(R)|      FAST  |    5.047(R)|      SLOW  |sopc/clk_tmp_BUFG |   0.000|
extram_data<19> |   -2.499(R)|      FAST  |    4.925(R)|      SLOW  |sopc/clk_tmp_BUFG |   0.000|
extram_data<20> |   -2.583(R)|      FAST  |    5.061(R)|      SLOW  |sopc/clk_tmp_BUFG |   0.000|
extram_data<21> |   -2.336(R)|      FAST  |    4.792(R)|      SLOW  |sopc/clk_tmp_BUFG |   0.000|
extram_data<22> |   -2.583(R)|      FAST  |    5.083(R)|      SLOW  |sopc/clk_tmp_BUFG |   0.000|
extram_data<23> |   -2.617(R)|      FAST  |    5.177(R)|      SLOW  |sopc/clk_tmp_BUFG |   0.000|
extram_data<24> |   -1.693(R)|      FAST  |    3.734(R)|      SLOW  |sopc/clk_tmp_BUFG |   0.000|
extram_data<25> |   -1.719(R)|      FAST  |    3.812(R)|      SLOW  |sopc/clk_tmp_BUFG |   0.000|
extram_data<26> |   -1.849(R)|      FAST  |    3.902(R)|      SLOW  |sopc/clk_tmp_BUFG |   0.000|
extram_data<27> |   -2.163(R)|      FAST  |    4.393(R)|      SLOW  |sopc/clk_tmp_BUFG |   0.000|
extram_data<28> |   -1.802(R)|      FAST  |    3.923(R)|      SLOW  |sopc/clk_tmp_BUFG |   0.000|
extram_data<29> |   -1.541(R)|      FAST  |    3.603(R)|      SLOW  |sopc/clk_tmp_BUFG |   0.000|
extram_data<30> |   -1.511(R)|      FAST  |    3.498(R)|      SLOW  |sopc/clk_tmp_BUFG |   0.000|
extram_data<31> |   -2.605(R)|      FAST  |    4.985(R)|      SLOW  |sopc/clk_tmp_BUFG |   0.000|
flash_data<0>   |   13.170(R)|      SLOW  |    0.021(R)|      SLOW  |sopc/clk_tmp_BUFG |   0.000|
flash_data<1>   |   13.531(R)|      SLOW  |    0.768(R)|      SLOW  |sopc/clk_tmp_BUFG |   0.000|
flash_data<2>   |   10.765(R)|      SLOW  |    1.886(R)|      SLOW  |sopc/clk_tmp_BUFG |   0.000|
flash_data<3>   |   12.630(R)|      SLOW  |    0.546(R)|      SLOW  |sopc/clk_tmp_BUFG |   0.000|
flash_data<4>   |   13.784(R)|      SLOW  |   -0.535(R)|      FAST  |sopc/clk_tmp_BUFG |   0.000|
flash_data<5>   |   12.763(R)|      SLOW  |    1.315(R)|      SLOW  |sopc/clk_tmp_BUFG |   0.000|
flash_data<6>   |   11.493(R)|      SLOW  |    1.374(R)|      SLOW  |sopc/clk_tmp_BUFG |   0.000|
flash_data<7>   |   12.196(R)|      SLOW  |    1.668(R)|      SLOW  |sopc/clk_tmp_BUFG |   0.000|
flash_data<8>   |   11.657(R)|      SLOW  |    1.302(R)|      SLOW  |sopc/clk_tmp_BUFG |   0.000|
flash_data<9>   |   13.283(R)|      SLOW  |    1.005(R)|      SLOW  |sopc/clk_tmp_BUFG |   0.000|
flash_data<10>  |   11.629(R)|      SLOW  |    0.246(R)|      SLOW  |sopc/clk_tmp_BUFG |   0.000|
flash_data<11>  |   13.090(R)|      SLOW  |   -0.248(R)|      FAST  |sopc/clk_tmp_BUFG |   0.000|
flash_data<12>  |   11.852(R)|      SLOW  |    0.674(R)|      SLOW  |sopc/clk_tmp_BUFG |   0.000|
flash_data<13>  |   12.112(R)|      SLOW  |    0.915(R)|      SLOW  |sopc/clk_tmp_BUFG |   0.000|
flash_data<14>  |   12.020(R)|      SLOW  |    0.937(R)|      SLOW  |sopc/clk_tmp_BUFG |   0.000|
flash_data<15>  |   13.394(R)|      SLOW  |    0.794(R)|      SLOW  |sopc/clk_tmp_BUFG |   0.000|
rst             |   13.925(R)|      SLOW  |    6.816(R)|      SLOW  |sopc/clk_tmp_BUFG |   0.000|
sw_dip<0>       |   -0.867(R)|      FAST  |    2.962(R)|      SLOW  |sopc/clk_tmp_BUFG |   0.000|
sw_dip<1>       |   -2.452(R)|      FAST  |    5.173(R)|      SLOW  |sopc/clk_tmp_BUFG |   0.000|
sw_dip<2>       |   -2.434(R)|      FAST  |    5.171(R)|      SLOW  |sopc/clk_tmp_BUFG |   0.000|
sw_dip<3>       |   -2.410(R)|      FAST  |    5.132(R)|      SLOW  |sopc/clk_tmp_BUFG |   0.000|
sw_dip<4>       |   -2.249(R)|      FAST  |    4.896(R)|      SLOW  |sopc/clk_tmp_BUFG |   0.000|
----------------+------------+------------+------------+------------+------------------+--------+

Clock clk to Pad
------------+-----------------+------------+-----------------+------------+------------------+--------+
            |Max (slowest) clk|  Process   |Min (fastest) clk|  Process   |                  | Clock  |
Destination |  (edge) to PAD  |   Corner   |  (edge) to PAD  |   Corner   |Internal Clock(s) | Phase  |
------------+-----------------+------------+-----------------+------------+------------------+--------+
led<0>      |         6.593(R)|      SLOW  |         3.136(R)|      FAST  |clk_BUFGP         |   0.000|
led<1>      |         6.596(R)|      SLOW  |         3.139(R)|      FAST  |clk_BUFGP         |   0.000|
led<2>      |         6.589(R)|      SLOW  |         3.132(R)|      FAST  |clk_BUFGP         |   0.000|
led<3>      |         6.589(R)|      SLOW  |         3.132(R)|      FAST  |clk_BUFGP         |   0.000|
led<4>      |         6.601(R)|      SLOW  |         3.144(R)|      FAST  |clk_BUFGP         |   0.000|
led<5>      |         6.589(R)|      SLOW  |         3.132(R)|      FAST  |clk_BUFGP         |   0.000|
led<6>      |         6.601(R)|      SLOW  |         3.144(R)|      FAST  |clk_BUFGP         |   0.000|
led<7>      |         6.597(R)|      SLOW  |         3.140(R)|      FAST  |clk_BUFGP         |   0.000|
led<8>      |         6.601(R)|      SLOW  |         3.144(R)|      FAST  |clk_BUFGP         |   0.000|
led<9>      |         6.595(R)|      SLOW  |         3.138(R)|      FAST  |clk_BUFGP         |   0.000|
led<10>     |         6.600(R)|      SLOW  |         3.143(R)|      FAST  |clk_BUFGP         |   0.000|
led<11>     |         6.600(R)|      SLOW  |         3.143(R)|      FAST  |clk_BUFGP         |   0.000|
led<12>     |         6.589(R)|      SLOW  |         3.132(R)|      FAST  |clk_BUFGP         |   0.000|
led<13>     |         6.596(R)|      SLOW  |         3.139(R)|      FAST  |clk_BUFGP         |   0.000|
led<14>     |         6.596(R)|      SLOW  |         3.139(R)|      FAST  |clk_BUFGP         |   0.000|
led<15>     |         6.593(R)|      SLOW  |         3.136(R)|      FAST  |clk_BUFGP         |   0.000|
------------+-----------------+------------+-----------------+------------+------------------+--------+

Clock clk_key to Pad
----------------+-----------------+------------+-----------------+------------+------------------+--------+
                |Max (slowest) clk|  Process   |Min (fastest) clk|  Process   |                  | Clock  |
Destination     |  (edge) to PAD  |   Corner   |  (edge) to PAD  |   Corner   |Internal Clock(s) | Phase  |
----------------+-----------------+------------+-----------------+------------+------------------+--------+
baseram_addr<0> |        13.990(R)|      SLOW  |         8.185(R)|      FAST  |sopc/clk_tmp_BUFG |   0.000|
baseram_addr<1> |        13.562(R)|      SLOW  |         7.918(R)|      FAST  |sopc/clk_tmp_BUFG |   0.000|
baseram_addr<2> |        13.562(R)|      SLOW  |         7.918(R)|      FAST  |sopc/clk_tmp_BUFG |   0.000|
baseram_addr<3> |        13.593(R)|      SLOW  |         7.938(R)|      FAST  |sopc/clk_tmp_BUFG |   0.000|
baseram_addr<4> |        15.113(R)|      SLOW  |         8.881(R)|      FAST  |sopc/clk_tmp_BUFG |   0.000|
baseram_addr<5> |        16.126(R)|      SLOW  |         9.415(R)|      FAST  |sopc/clk_tmp_BUFG |   0.000|
baseram_addr<6> |        16.663(R)|      SLOW  |         9.753(R)|      FAST  |sopc/clk_tmp_BUFG |   0.000|
baseram_addr<7> |        16.533(R)|      SLOW  |         9.675(R)|      FAST  |sopc/clk_tmp_BUFG |   0.000|
baseram_addr<8> |        15.573(R)|      SLOW  |         9.068(R)|      FAST  |sopc/clk_tmp_BUFG |   0.000|
baseram_addr<9> |        16.336(R)|      SLOW  |         9.576(R)|      FAST  |sopc/clk_tmp_BUFG |   0.000|
baseram_addr<10>|        16.276(R)|      SLOW  |         9.567(R)|      FAST  |sopc/clk_tmp_BUFG |   0.000|
baseram_addr<11>|        16.142(R)|      SLOW  |         9.453(R)|      FAST  |sopc/clk_tmp_BUFG |   0.000|
baseram_addr<12>|        16.895(R)|      SLOW  |         9.921(R)|      FAST  |sopc/clk_tmp_BUFG |   0.000|
baseram_addr<13>|        15.575(R)|      SLOW  |         9.211(R)|      FAST  |sopc/clk_tmp_BUFG |   0.000|
baseram_addr<14>|        17.126(R)|      SLOW  |        10.098(R)|      FAST  |sopc/clk_tmp_BUFG |   0.000|
baseram_addr<15>|        14.296(R)|      SLOW  |         8.393(R)|      FAST  |sopc/clk_tmp_BUFG |   0.000|
baseram_addr<16>|        15.479(R)|      SLOW  |         9.066(R)|      FAST  |sopc/clk_tmp_BUFG |   0.000|
baseram_addr<17>|        14.875(R)|      SLOW  |         8.735(R)|      FAST  |sopc/clk_tmp_BUFG |   0.000|
baseram_addr<18>|        16.170(R)|      SLOW  |         9.486(R)|      FAST  |sopc/clk_tmp_BUFG |   0.000|
baseram_ce      |        13.979(R)|      SLOW  |         8.116(R)|      FAST  |sopc/clk_tmp_BUFG |   0.000|
baseram_data<0> |        15.726(R)|      SLOW  |         9.116(R)|      FAST  |sopc/clk_tmp_BUFG |   0.000|
baseram_data<1> |        18.696(R)|      SLOW  |        10.891(R)|      FAST  |sopc/clk_tmp_BUFG |   0.000|
baseram_data<2> |        17.972(R)|      SLOW  |        10.447(R)|      FAST  |sopc/clk_tmp_BUFG |   0.000|
baseram_data<3> |        18.334(R)|      SLOW  |        10.669(R)|      FAST  |sopc/clk_tmp_BUFG |   0.000|
baseram_data<4> |        19.043(R)|      SLOW  |        11.098(R)|      FAST  |sopc/clk_tmp_BUFG |   0.000|
baseram_data<5> |        16.126(R)|      SLOW  |         9.350(R)|      FAST  |sopc/clk_tmp_BUFG |   0.000|
baseram_data<6> |        15.760(R)|      SLOW  |         9.111(R)|      FAST  |sopc/clk_tmp_BUFG |   0.000|
baseram_data<7> |        18.334(R)|      SLOW  |        10.669(R)|      FAST  |sopc/clk_tmp_BUFG |   0.000|
baseram_data<8> |        17.294(R)|      SLOW  |        10.063(R)|      FAST  |sopc/clk_tmp_BUFG |   0.000|
baseram_data<9> |        16.764(R)|      SLOW  |         9.746(R)|      FAST  |sopc/clk_tmp_BUFG |   0.000|
baseram_data<10>|        17.002(R)|      SLOW  |         9.899(R)|      FAST  |sopc/clk_tmp_BUFG |   0.000|
baseram_data<11>|        15.945(R)|      SLOW  |         9.161(R)|      FAST  |sopc/clk_tmp_BUFG |   0.000|
baseram_data<12>|        15.945(R)|      SLOW  |         9.161(R)|      FAST  |sopc/clk_tmp_BUFG |   0.000|
baseram_data<13>|        18.333(R)|      SLOW  |        10.737(R)|      FAST  |sopc/clk_tmp_BUFG |   0.000|
baseram_data<14>|        18.333(R)|      SLOW  |        10.737(R)|      FAST  |sopc/clk_tmp_BUFG |   0.000|
baseram_data<15>|        18.097(R)|      SLOW  |        10.606(R)|      FAST  |sopc/clk_tmp_BUFG |   0.000|
baseram_data<16>|        16.134(R)|      SLOW  |         9.345(R)|      FAST  |sopc/clk_tmp_BUFG |   0.000|
baseram_data<17>|        16.134(R)|      SLOW  |         9.345(R)|      FAST  |sopc/clk_tmp_BUFG |   0.000|
baseram_data<18>|        15.321(R)|      SLOW  |         8.863(R)|      FAST  |sopc/clk_tmp_BUFG |   0.000|
baseram_data<19>|        15.321(R)|      SLOW  |         8.863(R)|      FAST  |sopc/clk_tmp_BUFG |   0.000|
baseram_data<20>|        17.557(R)|      SLOW  |        10.203(R)|      FAST  |sopc/clk_tmp_BUFG |   0.000|
baseram_data<21>|        17.557(R)|      SLOW  |        10.203(R)|      FAST  |sopc/clk_tmp_BUFG |   0.000|
baseram_data<22>|        18.696(R)|      SLOW  |        10.891(R)|      FAST  |sopc/clk_tmp_BUFG |   0.000|
baseram_data<23>|        17.972(R)|      SLOW  |        10.447(R)|      FAST  |sopc/clk_tmp_BUFG |   0.000|
baseram_data<24>|        18.008(R)|      SLOW  |        10.547(R)|      FAST  |sopc/clk_tmp_BUFG |   0.000|
baseram_data<25>|        18.008(R)|      SLOW  |        10.547(R)|      FAST  |sopc/clk_tmp_BUFG |   0.000|
baseram_data<26>|        17.002(R)|      SLOW  |         9.899(R)|      FAST  |sopc/clk_tmp_BUFG |   0.000|
baseram_data<27>|        16.981(R)|      SLOW  |         9.899(R)|      FAST  |sopc/clk_tmp_BUFG |   0.000|
baseram_data<28>|        16.981(R)|      SLOW  |         9.899(R)|      FAST  |sopc/clk_tmp_BUFG |   0.000|
baseram_data<29>|        16.464(R)|      SLOW  |         9.522(R)|      FAST  |sopc/clk_tmp_BUFG |   0.000|
baseram_data<30>|        16.681(R)|      SLOW  |         9.675(R)|      FAST  |sopc/clk_tmp_BUFG |   0.000|
baseram_data<31>|        16.681(R)|      SLOW  |         9.675(R)|      FAST  |sopc/clk_tmp_BUFG |   0.000|
baseram_oe      |        15.454(R)|      SLOW  |         8.987(R)|      FAST  |sopc/clk_tmp_BUFG |   0.000|
baseram_we      |        14.103(R)|      SLOW  |         8.215(R)|      FAST  |sopc/clk_tmp_BUFG |   0.000|
com_TxD         |        16.050(R)|      SLOW  |         9.163(R)|      FAST  |sopc/clk_tmp_BUFG |   0.000|
extram_addr<0>  |        16.625(R)|      SLOW  |         9.735(R)|      FAST  |sopc/clk_tmp_BUFG |   0.000|
extram_addr<1>  |        13.213(R)|      SLOW  |         7.676(R)|      FAST  |sopc/clk_tmp_BUFG |   0.000|
extram_addr<2>  |        17.043(R)|      SLOW  |        10.014(R)|      FAST  |sopc/clk_tmp_BUFG |   0.000|
extram_addr<3>  |        15.746(R)|      SLOW  |         9.228(R)|      FAST  |sopc/clk_tmp_BUFG |   0.000|
extram_addr<4>  |        15.784(R)|      SLOW  |         9.309(R)|      FAST  |sopc/clk_tmp_BUFG |   0.000|
extram_addr<5>  |        15.991(R)|      SLOW  |         9.346(R)|      FAST  |sopc/clk_tmp_BUFG |   0.000|
extram_addr<6>  |        15.485(R)|      SLOW  |         8.988(R)|      FAST  |sopc/clk_tmp_BUFG |   0.000|
extram_addr<7>  |        16.414(R)|      SLOW  |         9.650(R)|      FAST  |sopc/clk_tmp_BUFG |   0.000|
extram_addr<8>  |        15.379(R)|      SLOW  |         8.959(R)|      FAST  |sopc/clk_tmp_BUFG |   0.000|
extram_addr<9>  |        15.707(R)|      SLOW  |         9.182(R)|      FAST  |sopc/clk_tmp_BUFG |   0.000|
extram_addr<10> |        15.705(R)|      SLOW  |         9.198(R)|      FAST  |sopc/clk_tmp_BUFG |   0.000|
extram_addr<11> |        15.672(R)|      SLOW  |         9.168(R)|      FAST  |sopc/clk_tmp_BUFG |   0.000|
extram_addr<12> |        16.069(R)|      SLOW  |         9.394(R)|      FAST  |sopc/clk_tmp_BUFG |   0.000|
extram_addr<13> |        16.336(R)|      SLOW  |         9.543(R)|      FAST  |sopc/clk_tmp_BUFG |   0.000|
extram_addr<14> |        16.347(R)|      SLOW  |         9.565(R)|      FAST  |sopc/clk_tmp_BUFG |   0.000|
extram_addr<15> |        13.993(R)|      SLOW  |         8.167(R)|      FAST  |sopc/clk_tmp_BUFG |   0.000|
extram_addr<16> |        13.131(R)|      SLOW  |         7.651(R)|      FAST  |sopc/clk_tmp_BUFG |   0.000|
extram_addr<17> |        14.918(R)|      SLOW  |         8.759(R)|      FAST  |sopc/clk_tmp_BUFG |   0.000|
extram_addr<18> |        15.231(R)|      SLOW  |         8.942(R)|      FAST  |sopc/clk_tmp_BUFG |   0.000|
extram_addr<19> |        16.294(R)|      SLOW  |         9.547(R)|      FAST  |sopc/clk_tmp_BUFG |   0.000|
extram_ce       |        13.270(R)|      SLOW  |         7.736(R)|      FAST  |sopc/clk_tmp_BUFG |   0.000|
extram_data<0>  |        16.659(R)|      SLOW  |         9.706(R)|      FAST  |sopc/clk_tmp_BUFG |   0.000|
extram_data<1>  |        16.659(R)|      SLOW  |         9.706(R)|      FAST  |sopc/clk_tmp_BUFG |   0.000|
extram_data<2>  |        16.665(R)|      SLOW  |         9.742(R)|      FAST  |sopc/clk_tmp_BUFG |   0.000|
extram_data<3>  |        16.665(R)|      SLOW  |         9.742(R)|      FAST  |sopc/clk_tmp_BUFG |   0.000|
extram_data<4>  |        16.470(R)|      SLOW  |         9.649(R)|      FAST  |sopc/clk_tmp_BUFG |   0.000|
extram_data<5>  |        16.284(R)|      SLOW  |         9.533(R)|      FAST  |sopc/clk_tmp_BUFG |   0.000|
extram_data<6>  |        16.360(R)|      SLOW  |         9.564(R)|      FAST  |sopc/clk_tmp_BUFG |   0.000|
extram_data<7>  |        16.050(R)|      SLOW  |         9.357(R)|      FAST  |sopc/clk_tmp_BUFG |   0.000|
extram_data<8>  |        17.463(R)|      SLOW  |        10.347(R)|      FAST  |sopc/clk_tmp_BUFG |   0.000|
extram_data<9>  |        17.463(R)|      SLOW  |        10.347(R)|      FAST  |sopc/clk_tmp_BUFG |   0.000|
extram_data<10> |        15.597(R)|      SLOW  |         9.085(R)|      FAST  |sopc/clk_tmp_BUFG |   0.000|
extram_data<11> |        15.597(R)|      SLOW  |         9.085(R)|      FAST  |sopc/clk_tmp_BUFG |   0.000|
extram_data<12> |        16.774(R)|      SLOW  |         9.857(R)|      FAST  |sopc/clk_tmp_BUFG |   0.000|
extram_data<13> |        15.825(R)|      SLOW  |         9.228(R)|      FAST  |sopc/clk_tmp_BUFG |   0.000|
extram_data<14> |        16.929(R)|      SLOW  |         9.915(R)|      FAST  |sopc/clk_tmp_BUFG |   0.000|
extram_data<15> |        17.202(R)|      SLOW  |        10.183(R)|      FAST  |sopc/clk_tmp_BUFG |   0.000|
extram_data<16> |        17.816(R)|      SLOW  |        10.396(R)|      FAST  |sopc/clk_tmp_BUFG |   0.000|
extram_data<17> |        17.816(R)|      SLOW  |        10.396(R)|      FAST  |sopc/clk_tmp_BUFG |   0.000|
extram_data<18> |        17.093(R)|      SLOW  |         9.953(R)|      FAST  |sopc/clk_tmp_BUFG |   0.000|
extram_data<19> |        17.454(R)|      SLOW  |        10.174(R)|      FAST  |sopc/clk_tmp_BUFG |   0.000|
extram_data<20> |        17.454(R)|      SLOW  |        10.174(R)|      FAST  |sopc/clk_tmp_BUFG |   0.000|
extram_data<21> |        16.710(R)|      SLOW  |         9.710(R)|      FAST  |sopc/clk_tmp_BUFG |   0.000|
extram_data<22> |        18.169(R)|      SLOW  |        10.609(R)|      FAST  |sopc/clk_tmp_BUFG |   0.000|
extram_data<23> |        18.169(R)|      SLOW  |        10.609(R)|      FAST  |sopc/clk_tmp_BUFG |   0.000|
extram_data<24> |        15.872(R)|      SLOW  |         9.249(R)|      FAST  |sopc/clk_tmp_BUFG |   0.000|
extram_data<25> |        15.789(R)|      SLOW  |         9.172(R)|      FAST  |sopc/clk_tmp_BUFG |   0.000|
extram_data<26> |        15.381(R)|      SLOW  |         8.951(R)|      FAST  |sopc/clk_tmp_BUFG |   0.000|
extram_data<27> |        15.381(R)|      SLOW  |         8.951(R)|      FAST  |sopc/clk_tmp_BUFG |   0.000|
extram_data<28> |        15.100(R)|      SLOW  |         8.741(R)|      FAST  |sopc/clk_tmp_BUFG |   0.000|
extram_data<29> |        15.082(R)|      SLOW  |         8.728(R)|      FAST  |sopc/clk_tmp_BUFG |   0.000|
extram_data<30> |        15.082(R)|      SLOW  |         8.728(R)|      FAST  |sopc/clk_tmp_BUFG |   0.000|
extram_data<31> |        16.774(R)|      SLOW  |         9.857(R)|      FAST  |sopc/clk_tmp_BUFG |   0.000|
extram_oe       |        15.537(R)|      SLOW  |         9.101(R)|      FAST  |sopc/clk_tmp_BUFG |   0.000|
extram_we       |        15.042(R)|      SLOW  |         8.827(R)|      FAST  |sopc/clk_tmp_BUFG |   0.000|
flash_addr<1>   |        21.486(R)|      SLOW  |        11.387(R)|      FAST  |sopc/clk_tmp_BUFG |   0.000|
flash_addr<2>   |        21.900(R)|      SLOW  |        10.905(R)|      FAST  |sopc/clk_tmp_BUFG |   0.000|
flash_addr<3>   |        22.113(R)|      SLOW  |        11.668(R)|      FAST  |sopc/clk_tmp_BUFG |   0.000|
flash_addr<4>   |        22.196(R)|      SLOW  |        11.241(R)|      FAST  |sopc/clk_tmp_BUFG |   0.000|
flash_addr<5>   |        22.028(R)|      SLOW  |        11.200(R)|      FAST  |sopc/clk_tmp_BUFG |   0.000|
flash_addr<6>   |        22.435(R)|      SLOW  |        11.527(R)|      FAST  |sopc/clk_tmp_BUFG |   0.000|
flash_addr<7>   |        21.170(R)|      SLOW  |        11.021(R)|      FAST  |sopc/clk_tmp_BUFG |   0.000|
flash_addr<8>   |        21.917(R)|      SLOW  |        11.249(R)|      FAST  |sopc/clk_tmp_BUFG |   0.000|
flash_addr<9>   |        22.061(R)|      SLOW  |        11.004(R)|      FAST  |sopc/clk_tmp_BUFG |   0.000|
flash_addr<10>  |        21.495(R)|      SLOW  |        11.210(R)|      FAST  |sopc/clk_tmp_BUFG |   0.000|
flash_addr<11>  |        19.943(R)|      SLOW  |        11.245(R)|      FAST  |sopc/clk_tmp_BUFG |   0.000|
flash_addr<12>  |        21.892(R)|      SLOW  |        11.119(R)|      FAST  |sopc/clk_tmp_BUFG |   0.000|
flash_addr<13>  |        22.076(R)|      SLOW  |        11.480(R)|      FAST  |sopc/clk_tmp_BUFG |   0.000|
flash_addr<14>  |        21.788(R)|      SLOW  |        11.267(R)|      FAST  |sopc/clk_tmp_BUFG |   0.000|
flash_addr<15>  |        21.853(R)|      SLOW  |        11.354(R)|      FAST  |sopc/clk_tmp_BUFG |   0.000|
flash_addr<16>  |        21.129(R)|      SLOW  |        11.094(R)|      FAST  |sopc/clk_tmp_BUFG |   0.000|
flash_addr<17>  |        20.977(R)|      SLOW  |        11.204(R)|      FAST  |sopc/clk_tmp_BUFG |   0.000|
flash_addr<18>  |        21.787(R)|      SLOW  |        11.059(R)|      FAST  |sopc/clk_tmp_BUFG |   0.000|
flash_addr<19>  |        21.437(R)|      SLOW  |        10.809(R)|      FAST  |sopc/clk_tmp_BUFG |   0.000|
flash_addr<20>  |        19.851(R)|      SLOW  |        10.731(R)|      FAST  |sopc/clk_tmp_BUFG |   0.000|
flash_addr<21>  |        20.195(R)|      SLOW  |        10.076(R)|      FAST  |sopc/clk_tmp_BUFG |   0.000|
flash_addr<22>  |        21.770(R)|      SLOW  |        10.758(R)|      FAST  |sopc/clk_tmp_BUFG |   0.000|
----------------+-----------------+------------+-----------------+------------+------------------+--------+

Clock sw_dip<31> to Pad
----------------+-----------------+------------+-----------------+------------+------------------+--------+
                |Max (slowest) clk|  Process   |Min (fastest) clk|  Process   |                  | Clock  |
Destination     |  (edge) to PAD  |   Corner   |  (edge) to PAD  |   Corner   |Internal Clock(s) | Phase  |
----------------+-----------------+------------+-----------------+------------+------------------+--------+
baseram_addr<0> |        15.114(R)|      SLOW  |         8.925(R)|      FAST  |sopc/clk_tmp_BUFG |   0.000|
baseram_addr<1> |        14.686(R)|      SLOW  |         8.658(R)|      FAST  |sopc/clk_tmp_BUFG |   0.000|
baseram_addr<2> |        14.686(R)|      SLOW  |         8.658(R)|      FAST  |sopc/clk_tmp_BUFG |   0.000|
baseram_addr<3> |        14.717(R)|      SLOW  |         8.678(R)|      FAST  |sopc/clk_tmp_BUFG |   0.000|
baseram_addr<4> |        16.237(R)|      SLOW  |         9.621(R)|      FAST  |sopc/clk_tmp_BUFG |   0.000|
baseram_addr<5> |        17.250(R)|      SLOW  |        10.155(R)|      FAST  |sopc/clk_tmp_BUFG |   0.000|
baseram_addr<6> |        17.787(R)|      SLOW  |        10.493(R)|      FAST  |sopc/clk_tmp_BUFG |   0.000|
baseram_addr<7> |        17.657(R)|      SLOW  |        10.415(R)|      FAST  |sopc/clk_tmp_BUFG |   0.000|
baseram_addr<8> |        16.697(R)|      SLOW  |         9.808(R)|      FAST  |sopc/clk_tmp_BUFG |   0.000|
baseram_addr<9> |        17.460(R)|      SLOW  |        10.316(R)|      FAST  |sopc/clk_tmp_BUFG |   0.000|
baseram_addr<10>|        17.400(R)|      SLOW  |        10.307(R)|      FAST  |sopc/clk_tmp_BUFG |   0.000|
baseram_addr<11>|        17.266(R)|      SLOW  |        10.193(R)|      FAST  |sopc/clk_tmp_BUFG |   0.000|
baseram_addr<12>|        18.019(R)|      SLOW  |        10.661(R)|      FAST  |sopc/clk_tmp_BUFG |   0.000|
baseram_addr<13>|        16.699(R)|      SLOW  |         9.951(R)|      FAST  |sopc/clk_tmp_BUFG |   0.000|
baseram_addr<14>|        18.250(R)|      SLOW  |        10.838(R)|      FAST  |sopc/clk_tmp_BUFG |   0.000|
baseram_addr<15>|        15.420(R)|      SLOW  |         9.133(R)|      FAST  |sopc/clk_tmp_BUFG |   0.000|
baseram_addr<16>|        16.603(R)|      SLOW  |         9.806(R)|      FAST  |sopc/clk_tmp_BUFG |   0.000|
baseram_addr<17>|        15.999(R)|      SLOW  |         9.475(R)|      FAST  |sopc/clk_tmp_BUFG |   0.000|
baseram_addr<18>|        17.294(R)|      SLOW  |        10.226(R)|      FAST  |sopc/clk_tmp_BUFG |   0.000|
baseram_ce      |        15.103(R)|      SLOW  |         8.856(R)|      FAST  |sopc/clk_tmp_BUFG |   0.000|
baseram_data<0> |        16.850(R)|      SLOW  |         9.856(R)|      FAST  |sopc/clk_tmp_BUFG |   0.000|
baseram_data<1> |        19.820(R)|      SLOW  |        11.631(R)|      FAST  |sopc/clk_tmp_BUFG |   0.000|
baseram_data<2> |        19.096(R)|      SLOW  |        11.187(R)|      FAST  |sopc/clk_tmp_BUFG |   0.000|
baseram_data<3> |        19.458(R)|      SLOW  |        11.409(R)|      FAST  |sopc/clk_tmp_BUFG |   0.000|
baseram_data<4> |        20.167(R)|      SLOW  |        11.838(R)|      FAST  |sopc/clk_tmp_BUFG |   0.000|
baseram_data<5> |        17.250(R)|      SLOW  |        10.090(R)|      FAST  |sopc/clk_tmp_BUFG |   0.000|
baseram_data<6> |        16.884(R)|      SLOW  |         9.851(R)|      FAST  |sopc/clk_tmp_BUFG |   0.000|
baseram_data<7> |        19.458(R)|      SLOW  |        11.409(R)|      FAST  |sopc/clk_tmp_BUFG |   0.000|
baseram_data<8> |        18.418(R)|      SLOW  |        10.803(R)|      FAST  |sopc/clk_tmp_BUFG |   0.000|
baseram_data<9> |        17.888(R)|      SLOW  |        10.486(R)|      FAST  |sopc/clk_tmp_BUFG |   0.000|
baseram_data<10>|        18.126(R)|      SLOW  |        10.639(R)|      FAST  |sopc/clk_tmp_BUFG |   0.000|
baseram_data<11>|        17.069(R)|      SLOW  |         9.901(R)|      FAST  |sopc/clk_tmp_BUFG |   0.000|
baseram_data<12>|        17.069(R)|      SLOW  |         9.901(R)|      FAST  |sopc/clk_tmp_BUFG |   0.000|
baseram_data<13>|        19.457(R)|      SLOW  |        11.477(R)|      FAST  |sopc/clk_tmp_BUFG |   0.000|
baseram_data<14>|        19.457(R)|      SLOW  |        11.477(R)|      FAST  |sopc/clk_tmp_BUFG |   0.000|
baseram_data<15>|        19.221(R)|      SLOW  |        11.346(R)|      FAST  |sopc/clk_tmp_BUFG |   0.000|
baseram_data<16>|        17.258(R)|      SLOW  |        10.085(R)|      FAST  |sopc/clk_tmp_BUFG |   0.000|
baseram_data<17>|        17.258(R)|      SLOW  |        10.085(R)|      FAST  |sopc/clk_tmp_BUFG |   0.000|
baseram_data<18>|        16.445(R)|      SLOW  |         9.603(R)|      FAST  |sopc/clk_tmp_BUFG |   0.000|
baseram_data<19>|        16.445(R)|      SLOW  |         9.603(R)|      FAST  |sopc/clk_tmp_BUFG |   0.000|
baseram_data<20>|        18.681(R)|      SLOW  |        10.943(R)|      FAST  |sopc/clk_tmp_BUFG |   0.000|
baseram_data<21>|        18.681(R)|      SLOW  |        10.943(R)|      FAST  |sopc/clk_tmp_BUFG |   0.000|
baseram_data<22>|        19.820(R)|      SLOW  |        11.631(R)|      FAST  |sopc/clk_tmp_BUFG |   0.000|
baseram_data<23>|        19.096(R)|      SLOW  |        11.187(R)|      FAST  |sopc/clk_tmp_BUFG |   0.000|
baseram_data<24>|        19.132(R)|      SLOW  |        11.287(R)|      FAST  |sopc/clk_tmp_BUFG |   0.000|
baseram_data<25>|        19.132(R)|      SLOW  |        11.287(R)|      FAST  |sopc/clk_tmp_BUFG |   0.000|
baseram_data<26>|        18.126(R)|      SLOW  |        10.639(R)|      FAST  |sopc/clk_tmp_BUFG |   0.000|
baseram_data<27>|        18.105(R)|      SLOW  |        10.639(R)|      FAST  |sopc/clk_tmp_BUFG |   0.000|
baseram_data<28>|        18.105(R)|      SLOW  |        10.639(R)|      FAST  |sopc/clk_tmp_BUFG |   0.000|
baseram_data<29>|        17.588(R)|      SLOW  |        10.262(R)|      FAST  |sopc/clk_tmp_BUFG |   0.000|
baseram_data<30>|        17.805(R)|      SLOW  |        10.415(R)|      FAST  |sopc/clk_tmp_BUFG |   0.000|
baseram_data<31>|        17.805(R)|      SLOW  |        10.415(R)|      FAST  |sopc/clk_tmp_BUFG |   0.000|
baseram_oe      |        16.578(R)|      SLOW  |         9.727(R)|      FAST  |sopc/clk_tmp_BUFG |   0.000|
baseram_we      |        15.227(R)|      SLOW  |         8.955(R)|      FAST  |sopc/clk_tmp_BUFG |   0.000|
com_TxD         |        17.174(R)|      SLOW  |         9.903(R)|      FAST  |sopc/clk_tmp_BUFG |   0.000|
extram_addr<0>  |        17.749(R)|      SLOW  |        10.475(R)|      FAST  |sopc/clk_tmp_BUFG |   0.000|
extram_addr<1>  |        14.337(R)|      SLOW  |         8.416(R)|      FAST  |sopc/clk_tmp_BUFG |   0.000|
extram_addr<2>  |        18.167(R)|      SLOW  |        10.754(R)|      FAST  |sopc/clk_tmp_BUFG |   0.000|
extram_addr<3>  |        16.870(R)|      SLOW  |         9.968(R)|      FAST  |sopc/clk_tmp_BUFG |   0.000|
extram_addr<4>  |        16.908(R)|      SLOW  |        10.049(R)|      FAST  |sopc/clk_tmp_BUFG |   0.000|
extram_addr<5>  |        17.115(R)|      SLOW  |        10.086(R)|      FAST  |sopc/clk_tmp_BUFG |   0.000|
extram_addr<6>  |        16.609(R)|      SLOW  |         9.728(R)|      FAST  |sopc/clk_tmp_BUFG |   0.000|
extram_addr<7>  |        17.538(R)|      SLOW  |        10.390(R)|      FAST  |sopc/clk_tmp_BUFG |   0.000|
extram_addr<8>  |        16.503(R)|      SLOW  |         9.699(R)|      FAST  |sopc/clk_tmp_BUFG |   0.000|
extram_addr<9>  |        16.831(R)|      SLOW  |         9.922(R)|      FAST  |sopc/clk_tmp_BUFG |   0.000|
extram_addr<10> |        16.829(R)|      SLOW  |         9.938(R)|      FAST  |sopc/clk_tmp_BUFG |   0.000|
extram_addr<11> |        16.796(R)|      SLOW  |         9.908(R)|      FAST  |sopc/clk_tmp_BUFG |   0.000|
extram_addr<12> |        17.193(R)|      SLOW  |        10.134(R)|      FAST  |sopc/clk_tmp_BUFG |   0.000|
extram_addr<13> |        17.460(R)|      SLOW  |        10.283(R)|      FAST  |sopc/clk_tmp_BUFG |   0.000|
extram_addr<14> |        17.471(R)|      SLOW  |        10.305(R)|      FAST  |sopc/clk_tmp_BUFG |   0.000|
extram_addr<15> |        15.117(R)|      SLOW  |         8.907(R)|      FAST  |sopc/clk_tmp_BUFG |   0.000|
extram_addr<16> |        14.255(R)|      SLOW  |         8.391(R)|      FAST  |sopc/clk_tmp_BUFG |   0.000|
extram_addr<17> |        16.042(R)|      SLOW  |         9.499(R)|      FAST  |sopc/clk_tmp_BUFG |   0.000|
extram_addr<18> |        16.355(R)|      SLOW  |         9.682(R)|      FAST  |sopc/clk_tmp_BUFG |   0.000|
extram_addr<19> |        17.418(R)|      SLOW  |        10.287(R)|      FAST  |sopc/clk_tmp_BUFG |   0.000|
extram_ce       |        14.394(R)|      SLOW  |         8.476(R)|      FAST  |sopc/clk_tmp_BUFG |   0.000|
extram_data<0>  |        17.783(R)|      SLOW  |        10.446(R)|      FAST  |sopc/clk_tmp_BUFG |   0.000|
extram_data<1>  |        17.783(R)|      SLOW  |        10.446(R)|      FAST  |sopc/clk_tmp_BUFG |   0.000|
extram_data<2>  |        17.789(R)|      SLOW  |        10.482(R)|      FAST  |sopc/clk_tmp_BUFG |   0.000|
extram_data<3>  |        17.789(R)|      SLOW  |        10.482(R)|      FAST  |sopc/clk_tmp_BUFG |   0.000|
extram_data<4>  |        17.594(R)|      SLOW  |        10.389(R)|      FAST  |sopc/clk_tmp_BUFG |   0.000|
extram_data<5>  |        17.408(R)|      SLOW  |        10.273(R)|      FAST  |sopc/clk_tmp_BUFG |   0.000|
extram_data<6>  |        17.484(R)|      SLOW  |        10.304(R)|      FAST  |sopc/clk_tmp_BUFG |   0.000|
extram_data<7>  |        17.174(R)|      SLOW  |        10.097(R)|      FAST  |sopc/clk_tmp_BUFG |   0.000|
extram_data<8>  |        18.587(R)|      SLOW  |        11.087(R)|      FAST  |sopc/clk_tmp_BUFG |   0.000|
extram_data<9>  |        18.587(R)|      SLOW  |        11.087(R)|      FAST  |sopc/clk_tmp_BUFG |   0.000|
extram_data<10> |        16.721(R)|      SLOW  |         9.825(R)|      FAST  |sopc/clk_tmp_BUFG |   0.000|
extram_data<11> |        16.721(R)|      SLOW  |         9.825(R)|      FAST  |sopc/clk_tmp_BUFG |   0.000|
extram_data<12> |        17.898(R)|      SLOW  |        10.597(R)|      FAST  |sopc/clk_tmp_BUFG |   0.000|
extram_data<13> |        16.949(R)|      SLOW  |         9.968(R)|      FAST  |sopc/clk_tmp_BUFG |   0.000|
extram_data<14> |        18.053(R)|      SLOW  |        10.655(R)|      FAST  |sopc/clk_tmp_BUFG |   0.000|
extram_data<15> |        18.326(R)|      SLOW  |        10.923(R)|      FAST  |sopc/clk_tmp_BUFG |   0.000|
extram_data<16> |        18.940(R)|      SLOW  |        11.136(R)|      FAST  |sopc/clk_tmp_BUFG |   0.000|
extram_data<17> |        18.940(R)|      SLOW  |        11.136(R)|      FAST  |sopc/clk_tmp_BUFG |   0.000|
extram_data<18> |        18.217(R)|      SLOW  |        10.693(R)|      FAST  |sopc/clk_tmp_BUFG |   0.000|
extram_data<19> |        18.578(R)|      SLOW  |        10.914(R)|      FAST  |sopc/clk_tmp_BUFG |   0.000|
extram_data<20> |        18.578(R)|      SLOW  |        10.914(R)|      FAST  |sopc/clk_tmp_BUFG |   0.000|
extram_data<21> |        17.834(R)|      SLOW  |        10.450(R)|      FAST  |sopc/clk_tmp_BUFG |   0.000|
extram_data<22> |        19.293(R)|      SLOW  |        11.349(R)|      FAST  |sopc/clk_tmp_BUFG |   0.000|
extram_data<23> |        19.293(R)|      SLOW  |        11.349(R)|      FAST  |sopc/clk_tmp_BUFG |   0.000|
extram_data<24> |        16.996(R)|      SLOW  |         9.989(R)|      FAST  |sopc/clk_tmp_BUFG |   0.000|
extram_data<25> |        16.913(R)|      SLOW  |         9.912(R)|      FAST  |sopc/clk_tmp_BUFG |   0.000|
extram_data<26> |        16.505(R)|      SLOW  |         9.691(R)|      FAST  |sopc/clk_tmp_BUFG |   0.000|
extram_data<27> |        16.505(R)|      SLOW  |         9.691(R)|      FAST  |sopc/clk_tmp_BUFG |   0.000|
extram_data<28> |        16.224(R)|      SLOW  |         9.481(R)|      FAST  |sopc/clk_tmp_BUFG |   0.000|
extram_data<29> |        16.206(R)|      SLOW  |         9.468(R)|      FAST  |sopc/clk_tmp_BUFG |   0.000|
extram_data<30> |        16.206(R)|      SLOW  |         9.468(R)|      FAST  |sopc/clk_tmp_BUFG |   0.000|
extram_data<31> |        17.898(R)|      SLOW  |        10.597(R)|      FAST  |sopc/clk_tmp_BUFG |   0.000|
extram_oe       |        16.661(R)|      SLOW  |         9.841(R)|      FAST  |sopc/clk_tmp_BUFG |   0.000|
extram_we       |        16.166(R)|      SLOW  |         9.567(R)|      FAST  |sopc/clk_tmp_BUFG |   0.000|
flash_addr<1>   |        22.610(R)|      SLOW  |        12.127(R)|      FAST  |sopc/clk_tmp_BUFG |   0.000|
flash_addr<2>   |        23.024(R)|      SLOW  |        11.645(R)|      FAST  |sopc/clk_tmp_BUFG |   0.000|
flash_addr<3>   |        23.237(R)|      SLOW  |        12.408(R)|      FAST  |sopc/clk_tmp_BUFG |   0.000|
flash_addr<4>   |        23.320(R)|      SLOW  |        11.981(R)|      FAST  |sopc/clk_tmp_BUFG |   0.000|
flash_addr<5>   |        23.152(R)|      SLOW  |        11.940(R)|      FAST  |sopc/clk_tmp_BUFG |   0.000|
flash_addr<6>   |        23.559(R)|      SLOW  |        12.267(R)|      FAST  |sopc/clk_tmp_BUFG |   0.000|
flash_addr<7>   |        22.294(R)|      SLOW  |        11.761(R)|      FAST  |sopc/clk_tmp_BUFG |   0.000|
flash_addr<8>   |        23.041(R)|      SLOW  |        11.989(R)|      FAST  |sopc/clk_tmp_BUFG |   0.000|
flash_addr<9>   |        23.185(R)|      SLOW  |        11.744(R)|      FAST  |sopc/clk_tmp_BUFG |   0.000|
flash_addr<10>  |        22.619(R)|      SLOW  |        11.950(R)|      FAST  |sopc/clk_tmp_BUFG |   0.000|
flash_addr<11>  |        21.067(R)|      SLOW  |        11.985(R)|      FAST  |sopc/clk_tmp_BUFG |   0.000|
flash_addr<12>  |        23.016(R)|      SLOW  |        11.859(R)|      FAST  |sopc/clk_tmp_BUFG |   0.000|
flash_addr<13>  |        23.200(R)|      SLOW  |        12.220(R)|      FAST  |sopc/clk_tmp_BUFG |   0.000|
flash_addr<14>  |        22.912(R)|      SLOW  |        12.007(R)|      FAST  |sopc/clk_tmp_BUFG |   0.000|
flash_addr<15>  |        22.977(R)|      SLOW  |        12.094(R)|      FAST  |sopc/clk_tmp_BUFG |   0.000|
flash_addr<16>  |        22.253(R)|      SLOW  |        11.834(R)|      FAST  |sopc/clk_tmp_BUFG |   0.000|
flash_addr<17>  |        22.101(R)|      SLOW  |        11.944(R)|      FAST  |sopc/clk_tmp_BUFG |   0.000|
flash_addr<18>  |        22.911(R)|      SLOW  |        11.799(R)|      FAST  |sopc/clk_tmp_BUFG |   0.000|
flash_addr<19>  |        22.561(R)|      SLOW  |        11.549(R)|      FAST  |sopc/clk_tmp_BUFG |   0.000|
flash_addr<20>  |        20.975(R)|      SLOW  |        11.471(R)|      FAST  |sopc/clk_tmp_BUFG |   0.000|
flash_addr<21>  |        21.319(R)|      SLOW  |        10.816(R)|      FAST  |sopc/clk_tmp_BUFG |   0.000|
flash_addr<22>  |        22.894(R)|      SLOW  |        11.498(R)|      FAST  |sopc/clk_tmp_BUFG |   0.000|
----------------+-----------------+------------+-----------------+------------+------------------+--------+

Clock to Setup on destination clock clk
---------------+---------+---------+---------+---------+
               | Src:Rise| Src:Fall| Src:Rise| Src:Fall|
Source Clock   |Dest:Rise|Dest:Rise|Dest:Fall|Dest:Fall|
---------------+---------+---------+---------+---------+
clk            |    1.627|         |         |         |
clk_key        |   24.249|         |         |         |
sw_dip<31>     |   24.249|         |         |         |
---------------+---------+---------+---------+---------+

Clock to Setup on destination clock clk_key
---------------+---------+---------+---------+---------+
               | Src:Rise| Src:Fall| Src:Rise| Src:Fall|
Source Clock   |Dest:Rise|Dest:Rise|Dest:Fall|Dest:Fall|
---------------+---------+---------+---------+---------+
clk_key        |   22.272|         |         |         |
sw_dip<31>     |   22.272|         |         |         |
---------------+---------+---------+---------+---------+

Clock to Setup on destination clock sw_dip<31>
---------------+---------+---------+---------+---------+
               | Src:Rise| Src:Fall| Src:Rise| Src:Fall|
Source Clock   |Dest:Rise|Dest:Rise|Dest:Fall|Dest:Fall|
---------------+---------+---------+---------+---------+
clk_key        |   22.272|         |         |         |
sw_dip<31>     |   22.272|         |         |         |
---------------+---------+---------+---------+---------+


Analysis completed Sun Dec 06 16:44:58 2015 
--------------------------------------------------------------------------------

Trace Settings:
-------------------------
Trace Settings 

Peak Memory Usage: 406 MB



