--------------------------------------------------------------------------------
Release 14.2 Trace  (nt64)
Copyright (c) 1995-2012 Xilinx, Inc.  All rights reserved.

C:\Xilinx\14.2\ISE_DS\ISE\bin\nt64\unwrapped\trce.exe -intstyle ise -v 3 -s 3
-n 3 -fastpaths -xml fpga2ram.twx fpga2ram.ncd -o fpga2ram.twr fpga2ram.pcf
-ucf fpga2ram.ucf -ucf ram.ucf -ucf led.ucf -ucf key.ucf

Design file:              fpga2ram.ncd
Physical constraint file: fpga2ram.pcf
Device,package,speed:     xc6slx100,fgg676,C,-3 (PRODUCTION 1.22 2012-07-09)
Report level:             verbose report

Environment Variable      Effect 
--------------------      ------ 
NONE                      No environment variables were set
--------------------------------------------------------------------------------

INFO:Timing:2698 - No timing constraints found, doing default enumeration.
INFO:Timing:3412 - To improve timing, see the Timing Closure User Guide (UG612).
INFO:Timing:2752 - To get complete path coverage, use the unconstrained paths 
   option. All paths that are not constrained will be reported in the 
   unconstrained paths section(s) of the report.
INFO:Timing:3339 - The clock-to-out numbers in this timing report are based on 
   a 50 Ohm transmission line loading model.  For the details of this model, 
   and for more information on accounting for different loading conditions, 
   please see the device datasheet.



Data Sheet report:
-----------------
All values displayed in nanoseconds (ns)

Setup/Hold to clock clk
----------------+------------+------------+------------+------------+------------------+--------+
                |Max Setup to|  Process   |Max Hold to |  Process   |                  | Clock  |
Source          | clk (edge) |   Corner   | clk (edge) |   Corner   |Internal Clock(s) | Phase  |
----------------+------------+------------+------------+------------+------------------+--------+
baseram_data<0> |   -0.363(R)|      FAST  |    1.706(R)|      SLOW  |clk_BUFGP         |   0.000|
baseram_data<1> |   -0.337(R)|      FAST  |    1.648(R)|      SLOW  |clk_BUFGP         |   0.000|
baseram_data<2> |   -0.363(R)|      FAST  |    1.706(R)|      SLOW  |clk_BUFGP         |   0.000|
baseram_data<3> |   -0.368(R)|      FAST  |    1.711(R)|      SLOW  |clk_BUFGP         |   0.000|
baseram_data<4> |   -0.332(R)|      FAST  |    1.643(R)|      SLOW  |clk_BUFGP         |   0.000|
baseram_data<5> |   -0.367(R)|      FAST  |    1.710(R)|      SLOW  |clk_BUFGP         |   0.000|
baseram_data<6> |   -0.327(R)|      FAST  |    1.638(R)|      SLOW  |clk_BUFGP         |   0.000|
baseram_data<7> |   -0.337(R)|      FAST  |    1.648(R)|      SLOW  |clk_BUFGP         |   0.000|
baseram_data<8> |   -0.289(R)|      FAST  |    1.640(R)|      SLOW  |clk_BUFGP         |   0.000|
baseram_data<9> |   -0.263(R)|      FAST  |    1.614(R)|      SLOW  |clk_BUFGP         |   0.000|
baseram_data<10>|   -0.244(R)|      FAST  |    1.581(R)|      SLOW  |clk_BUFGP         |   0.000|
baseram_data<11>|   -0.243(R)|      FAST  |    1.594(R)|      SLOW  |clk_BUFGP         |   0.000|
baseram_data<12>|   -0.212(R)|      FAST  |    1.549(R)|      SLOW  |clk_BUFGP         |   0.000|
baseram_data<13>|   -0.366(R)|      FAST  |    1.717(R)|      SLOW  |clk_BUFGP         |   0.000|
baseram_data<14>|   -0.335(R)|      FAST  |    1.672(R)|      SLOW  |clk_BUFGP         |   0.000|
baseram_data<15>|   -0.303(R)|      FAST  |    1.654(R)|      SLOW  |clk_BUFGP         |   0.000|
extram_data<0>  |   -0.376(R)|      FAST  |    1.719(R)|      SLOW  |clk_BUFGP         |   0.000|
extram_data<1>  |   -0.345(R)|      FAST  |    1.656(R)|      SLOW  |clk_BUFGP         |   0.000|
extram_data<2>  |   -0.347(R)|      FAST  |    1.684(R)|      SLOW  |clk_BUFGP         |   0.000|
extram_data<3>  |   -0.378(R)|      FAST  |    1.729(R)|      SLOW  |clk_BUFGP         |   0.000|
extram_data<4>  |   -0.406(R)|      FAST  |    1.743(R)|      SLOW  |clk_BUFGP         |   0.000|
extram_data<5>  |   -0.437(R)|      FAST  |    1.788(R)|      SLOW  |clk_BUFGP         |   0.000|
extram_data<6>  |   -0.377(R)|      FAST  |    1.728(R)|      SLOW  |clk_BUFGP         |   0.000|
extram_data<7>  |   -0.398(R)|      FAST  |    1.735(R)|      SLOW  |clk_BUFGP         |   0.000|
extram_data<8>  |   -0.282(R)|      FAST  |    1.619(R)|      SLOW  |clk_BUFGP         |   0.000|
extram_data<9>  |   -0.313(R)|      FAST  |    1.664(R)|      SLOW  |clk_BUFGP         |   0.000|
extram_data<10> |   -0.318(R)|      FAST  |    1.669(R)|      SLOW  |clk_BUFGP         |   0.000|
extram_data<11> |   -0.287(R)|      FAST  |    1.624(R)|      SLOW  |clk_BUFGP         |   0.000|
extram_data<12> |   -0.342(R)|      FAST  |    1.679(R)|      SLOW  |clk_BUFGP         |   0.000|
extram_data<13> |   -0.305(R)|      FAST  |    1.656(R)|      SLOW  |clk_BUFGP         |   0.000|
extram_data<14> |   -0.313(R)|      FAST  |    1.664(R)|      SLOW  |clk_BUFGP         |   0.000|
extram_data<15> |   -0.253(R)|      FAST  |    1.604(R)|      SLOW  |clk_BUFGP         |   0.000|
rst             |    7.767(R)|      SLOW  |   -3.439(R)|      FAST  |clk_BUFGP         |   0.000|
sw_dip<0>       |    2.009(R)|      SLOW  |   -1.327(R)|      SLOW  |clk_BUFGP         |   0.000|
sw_dip<1>       |    3.722(R)|      SLOW  |   -2.346(R)|      FAST  |clk_BUFGP         |   0.000|
sw_dip<2>       |    4.167(R)|      SLOW  |   -2.568(R)|      FAST  |clk_BUFGP         |   0.000|
sw_dip<3>       |    4.188(R)|      SLOW  |   -2.651(R)|      FAST  |clk_BUFGP         |   0.000|
sw_dip<4>       |    4.315(R)|      SLOW  |   -2.674(R)|      FAST  |clk_BUFGP         |   0.000|
sw_dip<5>       |    4.448(R)|      SLOW  |   -2.742(R)|      FAST  |clk_BUFGP         |   0.000|
sw_dip<6>       |    5.046(R)|      SLOW  |   -3.144(R)|      FAST  |clk_BUFGP         |   0.000|
sw_dip<7>       |    4.658(R)|      SLOW  |   -2.919(R)|      FAST  |clk_BUFGP         |   0.000|
sw_dip<8>       |    4.833(R)|      SLOW  |   -2.897(R)|      FAST  |clk_BUFGP         |   0.000|
sw_dip<9>       |    5.853(R)|      SLOW  |   -3.556(R)|      FAST  |clk_BUFGP         |   0.000|
sw_dip<10>      |    6.368(R)|      SLOW  |   -3.869(R)|      FAST  |clk_BUFGP         |   0.000|
sw_dip<11>      |    6.933(R)|      SLOW  |   -4.296(R)|      FAST  |clk_BUFGP         |   0.000|
sw_dip<12>      |    7.284(R)|      SLOW  |   -4.412(R)|      FAST  |clk_BUFGP         |   0.000|
sw_dip<13>      |    7.019(R)|      SLOW  |   -4.293(R)|      FAST  |clk_BUFGP         |   0.000|
sw_dip<14>      |    2.153(R)|      SLOW  |   -1.376(R)|      FAST  |clk_BUFGP         |   0.000|
sw_dip<15>      |    4.686(R)|      SLOW  |   -2.901(R)|      FAST  |clk_BUFGP         |   0.000|
sw_dip<16>      |    4.286(R)|      SLOW  |   -2.623(R)|      FAST  |clk_BUFGP         |   0.000|
sw_dip<17>      |    3.932(R)|      SLOW  |   -2.424(R)|      FAST  |clk_BUFGP         |   0.000|
sw_dip<18>      |    3.390(R)|      SLOW  |   -2.154(R)|      FAST  |clk_BUFGP         |   0.000|
sw_dip<19>      |    4.096(R)|      SLOW  |   -2.573(R)|      FAST  |clk_BUFGP         |   0.000|
sw_dip<31>      |   11.361(R)|      SLOW  |   -3.438(R)|      FAST  |clk_BUFGP         |   0.000|
----------------+------------+------------+------------+------------+------------------+--------+

Clock clk to Pad
----------------+-----------------+------------+-----------------+------------+------------------+--------+
                |Max (slowest) clk|  Process   |Min (fastest) clk|  Process   |                  | Clock  |
Destination     |  (edge) to PAD  |   Corner   |  (edge) to PAD  |   Corner   |Internal Clock(s) | Phase  |
----------------+-----------------+------------+-----------------+------------+------------------+--------+
baseram_addr<0> |        10.594(R)|      SLOW  |         5.787(R)|      FAST  |clk_BUFGP         |   0.000|
baseram_addr<1> |        10.900(R)|      SLOW  |         5.970(R)|      FAST  |clk_BUFGP         |   0.000|
baseram_addr<2> |        10.726(R)|      SLOW  |         5.859(R)|      FAST  |clk_BUFGP         |   0.000|
baseram_addr<3> |        10.686(R)|      SLOW  |         5.844(R)|      FAST  |clk_BUFGP         |   0.000|
baseram_addr<4> |        11.602(R)|      SLOW  |         6.408(R)|      FAST  |clk_BUFGP         |   0.000|
baseram_addr<5> |         9.312(R)|      SLOW  |         4.972(R)|      FAST  |clk_BUFGP         |   0.000|
baseram_addr<6> |         9.384(R)|      SLOW  |         5.095(R)|      FAST  |clk_BUFGP         |   0.000|
baseram_addr<7> |         9.217(R)|      SLOW  |         4.966(R)|      FAST  |clk_BUFGP         |   0.000|
baseram_addr<8> |         9.336(R)|      SLOW  |         5.016(R)|      FAST  |clk_BUFGP         |   0.000|
baseram_addr<9> |         9.664(R)|      SLOW  |         5.247(R)|      FAST  |clk_BUFGP         |   0.000|
baseram_addr<10>|        10.039(R)|      SLOW  |         5.528(R)|      FAST  |clk_BUFGP         |   0.000|
baseram_addr<11>|         9.741(R)|      SLOW  |         5.288(R)|      FAST  |clk_BUFGP         |   0.000|
baseram_addr<12>|         9.725(R)|      SLOW  |         5.293(R)|      FAST  |clk_BUFGP         |   0.000|
baseram_addr<13>|         8.307(R)|      SLOW  |         4.416(R)|      FAST  |clk_BUFGP         |   0.000|
baseram_addr<14>|        10.129(R)|      SLOW  |         5.582(R)|      FAST  |clk_BUFGP         |   0.000|
baseram_addr<15>|         9.098(R)|      SLOW  |         4.912(R)|      FAST  |clk_BUFGP         |   0.000|
baseram_addr<16>|         8.349(R)|      SLOW  |         4.461(R)|      FAST  |clk_BUFGP         |   0.000|
baseram_addr<17>|        11.281(R)|      SLOW  |         6.223(R)|      FAST  |clk_BUFGP         |   0.000|
baseram_addr<18>|         8.377(R)|      SLOW  |         4.491(R)|      FAST  |clk_BUFGP         |   0.000|
baseram_ce      |         9.781(R)|      SLOW  |         5.333(R)|      FAST  |clk_BUFGP         |   0.000|
baseram_data<0> |         9.853(R)|      SLOW  |         4.305(R)|      FAST  |clk_BUFGP         |   0.000|
baseram_data<1> |        12.692(R)|      SLOW  |         5.406(R)|      FAST  |clk_BUFGP         |   0.000|
baseram_data<2> |        12.107(R)|      SLOW  |         5.233(R)|      FAST  |clk_BUFGP         |   0.000|
baseram_data<3> |        12.468(R)|      SLOW  |         5.404(R)|      FAST  |clk_BUFGP         |   0.000|
baseram_data<4> |        13.039(R)|      SLOW  |         6.041(R)|      FAST  |clk_BUFGP         |   0.000|
baseram_data<5> |        10.250(R)|      SLOW  |         4.939(R)|      FAST  |clk_BUFGP         |   0.000|
baseram_data<6> |         8.586(R)|      SLOW  |         4.352(R)|      FAST  |clk_BUFGP         |   0.000|
baseram_data<7> |        12.468(R)|      SLOW  |         6.320(R)|      FAST  |clk_BUFGP         |   0.000|
baseram_data<8> |         9.857(R)|      SLOW  |         4.892(R)|      FAST  |clk_BUFGP         |   0.000|
baseram_data<9> |         9.328(R)|      SLOW  |         4.802(R)|      FAST  |clk_BUFGP         |   0.000|
baseram_data<10>|         9.566(R)|      SLOW  |         4.664(R)|      FAST  |clk_BUFGP         |   0.000|
baseram_data<11>|         9.643(R)|      SLOW  |         4.396(R)|      FAST  |clk_BUFGP         |   0.000|
baseram_data<12>|         9.643(R)|      SLOW  |         4.403(R)|      FAST  |clk_BUFGP         |   0.000|
baseram_data<13>|        10.896(R)|      SLOW  |         5.160(R)|      FAST  |clk_BUFGP         |   0.000|
baseram_data<14>|        10.896(R)|      SLOW  |         5.257(R)|      FAST  |clk_BUFGP         |   0.000|
baseram_data<15>|        10.661(R)|      SLOW  |         5.267(R)|      FAST  |clk_BUFGP         |   0.000|
baseram_data<16>|         8.991(R)|      SLOW  |         4.684(R)|      FAST  |clk_BUFGP         |   0.000|
baseram_data<17>|         8.991(R)|      SLOW  |         4.361(R)|      FAST  |clk_BUFGP         |   0.000|
baseram_data<18>|         9.448(R)|      SLOW  |         5.000(R)|      FAST  |clk_BUFGP         |   0.000|
baseram_data<19>|         9.448(R)|      SLOW  |         5.000(R)|      FAST  |clk_BUFGP         |   0.000|
baseram_data<20>|        11.685(R)|      SLOW  |         6.341(R)|      FAST  |clk_BUFGP         |   0.000|
baseram_data<21>|        11.685(R)|      SLOW  |         5.474(R)|      FAST  |clk_BUFGP         |   0.000|
baseram_data<22>|        12.692(R)|      SLOW  |         5.891(R)|      FAST  |clk_BUFGP         |   0.000|
baseram_data<23>|        12.107(R)|      SLOW  |         6.592(R)|      FAST  |clk_BUFGP         |   0.000|
baseram_data<24>|        10.571(R)|      SLOW  |         5.707(R)|      FAST  |clk_BUFGP         |   0.000|
baseram_data<25>|        10.571(R)|      SLOW  |         5.707(R)|      FAST  |clk_BUFGP         |   0.000|
baseram_data<26>|         9.566(R)|      SLOW  |         4.896(R)|      FAST  |clk_BUFGP         |   0.000|
baseram_data<27>|         9.545(R)|      SLOW  |         4.883(R)|      FAST  |clk_BUFGP         |   0.000|
baseram_data<28>|         9.545(R)|      SLOW  |         4.679(R)|      FAST  |clk_BUFGP         |   0.000|
baseram_data<29>|         9.310(R)|      SLOW  |         4.587(R)|      FAST  |clk_BUFGP         |   0.000|
baseram_data<30>|         9.527(R)|      SLOW  |         4.672(R)|      FAST  |clk_BUFGP         |   0.000|
baseram_data<31>|         9.527(R)|      SLOW  |         5.039(R)|      FAST  |clk_BUFGP         |   0.000|
baseram_oe      |         9.123(R)|      SLOW  |         4.936(R)|      FAST  |clk_BUFGP         |   0.000|
baseram_we      |         9.795(R)|      SLOW  |         5.363(R)|      FAST  |clk_BUFGP         |   0.000|
extram_addr<0>  |         9.083(R)|      SLOW  |         4.937(R)|      FAST  |clk_BUFGP         |   0.000|
extram_addr<1>  |        11.072(R)|      SLOW  |         6.113(R)|      FAST  |clk_BUFGP         |   0.000|
extram_addr<2>  |         9.513(R)|      SLOW  |         5.221(R)|      FAST  |clk_BUFGP         |   0.000|
extram_addr<3>  |         8.327(R)|      SLOW  |         4.487(R)|      FAST  |clk_BUFGP         |   0.000|
extram_addr<4>  |         8.812(R)|      SLOW  |         4.761(R)|      FAST  |clk_BUFGP         |   0.000|
extram_addr<5>  |         9.783(R)|      SLOW  |         5.385(R)|      FAST  |clk_BUFGP         |   0.000|
extram_addr<6>  |         9.278(R)|      SLOW  |         5.034(R)|      FAST  |clk_BUFGP         |   0.000|
extram_addr<7>  |         8.101(R)|      SLOW  |         4.326(R)|      FAST  |clk_BUFGP         |   0.000|
extram_addr<8>  |         8.777(R)|      SLOW  |         4.733(R)|      FAST  |clk_BUFGP         |   0.000|
extram_addr<9>  |         8.938(R)|      SLOW  |         4.873(R)|      FAST  |clk_BUFGP         |   0.000|
extram_addr<10> |         9.104(R)|      SLOW  |         4.993(R)|      FAST  |clk_BUFGP         |   0.000|
extram_addr<11> |         8.890(R)|      SLOW  |         4.807(R)|      FAST  |clk_BUFGP         |   0.000|
extram_addr<12> |         8.923(R)|      SLOW  |         4.828(R)|      FAST  |clk_BUFGP         |   0.000|
extram_addr<13> |         9.451(R)|      SLOW  |         5.150(R)|      FAST  |clk_BUFGP         |   0.000|
extram_addr<14> |         9.452(R)|      SLOW  |         5.137(R)|      FAST  |clk_BUFGP         |   0.000|
extram_addr<15> |         9.670(R)|      SLOW  |         5.279(R)|      FAST  |clk_BUFGP         |   0.000|
extram_addr<16> |        10.580(R)|      SLOW  |         5.799(R)|      FAST  |clk_BUFGP         |   0.000|
extram_addr<17> |         8.858(R)|      SLOW  |         4.772(R)|      FAST  |clk_BUFGP         |   0.000|
extram_addr<18> |         8.789(R)|      SLOW  |         4.732(R)|      FAST  |clk_BUFGP         |   0.000|
extram_addr<19> |         8.130(R)|      SLOW  |         4.352(R)|      FAST  |clk_BUFGP         |   0.000|
extram_ce       |         9.111(R)|      SLOW  |         4.941(R)|      FAST  |clk_BUFGP         |   0.000|
extram_data<0>  |        11.099(R)|      SLOW  |         4.848(R)|      FAST  |clk_BUFGP         |   0.000|
extram_data<1>  |        11.099(R)|      SLOW  |         5.029(R)|      FAST  |clk_BUFGP         |   0.000|
extram_data<2>  |        11.096(R)|      SLOW  |         5.160(R)|      FAST  |clk_BUFGP         |   0.000|
extram_data<3>  |        11.096(R)|      SLOW  |         5.160(R)|      FAST  |clk_BUFGP         |   0.000|
extram_data<4>  |        10.912(R)|      SLOW  |         5.465(R)|      FAST  |clk_BUFGP         |   0.000|
extram_data<5>  |        10.726(R)|      SLOW  |         5.414(R)|      FAST  |clk_BUFGP         |   0.000|
extram_data<6>  |        10.800(R)|      SLOW  |         5.592(R)|      FAST  |clk_BUFGP         |   0.000|
extram_data<7>  |        10.490(R)|      SLOW  |         5.361(R)|      FAST  |clk_BUFGP         |   0.000|
extram_data<8>  |        11.021(R)|      SLOW  |         4.353(R)|      FAST  |clk_BUFGP         |   0.000|
extram_data<9>  |        11.019(R)|      SLOW  |         4.224(R)|      FAST  |clk_BUFGP         |   0.000|
extram_data<10> |         9.186(R)|      SLOW  |         4.727(R)|      FAST  |clk_BUFGP         |   0.000|
extram_data<11> |         9.055(R)|      SLOW  |         4.727(R)|      FAST  |clk_BUFGP         |   0.000|
extram_data<12> |        10.738(R)|      SLOW  |         4.127(R)|      FAST  |clk_BUFGP         |   0.000|
extram_data<13> |         9.245(R)|      SLOW  |         4.870(R)|      FAST  |clk_BUFGP         |   0.000|
extram_data<14> |        10.521(R)|      SLOW  |         3.955(R)|      FAST  |clk_BUFGP         |   0.000|
extram_data<15> |        11.062(R)|      SLOW  |         5.390(R)|      FAST  |clk_BUFGP         |   0.000|
extram_data<16> |        15.700(R)|      SLOW  |         6.747(R)|      FAST  |clk_BUFGP         |   0.000|
extram_data<17> |        15.700(R)|      SLOW  |         6.692(R)|      FAST  |clk_BUFGP         |   0.000|
extram_data<18> |        14.968(R)|      SLOW  |         8.395(R)|      FAST  |clk_BUFGP         |   0.000|
extram_data<19> |        15.330(R)|      SLOW  |         8.617(R)|      FAST  |clk_BUFGP         |   0.000|
extram_data<20> |        15.330(R)|      SLOW  |         8.617(R)|      FAST  |clk_BUFGP         |   0.000|
extram_data<21> |        14.598(R)|      SLOW  |         6.455(R)|      FAST  |clk_BUFGP         |   0.000|
extram_data<22> |        16.076(R)|      SLOW  |         6.739(R)|      FAST  |clk_BUFGP         |   0.000|
extram_data<23> |        16.045(R)|      SLOW  |         9.052(R)|      FAST  |clk_BUFGP         |   0.000|
extram_data<24> |        10.287(R)|      SLOW  |         5.603(R)|      FAST  |clk_BUFGP         |   0.000|
extram_data<25> |        10.203(R)|      SLOW  |         5.525(R)|      FAST  |clk_BUFGP         |   0.000|
extram_data<26> |         9.566(R)|      SLOW  |         4.753(R)|      FAST  |clk_BUFGP         |   0.000|
extram_data<27> |         9.269(R)|      SLOW  |         4.753(R)|      FAST  |clk_BUFGP         |   0.000|
extram_data<28> |         9.545(R)|      SLOW  |         4.898(R)|      FAST  |clk_BUFGP         |   0.000|
extram_data<29> |         9.353(R)|      SLOW  |         4.870(R)|      FAST  |clk_BUFGP         |   0.000|
extram_data<30> |         9.353(R)|      SLOW  |         4.972(R)|      FAST  |clk_BUFGP         |   0.000|
extram_data<31> |        10.713(R)|      SLOW  |         5.831(R)|      FAST  |clk_BUFGP         |   0.000|
extram_oe       |         9.045(R)|      SLOW  |         4.895(R)|      FAST  |clk_BUFGP         |   0.000|
extram_we       |         8.820(R)|      SLOW  |         4.814(R)|      FAST  |clk_BUFGP         |   0.000|
led<0>          |        20.564(R)|      SLOW  |         8.724(R)|      FAST  |clk_BUFGP         |   0.000|
led<1>          |        20.691(R)|      SLOW  |         7.958(R)|      FAST  |clk_BUFGP         |   0.000|
led<2>          |        20.333(R)|      SLOW  |         6.410(R)|      FAST  |clk_BUFGP         |   0.000|
led<3>          |        20.938(R)|      SLOW  |         6.372(R)|      FAST  |clk_BUFGP         |   0.000|
led<4>          |        21.292(R)|      SLOW  |         6.985(R)|      FAST  |clk_BUFGP         |   0.000|
led<5>          |        19.408(R)|      SLOW  |         8.138(R)|      FAST  |clk_BUFGP         |   0.000|
led<6>          |        21.082(R)|      SLOW  |         9.575(R)|      FAST  |clk_BUFGP         |   0.000|
led<7>          |        20.105(R)|      SLOW  |         6.223(R)|      FAST  |clk_BUFGP         |   0.000|
led<8>          |        19.879(R)|      SLOW  |        10.193(R)|      FAST  |clk_BUFGP         |   0.000|
led<9>          |        21.404(R)|      SLOW  |        10.836(R)|      FAST  |clk_BUFGP         |   0.000|
led<10>         |        20.189(R)|      SLOW  |         9.677(R)|      FAST  |clk_BUFGP         |   0.000|
led<11>         |        20.221(R)|      SLOW  |         9.706(R)|      FAST  |clk_BUFGP         |   0.000|
led<12>         |        19.204(R)|      SLOW  |         9.831(R)|      FAST  |clk_BUFGP         |   0.000|
led<13>         |        20.620(R)|      SLOW  |         9.787(R)|      FAST  |clk_BUFGP         |   0.000|
led<14>         |        19.148(R)|      SLOW  |         9.880(R)|      FAST  |clk_BUFGP         |   0.000|
led<15>         |        19.127(R)|      SLOW  |         9.380(R)|      FAST  |clk_BUFGP         |   0.000|
----------------+-----------------+------------+-----------------+------------+------------------+--------+

Clock to Setup on destination clock clk
---------------+---------+---------+---------+---------+
               | Src:Rise| Src:Fall| Src:Rise| Src:Fall|
Source Clock   |Dest:Rise|Dest:Rise|Dest:Fall|Dest:Fall|
---------------+---------+---------+---------+---------+
clk            |    8.456|         |         |         |
---------------+---------+---------+---------+---------+


Analysis completed Sun Dec 06 13:56:39 2015 
--------------------------------------------------------------------------------

Trace Settings:
-------------------------
Trace Settings 

Peak Memory Usage: 335 MB



