--------------------------------------------------------------------------------
Release 14.2 Trace  (nt)
Copyright (c) 1995-2012 Xilinx, Inc.  All rights reserved.

D:\Xilinx\14.2\ISE_DS\ISE\bin\nt\unwrapped\trce.exe -intstyle ise -v 3 -s 3 -n
3 -fastpaths -xml ram_test.twx ram_test.ncd -o ram_test.twr ram_test.pcf -ucf
ram.ucf -ucf ram_test.ucf

Design file:              ram_test.ncd
Physical constraint file: ram_test.pcf
Device,package,speed:     xc6slx100,fgg676,C,-3 (PRODUCTION 1.22 2012-07-09)
Report level:             verbose report

Environment Variable      Effect 
--------------------      ------ 
NONE                      No environment variables were set
--------------------------------------------------------------------------------

INFO:Timing:2698 - No timing constraints found, doing default enumeration.
INFO:Timing:3412 - To improve timing, see the Timing Closure User Guide (UG612).
INFO:Timing:2752 - To get complete path coverage, use the unconstrained paths 
   option. All paths that are not constrained will be reported in the 
   unconstrained paths section(s) of the report.
INFO:Timing:3339 - The clock-to-out numbers in this timing report are based on 
   a 50 Ohm transmission line loading model.  For the details of this model, 
   and for more information on accounting for different loading conditions, 
   please see the device datasheet.



Data Sheet report:
-----------------
All values displayed in nanoseconds (ns)

Setup/Hold to clock clk
----------------+------------+------------+------------+------------+------------------+--------+
                |Max Setup to|  Process   |Max Hold to |  Process   |                  | Clock  |
Source          | clk (edge) |   Corner   | clk (edge) |   Corner   |Internal Clock(s) | Phase  |
----------------+------------+------------+------------+------------+------------------+--------+
baseram_data<0> |    3.362(R)|      SLOW  |   -2.021(R)|      FAST  |clk_BUFGP         |   0.000|
baseram_data<1> |    2.132(R)|      SLOW  |   -1.325(R)|      FAST  |clk_BUFGP         |   0.000|
baseram_data<2> |    1.571(R)|      SLOW  |   -0.923(R)|      SLOW  |clk_BUFGP         |   0.000|
baseram_data<3> |    1.884(R)|      SLOW  |   -1.171(R)|      FAST  |clk_BUFGP         |   0.000|
enable_read_key |    6.506(R)|      SLOW  |   -2.270(R)|      FAST  |clk_BUFGP         |   0.000|
enable_write_key|    4.690(R)|      SLOW  |   -0.461(R)|      SLOW  |clk_BUFGP         |   0.000|
extram_data<0>  |    6.557(R)|      SLOW  |   -4.100(R)|      FAST  |clk_BUFGP         |   0.000|
extram_data<1>  |    6.942(R)|      SLOW  |   -4.299(R)|      FAST  |clk_BUFGP         |   0.000|
extram_data<2>  |    7.233(R)|      SLOW  |   -4.579(R)|      FAST  |clk_BUFGP         |   0.000|
extram_data<3>  |    7.024(R)|      SLOW  |   -4.395(R)|      FAST  |clk_BUFGP         |   0.000|
user_addr<0>    |    2.693(R)|      SLOW  |   -1.681(R)|      FAST  |clk_BUFGP         |   0.000|
user_addr<1>    |    2.344(R)|      SLOW  |   -1.453(R)|      FAST  |clk_BUFGP         |   0.000|
user_addr<2>    |    2.211(R)|      SLOW  |   -1.349(R)|      FAST  |clk_BUFGP         |   0.000|
user_addr<3>    |    2.143(R)|      SLOW  |   -1.322(R)|      FAST  |clk_BUFGP         |   0.000|
user_addr<4>    |    2.947(R)|      SLOW  |   -1.858(R)|      FAST  |clk_BUFGP         |   0.000|
user_addr<5>    |    3.177(R)|      SLOW  |   -2.017(R)|      FAST  |clk_BUFGP         |   0.000|
user_addr<6>    |    3.683(R)|      SLOW  |   -2.357(R)|      FAST  |clk_BUFGP         |   0.000|
user_addr<7>    |    5.354(R)|      SLOW  |   -2.505(R)|      FAST  |clk_BUFGP         |   0.000|
user_data<0>    |    2.239(R)|      SLOW  |   -1.388(R)|      FAST  |clk_BUFGP         |   0.000|
user_data<1>    |    3.994(R)|      SLOW  |   -2.449(R)|      FAST  |clk_BUFGP         |   0.000|
user_data<2>    |    4.063(R)|      SLOW  |   -2.467(R)|      FAST  |clk_BUFGP         |   0.000|
user_data<3>    |    4.362(R)|      SLOW  |   -2.653(R)|      FAST  |clk_BUFGP         |   0.000|
----------------+------------+------------+------------+------------+------------------+--------+

Clock clk to Pad
----------------+-----------------+------------+-----------------+------------+------------------+--------+
                |Max (slowest) clk|  Process   |Min (fastest) clk|  Process   |                  | Clock  |
Destination     |  (edge) to PAD  |   Corner   |  (edge) to PAD  |   Corner   |Internal Clock(s) | Phase  |
----------------+-----------------+------------+-----------------+------------+------------------+--------+
baseram_addr<0> |        12.357(R)|      SLOW  |         6.328(R)|      FAST  |clk_BUFGP         |   0.000|
baseram_addr<1> |        12.747(R)|      SLOW  |         6.625(R)|      FAST  |clk_BUFGP         |   0.000|
baseram_addr<2> |        12.948(R)|      SLOW  |         6.488(R)|      FAST  |clk_BUFGP         |   0.000|
baseram_addr<3> |        12.766(R)|      SLOW  |         6.520(R)|      FAST  |clk_BUFGP         |   0.000|
baseram_addr<4> |        11.552(R)|      SLOW  |         6.293(R)|      FAST  |clk_BUFGP         |   0.000|
baseram_addr<5> |        13.443(R)|      SLOW  |         7.526(R)|      FAST  |clk_BUFGP         |   0.000|
baseram_addr<6> |        14.030(R)|      SLOW  |         7.936(R)|      FAST  |clk_BUFGP         |   0.000|
baseram_addr<7> |        13.707(R)|      SLOW  |         7.647(R)|      FAST  |clk_BUFGP         |   0.000|
baseram_ce      |        12.785(R)|      SLOW  |         7.143(R)|      FAST  |clk_BUFGP         |   0.000|
baseram_data<0> |        13.705(R)|      SLOW  |         6.501(R)|      FAST  |clk_BUFGP         |   0.000|
baseram_data<1> |        14.562(R)|      SLOW  |         6.173(R)|      FAST  |clk_BUFGP         |   0.000|
baseram_data<2> |        13.836(R)|      SLOW  |         6.112(R)|      FAST  |clk_BUFGP         |   0.000|
baseram_data<3> |        14.200(R)|      SLOW  |         6.201(R)|      FAST  |clk_BUFGP         |   0.000|
baseram_data<4> |        14.889(R)|      SLOW  |         8.185(R)|      FAST  |clk_BUFGP         |   0.000|
baseram_data<5> |        11.608(R)|      SLOW  |         6.172(R)|      FAST  |clk_BUFGP         |   0.000|
baseram_data<6> |        13.417(R)|      SLOW  |         7.264(R)|      FAST  |clk_BUFGP         |   0.000|
baseram_data<7> |        14.180(R)|      SLOW  |         7.756(R)|      FAST  |clk_BUFGP         |   0.000|
baseram_data<8> |        17.459(R)|      SLOW  |         9.907(R)|      FAST  |clk_BUFGP         |   0.000|
baseram_data<9> |        16.930(R)|      SLOW  |         9.591(R)|      FAST  |clk_BUFGP         |   0.000|
baseram_data<10>|        17.168(R)|      SLOW  |         9.744(R)|      FAST  |clk_BUFGP         |   0.000|
baseram_data<11>|        16.110(R)|      SLOW  |         9.005(R)|      FAST  |clk_BUFGP         |   0.000|
baseram_data<12>|        16.110(R)|      SLOW  |         9.005(R)|      FAST  |clk_BUFGP         |   0.000|
baseram_data<13>|        18.498(R)|      SLOW  |        10.581(R)|      FAST  |clk_BUFGP         |   0.000|
baseram_data<14>|        18.498(R)|      SLOW  |        10.581(R)|      FAST  |clk_BUFGP         |   0.000|
baseram_data<15>|        18.262(R)|      SLOW  |        10.450(R)|      FAST  |clk_BUFGP         |   0.000|
baseram_data<16>|        13.803(R)|      SLOW  |         7.510(R)|      FAST  |clk_BUFGP         |   0.000|
baseram_data<17>|        13.803(R)|      SLOW  |         7.510(R)|      FAST  |clk_BUFGP         |   0.000|
baseram_data<18>|        12.563(R)|      SLOW  |         6.759(R)|      FAST  |clk_BUFGP         |   0.000|
baseram_data<19>|        12.563(R)|      SLOW  |         6.759(R)|      FAST  |clk_BUFGP         |   0.000|
baseram_data<20>|        13.008(R)|      SLOW  |         7.045(R)|      FAST  |clk_BUFGP         |   0.000|
baseram_data<21>|        13.008(R)|      SLOW  |         7.045(R)|      FAST  |clk_BUFGP         |   0.000|
baseram_data<22>|        14.542(R)|      SLOW  |         7.978(R)|      FAST  |clk_BUFGP         |   0.000|
baseram_data<23>|        13.564(R)|      SLOW  |         7.359(R)|      FAST  |clk_BUFGP         |   0.000|
baseram_data<24>|        18.173(R)|      SLOW  |        10.391(R)|      FAST  |clk_BUFGP         |   0.000|
baseram_data<25>|        18.173(R)|      SLOW  |        10.391(R)|      FAST  |clk_BUFGP         |   0.000|
baseram_data<26>|        17.168(R)|      SLOW  |         9.744(R)|      FAST  |clk_BUFGP         |   0.000|
baseram_data<27>|        17.147(R)|      SLOW  |         9.744(R)|      FAST  |clk_BUFGP         |   0.000|
baseram_data<28>|        17.147(R)|      SLOW  |         9.744(R)|      FAST  |clk_BUFGP         |   0.000|
baseram_data<29>|        16.629(R)|      SLOW  |         9.366(R)|      FAST  |clk_BUFGP         |   0.000|
baseram_data<30>|        16.846(R)|      SLOW  |         9.519(R)|      FAST  |clk_BUFGP         |   0.000|
baseram_data<31>|        16.846(R)|      SLOW  |         9.519(R)|      FAST  |clk_BUFGP         |   0.000|
baseram_oe      |        13.119(R)|      SLOW  |         7.033(R)|      FAST  |clk_BUFGP         |   0.000|
baseram_we      |        10.406(R)|      SLOW  |         5.753(R)|      FAST  |clk_BUFGP         |   0.000|
                |         9.706(F)|      SLOW  |         5.362(F)|      FAST  |clk_BUFGP         |   0.000|
extram_addr<0>  |        13.142(R)|      SLOW  |         6.705(R)|      FAST  |clk_BUFGP         |   0.000|
extram_addr<1>  |         9.723(R)|      SLOW  |         4.696(R)|      FAST  |clk_BUFGP         |   0.000|
extram_addr<2>  |        13.854(R)|      SLOW  |         6.969(R)|      FAST  |clk_BUFGP         |   0.000|
extram_addr<3>  |        12.791(R)|      SLOW  |         6.427(R)|      FAST  |clk_BUFGP         |   0.000|
extram_addr<4>  |        12.132(R)|      SLOW  |         6.662(R)|      FAST  |clk_BUFGP         |   0.000|
extram_addr<5>  |        11.941(R)|      SLOW  |         6.567(R)|      FAST  |clk_BUFGP         |   0.000|
extram_addr<6>  |        11.929(R)|      SLOW  |         6.515(R)|      FAST  |clk_BUFGP         |   0.000|
extram_addr<7>  |        17.307(R)|      SLOW  |        10.025(R)|      FAST  |clk_BUFGP         |   0.000|
extram_ce       |        12.953(R)|      SLOW  |         7.361(R)|      FAST  |clk_BUFGP         |   0.000|
extram_data<0>  |        15.353(R)|      SLOW  |         6.242(R)|      FAST  |clk_BUFGP         |   0.000|
extram_data<1>  |        15.353(R)|      SLOW  |         6.326(R)|      FAST  |clk_BUFGP         |   0.000|
extram_data<2>  |        15.580(R)|      SLOW  |         6.425(R)|      FAST  |clk_BUFGP         |   0.000|
extram_data<3>  |        15.580(R)|      SLOW  |         6.436(R)|      FAST  |clk_BUFGP         |   0.000|
extram_data<4>  |        15.579(R)|      SLOW  |         8.563(R)|      FAST  |clk_BUFGP         |   0.000|
extram_data<5>  |        15.272(R)|      SLOW  |         8.393(R)|      FAST  |clk_BUFGP         |   0.000|
extram_data<6>  |        15.363(R)|      SLOW  |         8.411(R)|      FAST  |clk_BUFGP         |   0.000|
extram_data<7>  |        14.903(R)|      SLOW  |         8.109(R)|      FAST  |clk_BUFGP         |   0.000|
extram_data<8>  |        12.299(R)|      SLOW  |         6.576(R)|      FAST  |clk_BUFGP         |   0.000|
extram_data<9>  |        12.293(R)|      SLOW  |         6.544(R)|      FAST  |clk_BUFGP         |   0.000|
extram_data<10> |        13.559(R)|      SLOW  |         7.297(R)|      FAST  |clk_BUFGP         |   0.000|
extram_data<11> |        13.392(R)|      SLOW  |         7.168(R)|      FAST  |clk_BUFGP         |   0.000|
extram_data<12> |        12.080(R)|      SLOW  |         6.323(R)|      FAST  |clk_BUFGP         |   0.000|
extram_data<13> |        13.466(R)|      SLOW  |         7.181(R)|      FAST  |clk_BUFGP         |   0.000|
extram_data<14> |        11.876(R)|      SLOW  |         6.209(R)|      FAST  |clk_BUFGP         |   0.000|
extram_data<15> |        12.410(R)|      SLOW  |         6.623(R)|      FAST  |clk_BUFGP         |   0.000|
extram_data<16> |        13.759(R)|      SLOW  |         7.469(R)|      FAST  |clk_BUFGP         |   0.000|
extram_data<17> |        13.759(R)|      SLOW  |         7.469(R)|      FAST  |clk_BUFGP         |   0.000|
extram_data<18> |        13.036(R)|      SLOW  |         7.026(R)|      FAST  |clk_BUFGP         |   0.000|
extram_data<19> |        13.395(R)|      SLOW  |         7.245(R)|      FAST  |clk_BUFGP         |   0.000|
extram_data<20> |        13.395(R)|      SLOW  |         7.245(R)|      FAST  |clk_BUFGP         |   0.000|
extram_data<21> |        12.637(R)|      SLOW  |         6.767(R)|      FAST  |clk_BUFGP         |   0.000|
extram_data<22> |        14.112(R)|      SLOW  |         7.682(R)|      FAST  |clk_BUFGP         |   0.000|
extram_data<23> |        14.112(R)|      SLOW  |         7.682(R)|      FAST  |clk_BUFGP         |   0.000|
extram_data<24> |        14.903(R)|      SLOW  |         8.109(R)|      FAST  |clk_BUFGP         |   0.000|
extram_data<25> |        14.491(R)|      SLOW  |         7.840(R)|      FAST  |clk_BUFGP         |   0.000|
extram_data<26> |        14.018(R)|      SLOW  |         7.545(R)|      FAST  |clk_BUFGP         |   0.000|
extram_data<27> |        13.958(R)|      SLOW  |         7.550(R)|      FAST  |clk_BUFGP         |   0.000|
extram_data<28> |        13.932(R)|      SLOW  |         7.509(R)|      FAST  |clk_BUFGP         |   0.000|
extram_data<29> |        13.747(R)|      SLOW  |         7.403(R)|      FAST  |clk_BUFGP         |   0.000|
extram_data<30> |        13.747(R)|      SLOW  |         7.403(R)|      FAST  |clk_BUFGP         |   0.000|
extram_data<31> |        12.686(R)|      SLOW  |         6.884(R)|      FAST  |clk_BUFGP         |   0.000|
extram_oe       |        13.762(R)|      SLOW  |         7.444(R)|      FAST  |clk_BUFGP         |   0.000|
extram_we       |        14.119(R)|      SLOW  |         8.040(R)|      FAST  |clk_BUFGP         |   0.000|
                |        13.419(F)|      SLOW  |         7.649(F)|      FAST  |clk_BUFGP         |   0.000|
led<0>          |         9.975(R)|      SLOW  |         5.433(R)|      FAST  |clk_BUFGP         |   0.000|
led<1>          |         9.665(R)|      SLOW  |         5.254(R)|      FAST  |clk_BUFGP         |   0.000|
led<2>          |        11.167(R)|      SLOW  |         6.187(R)|      FAST  |clk_BUFGP         |   0.000|
segdisp0<0>     |        14.175(R)|      SLOW  |         7.803(R)|      FAST  |clk_BUFGP         |   0.000|
segdisp0<1>     |        14.169(R)|      SLOW  |         7.760(R)|      FAST  |clk_BUFGP         |   0.000|
segdisp0<2>     |        13.860(R)|      SLOW  |         7.432(R)|      FAST  |clk_BUFGP         |   0.000|
segdisp0<3>     |        14.264(R)|      SLOW  |         7.832(R)|      FAST  |clk_BUFGP         |   0.000|
segdisp0<4>     |        14.321(R)|      SLOW  |         7.860(R)|      FAST  |clk_BUFGP         |   0.000|
segdisp0<5>     |        14.109(R)|      SLOW  |         7.779(R)|      FAST  |clk_BUFGP         |   0.000|
segdisp0<6>     |        14.018(R)|      SLOW  |         7.560(R)|      FAST  |clk_BUFGP         |   0.000|
----------------+-----------------+------------+-----------------+------------+------------------+--------+

Clock to Setup on destination clock clk
---------------+---------+---------+---------+---------+
               | Src:Rise| Src:Fall| Src:Rise| Src:Fall|
Source Clock   |Dest:Rise|Dest:Rise|Dest:Fall|Dest:Fall|
---------------+---------+---------+---------+---------+
clk            |    4.451|         |    1.852|         |
---------------+---------+---------+---------+---------+

Pad to Pad
---------------+----------------+---------+
Source Pad     |Destination Pad |  Delay  |
---------------+----------------+---------+
enable_read_key|baseram_addr<0> |   12.207|
enable_read_key|baseram_addr<1> |   12.269|
enable_read_key|baseram_addr<2> |   12.187|
enable_read_key|baseram_addr<3> |   12.343|
enable_read_key|baseram_addr<4> |   13.177|
enable_read_key|baseram_addr<5> |   15.850|
enable_read_key|baseram_addr<6> |   15.540|
enable_read_key|baseram_addr<7> |   16.499|
enable_read_key|baseram_ce      |   15.577|
enable_read_key|baseram_data<0> |   14.537|
enable_read_key|baseram_data<1> |   16.926|
enable_read_key|baseram_data<2> |   16.200|
enable_read_key|baseram_data<3> |   16.564|
enable_read_key|baseram_data<4> |   17.273|
enable_read_key|baseram_data<5> |   13.992|
enable_read_key|baseram_data<6> |   15.801|
enable_read_key|baseram_data<7> |   16.564|
enable_read_key|baseram_data<8> |   19.843|
enable_read_key|baseram_data<9> |   19.314|
enable_read_key|baseram_data<10>|   19.552|
enable_read_key|baseram_data<11>|   18.494|
enable_read_key|baseram_data<12>|   18.494|
enable_read_key|baseram_data<13>|   20.882|
enable_read_key|baseram_data<14>|   20.882|
enable_read_key|baseram_data<15>|   20.646|
enable_read_key|baseram_data<16>|   16.187|
enable_read_key|baseram_data<17>|   16.187|
enable_read_key|baseram_data<18>|   14.947|
enable_read_key|baseram_data<19>|   14.947|
enable_read_key|baseram_data<20>|   15.392|
enable_read_key|baseram_data<21>|   15.392|
enable_read_key|baseram_data<22>|   16.926|
enable_read_key|baseram_data<23>|   15.948|
enable_read_key|baseram_data<24>|   20.557|
enable_read_key|baseram_data<25>|   20.557|
enable_read_key|baseram_data<26>|   19.552|
enable_read_key|baseram_data<27>|   19.531|
enable_read_key|baseram_data<28>|   19.531|
enable_read_key|baseram_data<29>|   19.013|
enable_read_key|baseram_data<30>|   19.230|
enable_read_key|baseram_data<31>|   19.230|
enable_read_key|baseram_oe      |   15.445|
enable_read_key|baseram_we      |   12.307|
enable_read_key|extram_addr<0>  |   12.992|
enable_read_key|extram_addr<1>  |    9.245|
enable_read_key|extram_addr<2>  |   13.093|
enable_read_key|extram_addr<3>  |   12.368|
enable_read_key|extram_addr<4>  |   13.757|
enable_read_key|extram_addr<5>  |   14.348|
enable_read_key|extram_addr<6>  |   13.439|
enable_read_key|extram_addr<7>  |   20.099|
enable_read_key|extram_ce       |   15.745|
enable_read_key|extram_data<0>  |   17.717|
enable_read_key|extram_data<1>  |   17.717|
enable_read_key|extram_data<2>  |   17.944|
enable_read_key|extram_data<3>  |   17.944|
enable_read_key|extram_data<4>  |   17.963|
enable_read_key|extram_data<5>  |   17.656|
enable_read_key|extram_data<6>  |   17.747|
enable_read_key|extram_data<7>  |   17.287|
enable_read_key|extram_data<8>  |   14.683|
enable_read_key|extram_data<9>  |   14.677|
enable_read_key|extram_data<10> |   15.943|
enable_read_key|extram_data<11> |   15.776|
enable_read_key|extram_data<12> |   14.464|
enable_read_key|extram_data<13> |   15.850|
enable_read_key|extram_data<14> |   14.260|
enable_read_key|extram_data<15> |   14.794|
enable_read_key|extram_data<16> |   16.143|
enable_read_key|extram_data<17> |   16.143|
enable_read_key|extram_data<18> |   15.420|
enable_read_key|extram_data<19> |   15.779|
enable_read_key|extram_data<20> |   15.779|
enable_read_key|extram_data<21> |   15.021|
enable_read_key|extram_data<22> |   16.496|
enable_read_key|extram_data<23> |   16.496|
enable_read_key|extram_data<24> |   17.287|
enable_read_key|extram_data<25> |   16.875|
enable_read_key|extram_data<26> |   16.402|
enable_read_key|extram_data<27> |   16.342|
enable_read_key|extram_data<28> |   16.316|
enable_read_key|extram_data<29> |   16.131|
enable_read_key|extram_data<30> |   16.131|
enable_read_key|extram_data<31> |   15.070|
enable_read_key|extram_oe       |   16.088|
enable_read_key|extram_we       |   16.020|
user_addr<0>   |baseram_addr<0> |   12.310|
user_addr<0>   |extram_addr<0>  |   13.095|
user_addr<1>   |baseram_addr<1> |   12.280|
user_addr<1>   |extram_addr<1>  |    9.256|
user_addr<2>   |baseram_addr<2> |   12.353|
user_addr<2>   |extram_addr<2>  |   13.259|
user_addr<3>   |baseram_addr<3> |   12.083|
user_addr<3>   |extram_addr<3>  |   12.108|
user_addr<4>   |baseram_addr<4> |   12.842|
user_addr<4>   |extram_addr<4>  |   13.422|
user_addr<5>   |baseram_addr<5> |   15.272|
user_addr<5>   |extram_addr<5>  |   13.770|
user_addr<6>   |baseram_addr<6> |   15.796|
user_addr<6>   |extram_addr<6>  |   13.695|
user_addr<7>   |baseram_addr<7> |   16.619|
user_addr<7>   |baseram_ce      |   15.697|
user_addr<7>   |baseram_data<0> |   14.630|
user_addr<7>   |baseram_data<1> |   17.019|
user_addr<7>   |baseram_data<2> |   16.293|
user_addr<7>   |baseram_data<3> |   16.657|
user_addr<7>   |baseram_data<4> |   17.366|
user_addr<7>   |baseram_data<5> |   14.085|
user_addr<7>   |baseram_data<6> |   15.894|
user_addr<7>   |baseram_data<7> |   16.657|
user_addr<7>   |baseram_data<8> |   19.936|
user_addr<7>   |baseram_data<9> |   19.407|
user_addr<7>   |baseram_data<10>|   19.645|
user_addr<7>   |baseram_data<11>|   18.587|
user_addr<7>   |baseram_data<12>|   18.587|
user_addr<7>   |baseram_data<13>|   20.975|
user_addr<7>   |baseram_data<14>|   20.975|
user_addr<7>   |baseram_data<15>|   20.739|
user_addr<7>   |baseram_data<16>|   16.280|
user_addr<7>   |baseram_data<17>|   16.280|
user_addr<7>   |baseram_data<18>|   15.040|
user_addr<7>   |baseram_data<19>|   15.040|
user_addr<7>   |baseram_data<20>|   15.485|
user_addr<7>   |baseram_data<21>|   15.485|
user_addr<7>   |baseram_data<22>|   17.019|
user_addr<7>   |baseram_data<23>|   16.041|
user_addr<7>   |baseram_data<24>|   20.650|
user_addr<7>   |baseram_data<25>|   20.650|
user_addr<7>   |baseram_data<26>|   19.645|
user_addr<7>   |baseram_data<27>|   19.624|
user_addr<7>   |baseram_data<28>|   19.624|
user_addr<7>   |baseram_data<29>|   19.106|
user_addr<7>   |baseram_data<30>|   19.323|
user_addr<7>   |baseram_data<31>|   19.323|
user_addr<7>   |baseram_oe      |   15.605|
user_addr<7>   |baseram_we      |   12.318|
user_addr<7>   |extram_addr<7>  |   20.219|
user_addr<7>   |extram_ce       |   15.865|
user_addr<7>   |extram_data<0>  |   17.810|
user_addr<7>   |extram_data<1>  |   17.810|
user_addr<7>   |extram_data<2>  |   18.037|
user_addr<7>   |extram_data<3>  |   18.037|
user_addr<7>   |extram_data<4>  |   18.056|
user_addr<7>   |extram_data<5>  |   17.749|
user_addr<7>   |extram_data<6>  |   17.840|
user_addr<7>   |extram_data<7>  |   17.380|
user_addr<7>   |extram_data<8>  |   14.776|
user_addr<7>   |extram_data<9>  |   14.770|
user_addr<7>   |extram_data<10> |   16.036|
user_addr<7>   |extram_data<11> |   15.869|
user_addr<7>   |extram_data<12> |   14.557|
user_addr<7>   |extram_data<13> |   15.943|
user_addr<7>   |extram_data<14> |   14.353|
user_addr<7>   |extram_data<15> |   14.887|
user_addr<7>   |extram_data<16> |   16.236|
user_addr<7>   |extram_data<17> |   16.236|
user_addr<7>   |extram_data<18> |   15.513|
user_addr<7>   |extram_data<19> |   15.872|
user_addr<7>   |extram_data<20> |   15.872|
user_addr<7>   |extram_data<21> |   15.114|
user_addr<7>   |extram_data<22> |   16.589|
user_addr<7>   |extram_data<23> |   16.589|
user_addr<7>   |extram_data<24> |   17.380|
user_addr<7>   |extram_data<25> |   16.968|
user_addr<7>   |extram_data<26> |   16.495|
user_addr<7>   |extram_data<27> |   16.435|
user_addr<7>   |extram_data<28> |   16.409|
user_addr<7>   |extram_data<29> |   16.224|
user_addr<7>   |extram_data<30> |   16.224|
user_addr<7>   |extram_data<31> |   15.163|
user_addr<7>   |extram_oe       |   16.248|
user_addr<7>   |extram_we       |   16.031|
---------------+----------------+---------+


Analysis completed Fri Nov 27 23:25:10 2015 
--------------------------------------------------------------------------------

Trace Settings:
-------------------------
Trace Settings 

Peak Memory Usage: 261 MB



