--------------------------------------------------------------------------------
Release 14.2 Trace  (nt64)
Copyright (c) 1995-2012 Xilinx, Inc.  All rights reserved.

C:\Xilinx\14.2\ISE_DS\ISE\bin\nt64\unwrapped\trce.exe -intstyle ise -v 3 -s 3
-n 3 -fastpaths -xml ram_test.twx ram_test.ncd -o ram_test.twr ram_test.pcf
-ucf ram.ucf -ucf ram_test.ucf

Design file:              ram_test.ncd
Physical constraint file: ram_test.pcf
Device,package,speed:     xc6slx100,fgg676,C,-3 (PRODUCTION 1.22 2012-07-09)
Report level:             verbose report

Environment Variable      Effect 
--------------------      ------ 
NONE                      No environment variables were set
--------------------------------------------------------------------------------

INFO:Timing:2698 - No timing constraints found, doing default enumeration.
INFO:Timing:3412 - To improve timing, see the Timing Closure User Guide (UG612).
INFO:Timing:2752 - To get complete path coverage, use the unconstrained paths 
   option. All paths that are not constrained will be reported in the 
   unconstrained paths section(s) of the report.
INFO:Timing:3339 - The clock-to-out numbers in this timing report are based on 
   a 50 Ohm transmission line loading model.  For the details of this model, 
   and for more information on accounting for different loading conditions, 
   please see the device datasheet.



Data Sheet report:
-----------------
All values displayed in nanoseconds (ns)

Clock to Setup on destination clock clk
---------------+---------+---------+---------+---------+
               | Src:Rise| Src:Fall| Src:Rise| Src:Fall|
Source Clock   |Dest:Rise|Dest:Rise|Dest:Fall|Dest:Fall|
---------------+---------+---------+---------+---------+
clk            |    1.230|         |         |         |
---------------+---------+---------+---------+---------+

Pad to Pad
---------------+----------------+---------+
Source Pad     |Destination Pad |  Delay  |
---------------+----------------+---------+
enable_read_key|baseram_addr<0> |   12.785|
enable_read_key|baseram_addr<1> |   12.282|
enable_read_key|baseram_addr<2> |   12.329|
enable_read_key|baseram_addr<3> |   12.864|
enable_read_key|baseram_addr<4> |   12.882|
enable_read_key|baseram_addr<5> |   15.922|
enable_read_key|baseram_addr<6> |   15.986|
enable_read_key|baseram_addr<7> |   16.553|
enable_read_key|baseram_ce      |   16.249|
enable_read_key|baseram_data<0> |   15.840|
enable_read_key|baseram_data<1> |   18.705|
enable_read_key|baseram_data<2> |   17.982|
enable_read_key|baseram_data<3> |   18.343|
enable_read_key|baseram_data<4> |   19.052|
enable_read_key|baseram_data<5> |   16.095|
enable_read_key|baseram_data<6> |   16.309|
enable_read_key|baseram_data<7> |   18.343|
enable_read_key|baseram_data<8> |   17.858|
enable_read_key|baseram_data<9> |   17.329|
enable_read_key|baseram_data<10>|   17.567|
enable_read_key|baseram_data<11>|   16.616|
enable_read_key|baseram_data<12>|   16.616|
enable_read_key|baseram_data<13>|   18.898|
enable_read_key|baseram_data<14>|   18.898|
enable_read_key|baseram_data<15>|   18.662|
enable_read_key|baseram_data<16>|   16.682|
enable_read_key|baseram_data<17>|   16.682|
enable_read_key|baseram_data<18>|   15.294|
enable_read_key|baseram_data<19>|   15.294|
enable_read_key|baseram_data<20>|   17.381|
enable_read_key|baseram_data<21>|   17.381|
enable_read_key|baseram_data<22>|   18.705|
enable_read_key|baseram_data<23>|   17.982|
enable_read_key|baseram_data<24>|   18.572|
enable_read_key|baseram_data<25>|   18.572|
enable_read_key|baseram_data<26>|   17.567|
enable_read_key|baseram_data<27>|   17.546|
enable_read_key|baseram_data<28>|   17.546|
enable_read_key|baseram_data<29>|   16.998|
enable_read_key|baseram_data<30>|   17.259|
enable_read_key|baseram_data<31>|   17.259|
enable_read_key|baseram_oe      |   16.207|
enable_read_key|baseram_we      |   13.186|
enable_read_key|extram_addr<0>  |   13.720|
enable_read_key|extram_addr<1>  |    9.727|
enable_read_key|extram_addr<2>  |   13.495|
enable_read_key|extram_addr<3>  |   12.590|
enable_read_key|extram_addr<4>  |   12.466|
enable_read_key|extram_addr<5>  |   15.060|
enable_read_key|extram_addr<6>  |   13.687|
enable_read_key|extram_addr<7>  |   17.291|
enable_read_key|extram_ce       |   13.504|
enable_read_key|extram_data<0>  |   19.050|
enable_read_key|extram_data<1>  |   18.716|
enable_read_key|extram_data<2>  |   18.657|
enable_read_key|extram_data<3>  |   18.908|
enable_read_key|extram_data<4>  |   18.612|
enable_read_key|extram_data<5>  |   18.612|
enable_read_key|extram_data<6>  |   18.722|
enable_read_key|extram_data<7>  |   18.102|
enable_read_key|extram_data<8>  |   15.757|
enable_read_key|extram_data<9>  |   15.757|
enable_read_key|extram_data<10> |   16.704|
enable_read_key|extram_data<11> |   16.871|
enable_read_key|extram_data<12> |   15.198|
enable_read_key|extram_data<13> |   16.456|
enable_read_key|extram_data<14> |   15.168|
enable_read_key|extram_data<15> |   15.540|
enable_read_key|extram_data<16> |   23.668|
enable_read_key|extram_data<17> |   23.668|
enable_read_key|extram_data<18> |   22.945|
enable_read_key|extram_data<19> |   23.307|
enable_read_key|extram_data<20> |   23.307|
enable_read_key|extram_data<21> |   22.546|
enable_read_key|extram_data<22> |   24.021|
enable_read_key|extram_data<23> |   24.021|
enable_read_key|extram_data<24> |   18.227|
enable_read_key|extram_data<25> |   18.019|
enable_read_key|extram_data<26> |   17.296|
enable_read_key|extram_data<27> |   17.185|
enable_read_key|extram_data<28> |   17.275|
enable_read_key|extram_data<29> |   17.087|
enable_read_key|extram_data<30> |   17.087|
enable_read_key|extram_data<31> |   15.197|
enable_read_key|extram_oe       |   16.636|
enable_read_key|extram_we       |   16.016|
user_addr<0>   |baseram_addr<0> |   12.180|
user_addr<0>   |extram_addr<0>  |   13.115|
user_addr<1>   |baseram_addr<1> |   12.393|
user_addr<1>   |extram_addr<1>  |    9.838|
user_addr<2>   |baseram_addr<2> |   12.854|
user_addr<2>   |extram_addr<2>  |   14.020|
user_addr<3>   |baseram_addr<3> |   12.542|
user_addr<3>   |extram_addr<3>  |   12.268|
user_addr<4>   |baseram_addr<4> |   12.699|
user_addr<4>   |extram_addr<4>  |   12.283|
user_addr<5>   |baseram_addr<5> |   14.569|
user_addr<5>   |extram_addr<5>  |   13.707|
user_addr<6>   |baseram_addr<6> |   15.914|
user_addr<6>   |extram_addr<6>  |   13.615|
user_addr<7>   |baseram_addr<7> |   16.315|
user_addr<7>   |baseram_ce      |   16.011|
user_addr<7>   |baseram_data<0> |   14.784|
user_addr<7>   |baseram_data<1> |   17.649|
user_addr<7>   |baseram_data<2> |   16.926|
user_addr<7>   |baseram_data<3> |   17.287|
user_addr<7>   |baseram_data<4> |   17.996|
user_addr<7>   |baseram_data<5> |   15.039|
user_addr<7>   |baseram_data<6> |   15.253|
user_addr<7>   |baseram_data<7> |   17.287|
user_addr<7>   |baseram_data<8> |   16.802|
user_addr<7>   |baseram_data<9> |   16.273|
user_addr<7>   |baseram_data<10>|   16.511|
user_addr<7>   |baseram_data<11>|   15.560|
user_addr<7>   |baseram_data<12>|   15.560|
user_addr<7>   |baseram_data<13>|   17.842|
user_addr<7>   |baseram_data<14>|   17.842|
user_addr<7>   |baseram_data<15>|   17.606|
user_addr<7>   |baseram_data<16>|   15.626|
user_addr<7>   |baseram_data<17>|   15.626|
user_addr<7>   |baseram_data<18>|   14.238|
user_addr<7>   |baseram_data<19>|   14.238|
user_addr<7>   |baseram_data<20>|   16.325|
user_addr<7>   |baseram_data<21>|   16.325|
user_addr<7>   |baseram_data<22>|   17.649|
user_addr<7>   |baseram_data<23>|   16.926|
user_addr<7>   |baseram_data<24>|   17.516|
user_addr<7>   |baseram_data<25>|   17.516|
user_addr<7>   |baseram_data<26>|   16.511|
user_addr<7>   |baseram_data<27>|   16.490|
user_addr<7>   |baseram_data<28>|   16.490|
user_addr<7>   |baseram_data<29>|   15.942|
user_addr<7>   |baseram_data<30>|   16.203|
user_addr<7>   |baseram_data<31>|   16.203|
user_addr<7>   |baseram_oe      |   15.083|
user_addr<7>   |baseram_we      |   14.195|
user_addr<7>   |extram_addr<7>  |   17.053|
user_addr<7>   |extram_ce       |   11.232|
user_addr<7>   |extram_data<0>  |   17.994|
user_addr<7>   |extram_data<1>  |   17.660|
user_addr<7>   |extram_data<2>  |   17.601|
user_addr<7>   |extram_data<3>  |   17.852|
user_addr<7>   |extram_data<4>  |   17.556|
user_addr<7>   |extram_data<5>  |   17.556|
user_addr<7>   |extram_data<6>  |   17.666|
user_addr<7>   |extram_data<7>  |   17.046|
user_addr<7>   |extram_data<8>  |   14.701|
user_addr<7>   |extram_data<9>  |   14.701|
user_addr<7>   |extram_data<10> |   15.648|
user_addr<7>   |extram_data<11> |   15.815|
user_addr<7>   |extram_data<12> |   14.142|
user_addr<7>   |extram_data<13> |   15.400|
user_addr<7>   |extram_data<14> |   14.112|
user_addr<7>   |extram_data<15> |   14.484|
user_addr<7>   |extram_data<16> |   22.612|
user_addr<7>   |extram_data<17> |   22.612|
user_addr<7>   |extram_data<18> |   21.889|
user_addr<7>   |extram_data<19> |   22.251|
user_addr<7>   |extram_data<20> |   22.251|
user_addr<7>   |extram_data<21> |   21.490|
user_addr<7>   |extram_data<22> |   22.965|
user_addr<7>   |extram_data<23> |   22.965|
user_addr<7>   |extram_data<24> |   17.171|
user_addr<7>   |extram_data<25> |   16.963|
user_addr<7>   |extram_data<26> |   16.240|
user_addr<7>   |extram_data<27> |   16.129|
user_addr<7>   |extram_data<28> |   16.219|
user_addr<7>   |extram_data<29> |   16.031|
user_addr<7>   |extram_data<30> |   16.031|
user_addr<7>   |extram_data<31> |   14.141|
user_addr<7>   |extram_oe       |   15.512|
user_addr<7>   |extram_we       |   17.025|
---------------+----------------+---------+


Analysis completed Sat Nov 28 19:39:11 2015 
--------------------------------------------------------------------------------

Trace Settings:
-------------------------
Trace Settings 

Peak Memory Usage: 334 MB



