--------------------------------------------------------------------------------
Release 14.2 Trace  (nt)
Copyright (c) 1995-2012 Xilinx, Inc.  All rights reserved.

D:\Xilinx\14.2\ISE_DS\ISE\bin\nt\unwrapped\trce.exe -intstyle ise -v 3 -s 3 -n
3 -fastpaths -xml ramtest.twx ramtest.ncd -o ramtest.twr ramtest.pcf -ucf
ramtest.ucf -ucf ram.ucf

Design file:              ramtest.ncd
Physical constraint file: ramtest.pcf
Device,package,speed:     xc6slx100,fgg676,C,-3 (PRODUCTION 1.22 2012-07-09)
Report level:             verbose report

Environment Variable      Effect 
--------------------      ------ 
NONE                      No environment variables were set
--------------------------------------------------------------------------------

INFO:Timing:2698 - No timing constraints found, doing default enumeration.
INFO:Timing:3412 - To improve timing, see the Timing Closure User Guide (UG612).
INFO:Timing:2752 - To get complete path coverage, use the unconstrained paths 
   option. All paths that are not constrained will be reported in the 
   unconstrained paths section(s) of the report.
INFO:Timing:3339 - The clock-to-out numbers in this timing report are based on 
   a 50 Ohm transmission line loading model.  For the details of this model, 
   and for more information on accounting for different loading conditions, 
   please see the device datasheet.



Data Sheet report:
-----------------
All values displayed in nanoseconds (ns)

Setup/Hold to clock clk
---------------+------------+------------+------------+------------+------------------+--------+
               |Max Setup to|  Process   |Max Hold to |  Process   |                  | Clock  |
Source         | clk (edge) |   Corner   | clk (edge) |   Corner   |Internal Clock(s) | Phase  |
---------------+------------+------------+------------+------------+------------------+--------+
baseram_data<0>|    3.872(R)|      SLOW  |   -2.307(R)|      FAST  |clk_BUFGP         |   0.000|
baseram_data<1>|    1.457(R)|      SLOW  |   -0.807(R)|      SLOW  |clk_BUFGP         |   0.000|
baseram_data<2>|    1.761(R)|      SLOW  |   -1.029(R)|      FAST  |clk_BUFGP         |   0.000|
baseram_data<3>|    1.718(R)|      SLOW  |   -1.012(R)|      FAST  |clk_BUFGP         |   0.000|
read_enable    |    3.744(R)|      SLOW  |   -1.559(R)|      FAST  |clk_BUFGP         |   0.000|
rst            |    4.433(R)|      SLOW  |   -2.367(R)|      FAST  |clk_BUFGP         |   0.000|
user_addr<0>   |    4.174(R)|      SLOW  |   -2.580(R)|      FAST  |clk_BUFGP         |   0.000|
user_addr<1>   |    2.401(R)|      SLOW  |   -1.471(R)|      FAST  |clk_BUFGP         |   0.000|
user_addr<2>   |    2.145(R)|      SLOW  |   -1.288(R)|      FAST  |clk_BUFGP         |   0.000|
user_addr<3>   |    2.032(R)|      SLOW  |   -1.300(R)|      FAST  |clk_BUFGP         |   0.000|
user_addr<4>   |    2.905(R)|      SLOW  |   -1.874(R)|      FAST  |clk_BUFGP         |   0.000|
user_addr<5>   |    2.375(R)|      SLOW  |   -1.554(R)|      FAST  |clk_BUFGP         |   0.000|
user_addr<6>   |    2.997(R)|      SLOW  |   -2.100(R)|      FAST  |clk_BUFGP         |   0.000|
user_addr<7>   |    2.674(R)|      SLOW  |   -1.736(R)|      FAST  |clk_BUFGP         |   0.000|
user_data<0>   |    3.216(R)|      SLOW  |   -2.166(R)|      FAST  |clk_BUFGP         |   0.000|
user_data<1>   |    4.801(R)|      SLOW  |   -3.064(R)|      FAST  |clk_BUFGP         |   0.000|
user_data<2>   |    4.852(R)|      SLOW  |   -3.127(R)|      FAST  |clk_BUFGP         |   0.000|
user_data<3>   |    4.988(R)|      SLOW  |   -3.215(R)|      FAST  |clk_BUFGP         |   0.000|
write_enable   |    2.789(R)|      SLOW  |   -1.608(R)|      FAST  |clk_BUFGP         |   0.000|
---------------+------------+------------+------------+------------+------------------+--------+

Clock clk to Pad
----------------+-----------------+------------+-----------------+------------+------------------+--------+
                |Max (slowest) clk|  Process   |Min (fastest) clk|  Process   |                  | Clock  |
Destination     |  (edge) to PAD  |   Corner   |  (edge) to PAD  |   Corner   |Internal Clock(s) | Phase  |
----------------+-----------------+------------+-----------------+------------+------------------+--------+
baseram_addr<0> |         9.262(R)|      SLOW  |         5.134(R)|      FAST  |clk_BUFGP         |   0.000|
baseram_addr<1> |         9.554(R)|      SLOW  |         5.301(R)|      FAST  |clk_BUFGP         |   0.000|
baseram_addr<2> |         9.238(R)|      SLOW  |         5.118(R)|      FAST  |clk_BUFGP         |   0.000|
baseram_addr<3> |         9.307(R)|      SLOW  |         5.117(R)|      FAST  |clk_BUFGP         |   0.000|
baseram_addr<4> |         9.234(R)|      SLOW  |         5.103(R)|      FAST  |clk_BUFGP         |   0.000|
baseram_addr<5> |        13.336(R)|      SLOW  |         7.507(R)|      FAST  |clk_BUFGP         |   0.000|
baseram_addr<6> |        13.242(R)|      SLOW  |         7.513(R)|      FAST  |clk_BUFGP         |   0.000|
baseram_addr<7> |        13.075(R)|      SLOW  |         7.384(R)|      FAST  |clk_BUFGP         |   0.000|
baseram_ce      |         8.917(R)|      SLOW  |         4.805(R)|      FAST  |clk_BUFGP         |   0.000|
baseram_data<0> |        12.734(R)|      SLOW  |         6.347(R)|      FAST  |clk_BUFGP         |   0.000|
baseram_data<1> |        16.034(R)|      SLOW  |         5.038(R)|      FAST  |clk_BUFGP         |   0.000|
baseram_data<2> |        15.311(R)|      SLOW  |         5.371(R)|      FAST  |clk_BUFGP         |   0.000|
baseram_data<3> |        15.673(R)|      SLOW  |         5.252(R)|      FAST  |clk_BUFGP         |   0.000|
baseram_data<4> |        16.356(R)|      SLOW  |         9.220(R)|      FAST  |clk_BUFGP         |   0.000|
baseram_data<5> |        13.254(R)|      SLOW  |         7.344(R)|      FAST  |clk_BUFGP         |   0.000|
baseram_data<6> |        11.411(R)|      SLOW  |         6.204(R)|      FAST  |clk_BUFGP         |   0.000|
baseram_data<7> |        15.648(R)|      SLOW  |         8.792(R)|      FAST  |clk_BUFGP         |   0.000|
baseram_data<8> |        13.390(R)|      SLOW  |         7.429(R)|      FAST  |clk_BUFGP         |   0.000|
baseram_data<9> |        12.861(R)|      SLOW  |         7.113(R)|      FAST  |clk_BUFGP         |   0.000|
baseram_data<10>|        13.099(R)|      SLOW  |         7.266(R)|      FAST  |clk_BUFGP         |   0.000|
baseram_data<11>|        12.041(R)|      SLOW  |         6.527(R)|      FAST  |clk_BUFGP         |   0.000|
baseram_data<12>|        12.041(R)|      SLOW  |         6.527(R)|      FAST  |clk_BUFGP         |   0.000|
baseram_data<13>|        14.429(R)|      SLOW  |         8.103(R)|      FAST  |clk_BUFGP         |   0.000|
baseram_data<14>|        14.429(R)|      SLOW  |         8.103(R)|      FAST  |clk_BUFGP         |   0.000|
baseram_data<15>|        14.194(R)|      SLOW  |         7.973(R)|      FAST  |clk_BUFGP         |   0.000|
baseram_data<16>|        11.784(R)|      SLOW  |         6.437(R)|      FAST  |clk_BUFGP         |   0.000|
baseram_data<17>|        11.784(R)|      SLOW  |         6.437(R)|      FAST  |clk_BUFGP         |   0.000|
baseram_data<18>|        11.918(R)|      SLOW  |         6.507(R)|      FAST  |clk_BUFGP         |   0.000|
baseram_data<19>|        12.173(R)|      SLOW  |         6.683(R)|      FAST  |clk_BUFGP         |   0.000|
baseram_data<20>|        14.686(R)|      SLOW  |         8.198(R)|      FAST  |clk_BUFGP         |   0.000|
baseram_data<21>|        14.686(R)|      SLOW  |         8.198(R)|      FAST  |clk_BUFGP         |   0.000|
baseram_data<22>|        16.009(R)|      SLOW  |         9.013(R)|      FAST  |clk_BUFGP         |   0.000|
baseram_data<23>|        15.286(R)|      SLOW  |         8.570(R)|      FAST  |clk_BUFGP         |   0.000|
baseram_data<24>|        14.104(R)|      SLOW  |         7.913(R)|      FAST  |clk_BUFGP         |   0.000|
baseram_data<25>|        14.104(R)|      SLOW  |         7.913(R)|      FAST  |clk_BUFGP         |   0.000|
baseram_data<26>|        13.099(R)|      SLOW  |         7.266(R)|      FAST  |clk_BUFGP         |   0.000|
baseram_data<27>|        13.078(R)|      SLOW  |         7.266(R)|      FAST  |clk_BUFGP         |   0.000|
baseram_data<28>|        13.078(R)|      SLOW  |         7.266(R)|      FAST  |clk_BUFGP         |   0.000|
baseram_data<29>|        12.560(R)|      SLOW  |         6.888(R)|      FAST  |clk_BUFGP         |   0.000|
baseram_data<30>|        12.777(R)|      SLOW  |         7.041(R)|      FAST  |clk_BUFGP         |   0.000|
baseram_data<31>|        12.777(R)|      SLOW  |         7.041(R)|      FAST  |clk_BUFGP         |   0.000|
baseram_oe      |        11.337(R)|      SLOW  |         6.199(R)|      FAST  |clk_BUFGP         |   0.000|
baseram_we      |         8.259(R)|      SLOW  |         4.419(R)|      FAST  |clk_BUFGP         |   0.000|
segdisp0<0>     |        11.801(R)|      SLOW  |         6.162(R)|      FAST  |clk_BUFGP         |   0.000|
segdisp0<1>     |        11.897(R)|      SLOW  |         6.267(R)|      FAST  |clk_BUFGP         |   0.000|
segdisp0<2>     |        11.799(R)|      SLOW  |         6.229(R)|      FAST  |clk_BUFGP         |   0.000|
segdisp0<3>     |        12.027(R)|      SLOW  |         6.337(R)|      FAST  |clk_BUFGP         |   0.000|
segdisp0<4>     |        11.828(R)|      SLOW  |         6.296(R)|      FAST  |clk_BUFGP         |   0.000|
segdisp0<5>     |        12.058(R)|      SLOW  |         6.360(R)|      FAST  |clk_BUFGP         |   0.000|
segdisp0<6>     |        11.808(R)|      SLOW  |         6.163(R)|      FAST  |clk_BUFGP         |   0.000|
----------------+-----------------+------------+-----------------+------------+------------------+--------+

Clock to Setup on destination clock clk
---------------+---------+---------+---------+---------+
               | Src:Rise| Src:Fall| Src:Rise| Src:Fall|
Source Clock   |Dest:Rise|Dest:Rise|Dest:Fall|Dest:Fall|
---------------+---------+---------+---------+---------+
clk            |    4.135|         |         |         |
---------------+---------+---------+---------+---------+


Analysis completed Sat Nov 28 21:54:49 2015 
--------------------------------------------------------------------------------

Trace Settings:
-------------------------
Trace Settings 

Peak Memory Usage: 261 MB



